2026-03-09 16:05:29.001 13470-13503 gralloc4                com.tacke.music                      E  Empty SMPTE 2094-40 data
2026-03-09 16:05:29.007 13470-13503 gralloc4                com.tacke.music                      E  Empty SMPTE 2094-40 data
2026-03-09 16:05:29.008 13470-13503 gralloc4                com.tacke.music                      E  Empty SMPTE 2094-40 data
2026-03-09 16:05:29.021 13470-13503 gralloc4                com.tacke.music                      E  Empty SMPTE 2094-40 data
2026-03-09 16:05:29.023 13470-13503 gralloc4                com.tacke.music                      E  Empty SMPTE 2094-40 data
2026-03-09 16:05:29.024 13470-13503 gralloc4                com.tacke.music                      E  Empty SMPTE 2094-40 data
2026-03-09 16:05:29.034 13470-13503 gralloc4                com.tacke.music                      E  Empty SMPTE 2094-40 data
2026-03-09 16:05:29.036 13470-13503 gralloc4                com.tacke.music                      E  Empty SMPTE 2094-40 data
2026-03-09 16:05:29.040 13470-13503 gralloc4                com.tacke.music                      E  Empty SMPTE 2094-40 data
2026-03-09 16:05:29.041 13470-13503 gralloc4                com.tacke.music                      E  Empty SMPTE 2094-40 data
2026-03-09 16:05:29.049 13470-13503 gralloc4                com.tacke.music                      E  Empty SMPTE 2094-40 data
2026-03-09 16:05:29.050 13470-13503 gralloc4                com.tacke.music                      E  Empty SMPTE 2094-40 data
2026-03-09 16:05:29.057 13470-13503 gralloc4                com.tacke.music                      E  Empty SMPTE 2094-40 data
2026-03-09 16:05:29.059 13470-13503 gralloc4                com.tacke.music                      E  Empty SMPTE 2094-40 data
2026-03-09 16:05:29.066 13470-13503 gralloc4                com.tacke.music                      E  Empty SMPTE 2094-40 data
2026-03-09 16:05:29.074 13470-13503 gralloc4                com.tacke.music                      E  Empty SMPTE 2094-40 data
2026-03-09 16:05:29.082 13470-13503 gralloc4                com.tacke.music                      E  Empty SMPTE 2094-40 data
2026-03-09 16:05:29.093 13470-13503 gralloc4                com.tacke.music                      E  Empty SMPTE 2094-40 data
2026-03-09 16:05:29.099 13470-13503 gralloc4                com.tacke.music                      E  Empty SMPTE 2094-40 data
2026-03-09 16:05:29.107 13470-13503 gralloc4                com.tacke.music                      E  Empty SMPTE 2094-40 data
2026-03-09 16:05:29.116 13470-13503 gralloc4                com.tacke.music                      E  Empty SMPTE 2094-40 data
2026-03-09 16:05:29.124 13470-13503 gralloc4                com.tacke.music                      E  Empty SMPTE 2094-40 data
2026-03-09 16:05:29.134 13470-13503 gralloc4                com.tacke.music                      E  Empty SMPTE 2094-40 data
2026-03-09 16:05:29.140 13470-13503 gralloc4                com.tacke.music                      E  Empty SMPTE 2094-40 data
2026-03-09 16:05:29.149 13470-13503 gralloc4                com.tacke.music                      E  Empty SMPTE 2094-40 data
2026-03-09 16:05:29.158 13470-13503 gralloc4                com.tacke.music                      E  Empty SMPTE 2094-40 data
2026-03-09 16:05:29.165 13470-13503 gralloc4                com.tacke.music                      E  Empty SMPTE 2094-40 data
2026-03-09 16:05:29.176 13470-13503 gralloc4                com.tacke.music                      E  Empty SMPTE 2094-40 data
2026-03-09 16:05:29.182 13470-13503 gralloc4                com.tacke.music                      E  Empty SMPTE 2094-40 data
2026-03-09 16:05:29.190 13470-13503 gralloc4                com.tacke.music                      E  Empty SMPTE 2094-40 data
2026-03-09 16:05:29.198 13470-13503 gralloc4                com.tacke.music                      E  Empty SMPTE 2094-40 data
2026-03-09 16:05:29.206 13470-13503 gralloc4                com.tacke.music                      E  Empty SMPTE 2094-40 data
2026-03-09 16:05:29.214 13470-13503 gralloc4                com.tacke.music                      E  Empty SMPTE 2094-40 data
2026-03-09 16:05:29.222 13470-13503 gralloc4                com.tacke.music                      E  Empty SMPTE 2094-40 data
2026-03-09 16:05:29.231 13470-13503 gralloc4                com.tacke.music                      E  Empty SMPTE 2094-40 data
2026-03-09 16:05:29.239 13470-13503 gralloc4                com.tacke.music                      E  Empty SMPTE 2094-40 data
2026-03-09 16:05:29.247 13470-13503 gralloc4                com.tacke.music                      E  Empty SMPTE 2094-40 data
2026-03-09 16:05:29.258 13470-13503 gralloc4                com.tacke.music                      E  Empty SMPTE 2094-40 data
2026-03-09 16:05:29.264 13470-13503 gralloc4                com.tacke.music                      E  Empty SMPTE 2094-40 data
2026-03-09 16:05:29.272 13470-13503 gralloc4                com.tacke.music                      E  Empty SMPTE 2094-40 data
2026-03-09 16:05:29.280 13470-13503 gralloc4                com.tacke.music                      E  Empty SMPTE 2094-40 data
2026-03-09 16:05:29.289 13470-13503 gralloc4                com.tacke.music                      E  Empty SMPTE 2094-40 data
2026-03-09 16:05:29.297 13470-13503 gralloc4                com.tacke.music                      E  Empty SMPTE 2094-40 data
2026-03-09 16:05:29.307 13470-13503 gralloc4                com.tacke.music                      E  Empty SMPTE 2094-40 data
2026-03-09 16:05:29.313 13470-13503 gralloc4                com.tacke.music                      E  Empty SMPTE 2094-40 data
2026-03-09 16:05:29.321 13470-13503 gralloc4                com.tacke.music                      E  Empty SMPTE 2094-40 data
2026-03-09 16:05:29.330 13470-13503 gralloc4                com.tacke.music                      E  Empty SMPTE 2094-40 data
2026-03-09 16:05:29.339 13470-13503 gralloc4                com.tacke.music                      E  Empty SMPTE 2094-40 data
2026-03-09 16:05:29.347 13470-13503 gralloc4                com.tacke.music                      E  Empty SMPTE 2094-40 data
2026-03-09 16:05:29.355 13470-13503 gralloc4                com.tacke.music                      E  Empty SMPTE 2094-40 data
2026-03-09 16:05:29.363 13470-13503 gralloc4                com.tacke.music                      E  Empty SMPTE 2094-40 data
2026-03-09 16:05:29.371 13470-13503 gralloc4                com.tacke.music                      E  Empty SMPTE 2094-40 data
2026-03-09 16:05:29.379 13470-13503 gralloc4                com.tacke.music                      E  Empty SMPTE 2094-40 data
2026-03-09 16:05:29.388 13470-13503 gralloc4                com.tacke.music                      E  Empty SMPTE 2094-40 data
2026-03-09 16:05:29.406 13470-13503 gralloc4                com.tacke.music                      E  Empty SMPTE 2094-40 data
2026-03-09 16:05:29.409 13470-13503 gralloc4                com.tacke.music                      E  Empty SMPTE 2094-40 data
2026-03-09 16:05:29.413 13470-13503 gralloc4                com.tacke.music                      E  Empty SMPTE 2094-40 data
2026-03-09 16:05:29.420 13470-13503 gralloc4                com.tacke.music                      E  Empty SMPTE 2094-40 data
2026-03-09 16:05:29.421 13470-13503 gralloc4                com.tacke.music                      E  Empty SMPTE 2094-40 data
2026-03-09 16:05:29.429 13470-13503 gralloc4                com.tacke.music                      E  Empty SMPTE 2094-40 data
2026-03-09 16:05:29.449 13470-13503 OpenGLRenderer          com.tacke.music                      D  endAllActiveAnimators on 0xb40000737b92dc00 (LinearLayout) with handle 0xb40000737bb38ae0
2026-03-09 16:05:29.459 13470-13470 BLASTBufferQueue        com.tacke.music                      D  [VRI[ProfileActivity]#10](f:0,a:1) destructor()
2026-03-09 16:05:29.459 13470-13470 BufferQueueConsumer     com.tacke.music                      D  [VRI[ProfileActivity]#10(BLAST Consumer)10](id:349e0000000a,api:0,p:-1,c:13470) disconnect
2026-03-09 16:05:29.474 13470-13503 gralloc4                com.tacke.music                      E  Empty SMPTE 2094-40 data
2026-03-09 16:05:29.912 13470-13503 gralloc4                com.tacke.music                      E  Empty SMPTE 2094-40 data
2026-03-09 16:05:29.974 13470-13503 gralloc4                com.tacke.music                      E  Empty SMPTE 2094-40 data
2026-03-09 16:05:30.421 13470-13503 gralloc4                com.tacke.music                      E  Empty SMPTE 2094-40 data
2026-03-09 16:05:30.462 13470-13503 gralloc4                com.tacke.music                      E  Empty SMPTE 2094-40 data
2026-03-09 16:05:30.927 13470-13503 gralloc4                com.tacke.music                      E  Empty SMPTE 2094-40 data
2026-03-09 16:05:30.982 13470-13503 gralloc4                com.tacke.music                      E  Empty SMPTE 2094-40 data
2026-03-09 16:05:31.446 13470-13503 gralloc4                com.tacke.music                      E  Empty SMPTE 2094-40 data
2026-03-09 16:05:31.503 13470-13503 gralloc4                com.tacke.music                      E  Empty SMPTE 2094-40 data
2026-03-09 16:05:31.983 13470-13503 gralloc4                com.tacke.music                      E  Empty SMPTE 2094-40 data
2026-03-09 16:05:32.022 13470-13503 gralloc4                com.tacke.music                      E  Empty SMPTE 2094-40 data
2026-03-09 16:05:32.479 13470-13503 gralloc4                com.tacke.music                      E  Empty SMPTE 2094-40 data
2026-03-09 16:05:32.519 13470-13503 gralloc4                com.tacke.music                      E  Empty SMPTE 2094-40 data
2026-03-09 16:05:32.989 13470-13503 gralloc4                com.tacke.music                      E  Empty SMPTE 2094-40 data
2026-03-09 16:05:33.021 13470-13503 gralloc4                com.tacke.music                      E  Empty SMPTE 2094-40 data
2026-03-09 16:05:33.042 13470-13518 DownloadManager         com.tacke.music                      D  Download completed successfully: 天和山雨雪
2026-03-09 16:05:33.072 13470-13503 gralloc4                com.tacke.music                      E  Empty SMPTE 2094-40 data
2026-03-09 16:05:33.096 13470-13503 gralloc4                com.tacke.music                      E  Empty SMPTE 2094-40 data
2026-03-09 16:05:33.505 13470-13503 gralloc4                com.tacke.music                      E  Empty SMPTE 2094-40 data
2026-03-09 16:05:33.791 13470-13512 DownloadManager         com.tacke.music                      D  Download completed successfully: 你奔向春野
2026-03-09 16:05:33.823 13470-13503 gralloc4                com.tacke.music                      E  Empty SMPTE 2094-40 data
2026-03-09 16:05:33.848 13470-13503 gralloc4                com.tacke.music                      E  Empty SMPTE 2094-40 data
2026-03-09 16:05:34.423 13470-13503 gralloc4                com.tacke.music                      E  Empty SMPTE 2094-40 data
2026-03-09 16:05:34.428 13470-13503 gralloc4                com.tacke.music                      E  Empty SMPTE 2094-40 data
2026-03-09 16:05:34.436 13470-13503 gralloc4                com.tacke.music                      E  Empty SMPTE 2094-40 data
2026-03-09 16:05:34.443 13470-13503 gralloc4                com.tacke.music                      E  Empty SMPTE 2094-40 data
2026-03-09 16:05:34.452 13470-13503 gralloc4                com.tacke.music                      E  Empty SMPTE 2094-40 data
2026-03-09 16:05:34.461 13470-13503 gralloc4                com.tacke.music                      E  Empty SMPTE 2094-40 data
2026-03-09 16:05:34.471 13470-13503 gralloc4                com.tacke.music                      E  Empty SMPTE 2094-40 data
2026-03-09 16:05:34.480 13470-13503 gralloc4                com.tacke.music                      E  Empty SMPTE 2094-40 data
2026-03-09 16:05:34.488 13470-13503 gralloc4                com.tacke.music                      E  Empty SMPTE 2094-40 data
2026-03-09 16:05:34.495 13470-13503 gralloc4                com.tacke.music                      E  Empty SMPTE 2094-40 data
2026-03-09 16:05:34.504 13470-13503 gralloc4                com.tacke.music                      E  Empty SMPTE 2094-40 data
2026-03-09 16:05:34.512 13470-13503 gralloc4                com.tacke.music                      E  Empty SMPTE 2094-40 data
2026-03-09 16:05:34.520 13470-13503 gralloc4                com.tacke.music                      E  Empty SMPTE 2094-40 data
2026-03-09 16:05:34.528 13470-13503 gralloc4                com.tacke.music                      E  Empty SMPTE 2094-40 data
2026-03-09 16:05:34.536 13470-13503 gralloc4                com.tacke.music                      E  Empty SMPTE 2094-40 data
2026-03-09 16:05:34.547 13470-13503 gralloc4                com.tacke.music                      E  Empty SMPTE 2094-40 data
2026-03-09 16:05:34.551 13470-13503 gralloc4                com.tacke.music                      E  Empty SMPTE 2094-40 data
2026-03-09 16:05:34.561 13470-13503 gralloc4                com.tacke.music                      E  Empty SMPTE 2094-40 data
2026-03-09 16:05:34.569 13470-13503 gralloc4                com.tacke.music                      E  Empty SMPTE 2094-40 data
2026-03-09 16:05:34.578 13470-13503 gralloc4                com.tacke.music                      E  Empty SMPTE 2094-40 data
2026-03-09 16:05:34.586 13470-13503 gralloc4                com.tacke.music                      E  Empty SMPTE 2094-40 data
2026-03-09 16:05:34.594 13470-13503 gralloc4                com.tacke.music                      E  Empty SMPTE 2094-40 data
2026-03-09 16:05:34.603 13470-13503 gralloc4                com.tacke.music                      E  Empty SMPTE 2094-40 data
2026-03-09 16:05:34.610 13470-13503 gralloc4                com.tacke.music                      E  Empty SMPTE 2094-40 data
2026-03-09 16:05:34.619 13470-13503 gralloc4                com.tacke.music                      E  Empty SMPTE 2094-40 data
2026-03-09 16:05:34.626 13470-13503 gralloc4                com.tacke.music                      E  Empty SMPTE 2094-40 data
2026-03-09 16:05:34.635 13470-13503 gralloc4                com.tacke.music                      E  Empty SMPTE 2094-40 data
2026-03-09 16:05:34.644 13470-13503 gralloc4                com.tacke.music                      E  Empty SMPTE 2094-40 data
2026-03-09 16:05:34.651 13470-13503 gralloc4                com.tacke.music                      E  Empty SMPTE 2094-40 data
2026-03-09 16:05:34.660 13470-13503 gralloc4                com.tacke.music                      E  Empty SMPTE 2094-40 data
2026-03-09 16:05:34.669 13470-13503 gralloc4                com.tacke.music                      E  Empty SMPTE 2094-40 data
2026-03-09 16:05:34.677 13470-13503 gralloc4                com.tacke.music                      E  Empty SMPTE 2094-40 data
2026-03-09 16:05:34.684 13470-13503 gralloc4                com.tacke.music                      E  Empty SMPTE 2094-40 data
2026-03-09 16:05:34.693 13470-13503 gralloc4                com.tacke.music                      E  Empty SMPTE 2094-40 data
2026-03-09 16:05:34.700 13470-13503 gralloc4                com.tacke.music                      E  Empty SMPTE 2094-40 data
2026-03-09 16:05:34.709 13470-13503 gralloc4                com.tacke.music                      E  Empty SMPTE 2094-40 data
2026-03-09 16:05:34.717 13470-13503 gralloc4                com.tacke.music                      E  Empty SMPTE 2094-40 data
2026-03-09 16:05:34.727 13470-13503 gralloc4                com.tacke.music                      E  Empty SMPTE 2094-40 data
2026-03-09 16:05:34.734 13470-13503 gralloc4                com.tacke.music                      E  Empty SMPTE 2094-40 data
2026-03-09 16:05:34.743 13470-13503 gralloc4                com.tacke.music                      E  Empty SMPTE 2094-40 data
2026-03-09 16:05:34.750 13470-13503 gralloc4                com.tacke.music                      E  Empty SMPTE 2094-40 data
2026-03-09 16:05:34.760 13470-13503 gralloc4                com.tacke.music                      E  Empty SMPTE 2094-40 data
2026-03-09 16:05:34.768 13470-13503 gralloc4                com.tacke.music                      E  Empty SMPTE 2094-40 data
2026-03-09 16:05:34.776 13470-13503 gralloc4                com.tacke.music                      E  Empty SMPTE 2094-40 data
2026-03-09 16:05:34.784 13470-13503 gralloc4                com.tacke.music                      E  Empty SMPTE 2094-40 data
2026-03-09 16:05:34.792 13470-13503 gralloc4                com.tacke.music                      E  Empty SMPTE 2094-40 data
2026-03-09 16:05:34.800 13470-13503 gralloc4                com.tacke.music                      E  Empty SMPTE 2094-40 data
2026-03-09 16:05:34.809 13470-13503 gralloc4                com.tacke.music                      E  Empty SMPTE 2094-40 data
2026-03-09 16:05:34.817 13470-13503 gralloc4                com.tacke.music                      E  Empty SMPTE 2094-40 data
2026-03-09 16:05:34.825 13470-13503 gralloc4                com.tacke.music                      E  Empty SMPTE 2094-40 data
2026-03-09 16:05:34.833 13470-13503 gralloc4                com.tacke.music                      E  Empty SMPTE 2094-40 data
2026-03-09 16:05:34.842 13470-13503 gralloc4                com.tacke.music                      E  Empty SMPTE 2094-40 data
2026-03-09 16:05:34.850 13470-13503 gralloc4                com.tacke.music                      E  Empty SMPTE 2094-40 data
2026-03-09 16:05:34.858 13470-13503 gralloc4                com.tacke.music                      E  Empty SMPTE 2094-40 data
2026-03-09 16:05:34.867 13470-13503 gralloc4                com.tacke.music                      E  Empty SMPTE 2094-40 data
2026-03-09 16:05:34.875 13470-13503 gralloc4                com.tacke.music                      E  Empty SMPTE 2094-40 data
2026-03-09 16:05:34.883 13470-13503 gralloc4                com.tacke.music                      E  Empty SMPTE 2094-40 data
2026-03-09 16:05:34.891 13470-13503 gralloc4                com.tacke.music                      E  Empty SMPTE 2094-40 data
2026-03-09 16:05:34.900 13470-13503 gralloc4                com.tacke.music                      E  Empty SMPTE 2094-40 data
2026-03-09 16:05:34.907 13470-13503 gralloc4                com.tacke.music                      E  Empty SMPTE 2094-40 data
2026-03-09 16:05:34.916 13470-13503 gralloc4                com.tacke.music                      E  Empty SMPTE 2094-40 data
2026-03-09 16:05:34.924 13470-13503 gralloc4                com.tacke.music                      E  Empty SMPTE 2094-40 data
2026-03-09 16:05:34.933 13470-13503 gralloc4                com.tacke.music                      E  Empty SMPTE 2094-40 data
2026-03-09 16:05:34.940 13470-13503 gralloc4                com.tacke.music                      E  Empty SMPTE 2094-40 data
2026-03-09 16:05:34.949 13470-13503 gralloc4                com.tacke.music                      E  Empty SMPTE 2094-40 data
2026-03-09 16:05:34.957 13470-13503 gralloc4                com.tacke.music                      E  Empty SMPTE 2094-40 data
2026-03-09 16:05:34.966 13470-13503 gralloc4                com.tacke.music                      E  Empty SMPTE 2094-40 data
2026-03-09 16:05:34.973 13470-13503 gralloc4                com.tacke.music                      E  Empty SMPTE 2094-40 data
2026-03-09 16:05:34.982 13470-13503 gralloc4                com.tacke.music                      E  Empty SMPTE 2094-40 data
2026-03-09 16:05:34.991 13470-13503 gralloc4                com.tacke.music                      E  Empty SMPTE 2094-40 data
2026-03-09 16:05:34.999 13470-13503 gralloc4                com.tacke.music                      E  Empty SMPTE 2094-40 data
2026-03-09 16:05:35.006 13470-13503 gralloc4                com.tacke.music                      E  Empty SMPTE 2094-40 data
2026-03-09 16:05:35.015 13470-13503 gralloc4                com.tacke.music                      E  Empty SMPTE 2094-40 data
2026-03-09 16:05:35.023 13470-13503 gralloc4                com.tacke.music                      E  Empty SMPTE 2094-40 data
2026-03-09 16:05:35.032 13470-13503 gralloc4                com.tacke.music                      E  Empty SMPTE 2094-40 data
2026-03-09 16:05:35.039 13470-13503 gralloc4                com.tacke.music                      E  Empty SMPTE 2094-40 data
2026-03-09 16:05:35.048 13470-13503 gralloc4                com.tacke.music                      E  Empty SMPTE 2094-40 data
2026-03-09 16:05:35.056 13470-13503 gralloc4                com.tacke.music                      E  Empty SMPTE 2094-40 data
2026-03-09 16:05:35.065 13470-13503 gralloc4                com.tacke.music                      E  Empty SMPTE 2094-40 data
2026-03-09 16:05:35.073 13470-13503 gralloc4                com.tacke.music                      E  Empty SMPTE 2094-40 data
2026-03-09 16:05:35.081 13470-13503 gralloc4                com.tacke.music                      E  Empty SMPTE 2094-40 data
2026-03-09 16:05:35.089 13470-13503 gralloc4                com.tacke.music                      E  Empty SMPTE 2094-40 data
2026-03-09 16:05:35.098 13470-13503 gralloc4                com.tacke.music                      E  Empty SMPTE 2094-40 data
2026-03-09 16:05:35.106 13470-13503 gralloc4                com.tacke.music                      E  Empty SMPTE 2094-40 data
2026-03-09 16:05:35.113 13470-13503 gralloc4                com.tacke.music                      E  Empty SMPTE 2094-40 data
2026-03-09 16:05:35.122 13470-13503 gralloc4                com.tacke.music                      E  Empty SMPTE 2094-40 data
2026-03-09 16:05:35.131 13470-13503 gralloc4                com.tacke.music                      E  Empty SMPTE 2094-40 data
2026-03-09 16:05:35.138 13470-13503 gralloc4                com.tacke.music                      E  Empty SMPTE 2094-40 data
2026-03-09 16:05:35.147 13470-13503 gralloc4                com.tacke.music                      E  Empty SMPTE 2094-40 data
2026-03-09 16:05:35.155 13470-13503 gralloc4                com.tacke.music                      E  Empty SMPTE 2094-40 data
2026-03-09 16:05:35.164 13470-13503 gralloc4                com.tacke.music                      E  Empty SMPTE 2094-40 data
2026-03-09 16:05:35.172 13470-13503 gralloc4                com.tacke.music                      E  Empty SMPTE 2094-40 data
2026-03-09 16:05:35.180 13470-13503 gralloc4                com.tacke.music                      E  Empty SMPTE 2094-40 data
2026-03-09 16:05:35.188 13470-13503 gralloc4                com.tacke.music                      E  Empty SMPTE 2094-40 data
2026-03-09 16:05:35.197 13470-13503 gralloc4                com.tacke.music                      E  Empty SMPTE 2094-40 data
2026-03-09 16:05:35.205 13470-13503 gralloc4                com.tacke.music                      E  Empty SMPTE 2094-40 data
2026-03-09 16:05:35.213 13470-13503 gralloc4                com.tacke.music                      E  Empty SMPTE 2094-40 data
2026-03-09 16:05:35.221 13470-13503 gralloc4                com.tacke.music                      E  Empty SMPTE 2094-40 data
2026-03-09 16:05:35.230 13470-13503 gralloc4                com.tacke.music                      E  Empty SMPTE 2094-40 data
2026-03-09 16:05:35.238 13470-13503 gralloc4                com.tacke.music                      E  Empty SMPTE 2094-40 data
2026-03-09 16:05:35.246 13470-13503 gralloc4                com.tacke.music                      E  Empty SMPTE 2094-40 data
2026-03-09 16:05:35.254 13470-13503 gralloc4                com.tacke.music                      E  Empty SMPTE 2094-40 data
2026-03-09 16:05:35.263 13470-13503 gralloc4                com.tacke.music                      E  Empty SMPTE 2094-40 data
2026-03-09 16:05:35.271 13470-13503 gralloc4                com.tacke.music                      E  Empty SMPTE 2094-40 data
2026-03-09 16:05:35.280 13470-13503 gralloc4                com.tacke.music                      E  Empty SMPTE 2094-40 data
2026-03-09 16:05:35.287 13470-13503 gralloc4                com.tacke.music                      E  Empty SMPTE 2094-40 data
2026-03-09 16:05:35.296 13470-13503 gralloc4                com.tacke.music                      E  Empty SMPTE 2094-40 data
2026-03-09 16:05:35.303 13470-13503 gralloc4                com.tacke.music                      E  Empty SMPTE 2094-40 data
2026-03-09 16:05:35.312 13470-13503 gralloc4                com.tacke.music                      E  Empty SMPTE 2094-40 data
2026-03-09 16:05:35.321 13470-13503 gralloc4                com.tacke.music                      E  Empty SMPTE 2094-40 data
2026-03-09 16:05:35.328 13470-13503 gralloc4                com.tacke.music                      E  Empty SMPTE 2094-40 data
2026-03-09 16:05:37.620 13470-13503 gralloc4                com.tacke.music                      E  Empty SMPTE 2094-40 data
2026-03-09 16:05:37.623 13470-13503 gralloc4                com.tacke.music                      E  Empty SMPTE 2094-40 data
2026-03-09 16:05:37.632 13470-13503 gralloc4                com.tacke.music                      E  Empty SMPTE 2094-40 data
2026-03-09 16:05:37.639 13470-13503 gralloc4                com.tacke.music                      E  Empty SMPTE 2094-40 data
2026-03-09 16:05:37.650 13470-13503 gralloc4                com.tacke.music                      E  Empty SMPTE 2094-40 data
2026-03-09 16:05:37.659 13470-13503 gralloc4                com.tacke.music                      E  Empty SMPTE 2094-40 data
2026-03-09 16:05:37.668 13470-13503 gralloc4                com.tacke.music                      E  Empty SMPTE 2094-40 data
2026-03-09 16:05:37.678 13470-13503 gralloc4                com.tacke.music                      E  Empty SMPTE 2094-40 data
2026-03-09 16:05:37.688 13470-13503 gralloc4                com.tacke.music                      E  Empty SMPTE 2094-40 data
2026-03-09 16:05:37.695 13470-13503 gralloc4                com.tacke.music                      E  Empty SMPTE 2094-40 data
2026-03-09 16:05:37.705 13470-13503 gralloc4                com.tacke.music                      E  Empty SMPTE 2094-40 data
2026-03-09 16:05:37.713 13470-13503 gralloc4                com.tacke.music                      E  Empty SMPTE 2094-40 data
2026-03-09 16:05:37.721 13470-13503 gralloc4                com.tacke.music                      E  Empty SMPTE 2094-40 data
2026-03-09 16:05:37.730 13470-13503 gralloc4                com.tacke.music                      E  Empty SMPTE 2094-40 data
2026-03-09 16:05:37.738 13470-13503 gralloc4                com.tacke.music                      E  Empty SMPTE 2094-40 data
2026-03-09 16:05:37.757 13470-13503 gralloc4                com.tacke.music                      E  Empty SMPTE 2094-40 data
2026-03-09 16:05:37.763 13470-13503 gralloc4                com.tacke.music                      E  Empty SMPTE 2094-40 data
2026-03-09 16:05:37.773 13470-13503 gralloc4                com.tacke.music                      E  Empty SMPTE 2094-40 data
2026-03-09 16:05:37.774 13470-13470 skia                    com.tacke.music                      D  SkJpegCodec::onGetPixels +
2026-03-09 16:05:37.775 13470-13470 DMABUFHEAPS             com.tacke.music                      I  Using DMA-BUF heap named: mtk_mm
2026-03-09 16:05:37.775 13470-13470 skia                    com.tacke.music                      D  stream getLength() not supported, use temp buffer for loading stream, buffer addr 0x7412a71000 length 371343
2026-03-09 16:05:37.775 13470-13470 skia                    com.tacke.music                      D  LoadInputStreamToMem va 0x7412a71000  size 373632
2026-03-09 16:05:37.776 13470-13470 libjpeg-alpha           com.tacke.music                      D  Huffman Builder run in subthread
2026-03-09 16:05:37.776 13470-13470 libjpeg-alpha           com.tacke.music                      D  Tile Decoder (#thread:4, size:512 256 256 256x320, alignment:256x16)
2026-03-09 16:05:37.779 13470-13503 gralloc4                com.tacke.music                      E  Empty SMPTE 2094-40 data
2026-03-09 16:05:37.779 13470-14012 libjpeg-alpha           com.tacke.music                      D  [Hybrid] Wait IRQ thread (14012)
2026-03-09 16:05:37.783 13470-14012 libjpeg-alpha           com.tacke.music                      D  [Hybrid] Wait IRQ thread terminated
2026-03-09 16:05:37.788 13470-13503 gralloc4                com.tacke.music                      E  Empty SMPTE 2094-40 data
2026-03-09 16:05:37.791 13470-13470 skia                    com.tacke.music                      D  SkJpegCodec::onGetPixels -
2026-03-09 16:05:37.796 13470-13503 gralloc4                com.tacke.music                      E  Empty SMPTE 2094-40 data
2026-03-09 16:05:37.803 13470-13503 gralloc4                com.tacke.music                      E  Empty SMPTE 2094-40 data
2026-03-09 16:05:37.806 13470-13470 BufferQueueConsumer     com.tacke.music                      D  [](id:349e0000000c,api:0,p:-1,c:13470) connect: controlledByApp=false
2026-03-09 16:05:37.816 13470-13503 gralloc4                com.tacke.music                      E  Empty SMPTE 2094-40 data
2026-03-09 16:05:37.817 13470-13503 BLASTBufferQueue        com.tacke.music                      D  [VRI[ProfileActivity]#12](f:0,a:1) acquireNextBufferLocked size=1440x3200 mFrameNumber=1 applyTransaction=true mTimestamp=591388908560633(auto) mPendingTransactions.size=0 graphicBufferId=57853209477168 transform=0
2026-03-09 16:05:37.818 13470-13503 gralloc4                com.tacke.music                      E  Empty SMPTE 2094-40 data
2026-03-09 16:05:37.818 13470-13470 DecorView[]             com.tacke.music                      D  onWindowFocusChanged hasWindowFocus false
2026-03-09 16:05:37.830 13470-13470 skia                    com.tacke.music                      D  SkJpegCodec::onGetPixels +
2026-03-09 16:05:37.831 13470-13503 gralloc4                com.tacke.music                      E  Empty SMPTE 2094-40 data
2026-03-09 16:05:37.831 13470-13470 DMABUFHEAPS             com.tacke.music                      I  Using DMA-BUF heap named: mtk_mm
2026-03-09 16:05:37.832 13470-13470 skia                    com.tacke.music                      D  stream getLength() not supported, use temp buffer for loading stream, buffer addr 0x7412a71000 length 371343
2026-03-09 16:05:37.832 13470-13470 skia                    com.tacke.music                      D  LoadInputStreamToMem va 0x7412a71000  size 373632
2026-03-09 16:05:37.832 13470-13470 libjpeg-alpha           com.tacke.music                      D  Huffman Builder run in subthread
2026-03-09 16:05:37.833 13470-13470 libjpeg-alpha           com.tacke.music                      D  Tile Decoder (#thread:4, size:512 256 256 256x320, alignment:256x16)
2026-03-09 16:05:37.835 13470-14029 libjpeg-alpha           com.tacke.music                      D  [Hybrid] Wait IRQ thread (14029)
2026-03-09 16:05:37.837 13470-13503 gralloc4                com.tacke.music                      E  Empty SMPTE 2094-40 data
2026-03-09 16:05:37.841 13470-14029 libjpeg-alpha           com.tacke.music                      D  [Hybrid] Wait IRQ thread terminated
2026-03-09 16:05:37.845 13470-13503 gralloc4                com.tacke.music                      E  Empty SMPTE 2094-40 data
2026-03-09 16:05:37.848 13470-13470 skia                    com.tacke.music                      D  SkJpegCodec::onGetPixels -
2026-03-09 16:05:37.855 13470-13503 gralloc4                com.tacke.music                      E  Empty SMPTE 2094-40 data
2026-03-09 16:05:37.859  2463-2973  ActivityManagerWrapper  com.miui.home                        E  getRecentTasks: mainTaskId=2861   userId=0   baseIntent=Intent { act=android.intent.action.MAIN flag=270532608 cmp=ComponentInfo{com.tacke.music/com.tacke.music.ui.MainActivity} }
2026-03-09 16:05:37.862 13470-13503 gralloc4                com.tacke.music                      E  Empty SMPTE 2094-40 data
2026-03-09 16:05:37.864 13470-13503 gralloc4                com.tacke.music                      E  Empty SMPTE 2094-40 data
2026-03-09 16:05:37.865 13470-13470 DecorView[]             com.tacke.music                      D  onWindowFocusChanged hasWindowFocus true
2026-03-09 16:05:37.865 13470-13470 HandWritingStubImpl     com.tacke.music                      I  refreshLastKeyboardType: 1
2026-03-09 16:05:37.865 13470-13470 HandWritingStubImpl     com.tacke.music                      I  getCurrentKeyboardType: 1
2026-03-09 16:05:37.869 13470-13503 gralloc4                com.tacke.music                      E  Empty SMPTE 2094-40 data
2026-03-09 16:05:37.873 13470-13503 gralloc4                com.tacke.music                      E  Empty SMPTE 2094-40 data
2026-03-09 16:05:37.877 13470-13503 gralloc4                com.tacke.music                      E  Empty SMPTE 2094-40 data
2026-03-09 16:05:37.879 13470-13503 gralloc4                com.tacke.music                      E  Empty SMPTE 2094-40 data
2026-03-09 16:05:37.880  2463-2973  ActivityManagerWrapper  com.miui.home                        E  getRecentTasks: mainTaskId=2861   userId=0   baseIntent=Intent { act=android.intent.action.MAIN flag=270532608 cmp=ComponentInfo{com.tacke.music/com.tacke.music.ui.MainActivity} }
2026-03-09 16:05:37.886 13470-13503 gralloc4                com.tacke.music                      E  Empty SMPTE 2094-40 data
2026-03-09 16:05:37.888 13470-13503 gralloc4                com.tacke.music                      E  Empty SMPTE 2094-40 data
2026-03-09 16:05:37.893 13470-13503 gralloc4                com.tacke.music                      E  Empty SMPTE 2094-40 data
2026-03-09 16:05:37.895 13470-13503 gralloc4                com.tacke.music                      E  Empty SMPTE 2094-40 data
2026-03-09 16:05:37.904 13470-13503 gralloc4                com.tacke.music                      E  Empty SMPTE 2094-40 data
2026-03-09 16:05:37.905 13470-13503 gralloc4                com.tacke.music                      E  Empty SMPTE 2094-40 data
2026-03-09 16:05:37.910 13470-13503 gralloc4                com.tacke.music                      E  Empty SMPTE 2094-40 data
2026-03-09 16:05:37.912 13470-13503 gralloc4                com.tacke.music                      E  Empty SMPTE 2094-40 data
2026-03-09 16:05:37.918 13470-13503 gralloc4                com.tacke.music                      E  Empty SMPTE 2094-40 data
2026-03-09 16:05:37.920 13470-13503 gralloc4                com.tacke.music                      E  Empty SMPTE 2094-40 data
2026-03-09 16:05:37.926 13470-13503 gralloc4                com.tacke.music                      E  Empty SMPTE 2094-40 data
2026-03-09 16:05:37.928 13470-13503 gralloc4                com.tacke.music                      E  Empty SMPTE 2094-40 data
2026-03-09 16:05:37.935 13470-13503 gralloc4                com.tacke.music                      E  Empty SMPTE 2094-40 data
2026-03-09 16:05:37.936 13470-13503 gralloc4                com.tacke.music                      E  Empty SMPTE 2094-40 data
2026-03-09 16:05:37.943 13470-13503 gralloc4                com.tacke.music                      E  Empty SMPTE 2094-40 data
2026-03-09 16:05:37.945 13470-13503 gralloc4                com.tacke.music                      E  Empty SMPTE 2094-40 data
2026-03-09 16:05:37.951 13470-13503 gralloc4                com.tacke.music                      E  Empty SMPTE 2094-40 data
2026-03-09 16:05:37.953 13470-13503 gralloc4                com.tacke.music                      E  Empty SMPTE 2094-40 data
2026-03-09 16:05:37.960 13470-13503 gralloc4                com.tacke.music                      E  Empty SMPTE 2094-40 data
2026-03-09 16:05:37.961 13470-13503 gralloc4                com.tacke.music                      E  Empty SMPTE 2094-40 data
2026-03-09 16:05:37.968 13470-13503 gralloc4                com.tacke.music                      E  Empty SMPTE 2094-40 data
2026-03-09 16:05:37.977 13470-13503 gralloc4                com.tacke.music                      E  Empty SMPTE 2094-40 data
2026-03-09 16:05:37.986 13470-13503 gralloc4                com.tacke.music                      E  Empty SMPTE 2094-40 data
2026-03-09 16:05:37.993 13470-13503 gralloc4                com.tacke.music                      E  Empty SMPTE 2094-40 data
2026-03-09 16:05:38.002 13470-13503 gralloc4                com.tacke.music                      E  Empty SMPTE 2094-40 data
2026-03-09 16:05:38.010 13470-13503 gralloc4                com.tacke.music                      E  Empty SMPTE 2094-40 data
2026-03-09 16:05:38.019 13470-13503 gralloc4                com.tacke.music                      E  Empty SMPTE 2094-40 data
2026-03-09 16:05:38.027 13470-13503 gralloc4                com.tacke.music                      E  Empty SMPTE 2094-40 data
2026-03-09 16:05:38.037 13470-13503 gralloc4                com.tacke.music                      E  Empty SMPTE 2094-40 data
2026-03-09 16:05:38.043 13470-13503 gralloc4                com.tacke.music                      E  Empty SMPTE 2094-40 data
2026-03-09 16:05:38.053 13470-13503 gralloc4                com.tacke.music                      E  Empty SMPTE 2094-40 data
2026-03-09 16:05:38.060 13470-13503 gralloc4                com.tacke.music                      E  Empty SMPTE 2094-40 data
2026-03-09 16:05:38.071 13470-13503 gralloc4                com.tacke.music                      E  Empty SMPTE 2094-40 data
2026-03-09 16:05:38.076 13470-13503 gralloc4                com.tacke.music                      E  Empty SMPTE 2094-40 data
2026-03-09 16:05:38.087 13470-13503 gralloc4                com.tacke.music                      E  Empty SMPTE 2094-40 data
2026-03-09 16:05:38.093 13470-13503 gralloc4                com.tacke.music                      E  Empty SMPTE 2094-40 data
2026-03-09 16:05:38.103 13470-13503 gralloc4                com.tacke.music                      E  Empty SMPTE 2094-40 data
2026-03-09 16:05:38.110 13470-13503 gralloc4                com.tacke.music                      E  Empty SMPTE 2094-40 data
2026-03-09 16:05:38.118 13470-13503 gralloc4                com.tacke.music                      E  Empty SMPTE 2094-40 data
2026-03-09 16:05:38.126 13470-13503 gralloc4                com.tacke.music                      E  Empty SMPTE 2094-40 data
2026-03-09 16:05:38.134 13470-13503 gralloc4                com.tacke.music                      E  Empty SMPTE 2094-40 data
2026-03-09 16:05:38.142 13470-13503 gralloc4                com.tacke.music                      E  Empty SMPTE 2094-40 data
2026-03-09 16:05:38.151 13470-13503 gralloc4                com.tacke.music                      E  Empty SMPTE 2094-40 data
2026-03-09 16:05:38.159 13470-13503 gralloc4                com.tacke.music                      E  Empty SMPTE 2094-40 data
2026-03-09 16:05:38.167 13470-13503 gralloc4                com.tacke.music                      E  Empty SMPTE 2094-40 data
2026-03-09 16:05:38.175 13470-13503 gralloc4                com.tacke.music                      E  Empty SMPTE 2094-40 data
2026-03-09 16:05:38.184 13470-13503 gralloc4                com.tacke.music                      E  Empty SMPTE 2094-40 data
2026-03-09 16:05:38.192 13470-13503 gralloc4                com.tacke.music                      E  Empty SMPTE 2094-40 data
2026-03-09 16:05:38.200 13470-13503 gralloc4                com.tacke.music                      E  Empty SMPTE 2094-40 data
2026-03-09 16:05:38.208 13470-13503 gralloc4                com.tacke.music                      E  Empty SMPTE 2094-40 data
2026-03-09 16:05:38.216 13470-13503 gralloc4                com.tacke.music                      E  Empty SMPTE 2094-40 data
2026-03-09 16:05:38.228 13470-13503 gralloc4                com.tacke.music                      E  Empty SMPTE 2094-40 data
2026-03-09 16:05:38.233 13470-13503 gralloc4                com.tacke.music                      E  Empty SMPTE 2094-40 data
2026-03-09 16:05:38.241 13470-13503 gralloc4                com.tacke.music                      E  Empty SMPTE 2094-40 data
2026-03-09 16:05:38.249 13470-13503 gralloc4                com.tacke.music                      E  Empty SMPTE 2094-40 data
2026-03-09 16:05:38.258 13470-13503 gralloc4                com.tacke.music                      E  Empty SMPTE 2094-40 data
2026-03-09 16:05:38.266 13470-13503 gralloc4                com.tacke.music                      E  Empty SMPTE 2094-40 data
2026-03-09 16:05:38.274 13470-13503 gralloc4                com.tacke.music                      E  Empty SMPTE 2094-40 data
2026-03-09 16:05:38.282 13470-13503 gralloc4                com.tacke.music                      E  Empty SMPTE 2094-40 data
2026-03-09 16:05:38.290 13470-13503 gralloc4                com.tacke.music                      E  Empty SMPTE 2094-40 data
2026-03-09 16:05:38.299 13470-13503 gralloc4                com.tacke.music                      E  Empty SMPTE 2094-40 data
2026-03-09 16:05:38.307 13470-13503 gralloc4                com.tacke.music                      E  Empty SMPTE 2094-40 data
2026-03-09 16:05:38.315 13470-13503 gralloc4                com.tacke.music                      E  Empty SMPTE 2094-40 data
2026-03-09 16:05:38.324 13470-13503 gralloc4                com.tacke.music                      E  Empty SMPTE 2094-40 data
2026-03-09 16:05:38.340 13470-13503 OpenGLRenderer          com.tacke.music                      D  endAllActiveAnimators on 0xb40000736fbf4900 (RippleDrawable) with handle 0xb4000073815da7a0
2026-03-09 16:05:38.349 13470-13470 BLASTBufferQueue        com.tacke.music                      D  [VRI[DownloadActivity]#11](f:0,a:1) destructor()
2026-03-09 16:05:38.349 13470-13470 BufferQueueConsumer     com.tacke.music                      D  [VRI[DownloadActivity]#11(BLAST Consumer)11](id:349e0000000b,api:0,p:-1,c:13470) disconnect
2026-03-09 16:05:38.364 13470-13470 View                    com.tacke.music                      D  [Warning] assignParent to null: this = DecorView@4ee463d[DownloadActivity]
2026-03-09 16:05:39.219 13470-13503 gralloc4                com.tacke.music                      E  Empty SMPTE 2094-40 data
2026-03-09 16:05:39.232 13470-13503 gralloc4                com.tacke.music                      E  Empty SMPTE 2094-40 data
2026-03-09 16:05:39.242 13470-13503 gralloc4                com.tacke.music                      E  Empty SMPTE 2094-40 data
2026-03-09 16:05:39.244 13470-14034 libMEOW                 com.tacke.music                      D  meow new tls: 0xb40000736b2d7b40
2026-03-09 16:05:39.244 13470-14034 libMEOW                 com.tacke.music                      D  applied 1 plugins for [com.tacke.music]:
2026-03-09 16:05:39.245 13470-14034 libMEOW                 com.tacke.music                      D    plugin 1: [libMEOW_gift.so]:
2026-03-09 16:05:39.245 13470-14034 libMEOW                 com.tacke.music                      D  meow delete tls: 0xb40000736b2d7b40
2026-03-09 16:05:39.245 13470-13470 MiuiMultiWindowAdapter  com.tacke.music                      D  MiuiMultiWindowAdapter::getFreeformVideoWhiteListInSystem::LIST_ABOUT_SUPPORT_LANDSCAPE_VIDEO = [com.hunantv.imgo.activity, com.tencent.qqlive, com.qiyi.video, com.hunantv.imgo.activity.inter, com.tencent.qqlivei18n, com.iqiyi.i18n, tv.danmaku.bili]
2026-03-09 16:05:39.250 13470-13503 gralloc4                com.tacke.music                      E  Empty SMPTE 2094-40 data
2026-03-09 16:05:39.253 13470-13506 ViewContentFactory      com.tacke.music                      D  initViewContentFetcherClass
2026-03-09 16:05:39.253 13470-13506 ContentCatcher          com.tacke.music                      I  ViewContentFetcher : ViewContentFetcher
2026-03-09 16:05:39.253 13470-13506 ViewContentFactory      com.tacke.music                      D  createInterceptor took 0ms
2026-03-09 16:05:39.259 13470-13503 gralloc4                com.tacke.music                      E  Empty SMPTE 2094-40 data
2026-03-09 16:05:39.265 13470-13503 gralloc4                com.tacke.music                      E  Empty SMPTE 2094-40 data
2026-03-09 16:05:39.266 13470-13470 IS_CTS_MODE             com.tacke.music                      D  false
2026-03-09 16:05:39.266 13470-13470 MULTI_WINDOW_ENABLED    com.tacke.music                      D  false
2026-03-09 16:05:39.267 13470-13470 DecorView[]             com.tacke.music                      D  getWindowModeFromSystem  windowmode is 1
2026-03-09 16:05:39.273 13470-13503 gralloc4                com.tacke.music                      E  Empty SMPTE 2094-40 data
2026-03-09 16:05:39.279 13470-13470 VRI[Playli...lActivity] com.tacke.music                      D  hardware acceleration = true, forceHwAccelerated = false
2026-03-09 16:05:39.279 13470-13470 DecorView[]             com.tacke.music                      D  getWindowModeFromSystem  windowmode is 1
2026-03-09 16:05:39.279 13470-13470 DecorView[]             com.tacke.music                      D  updateDecorCaptionStatus windowMode is 1
2026-03-09 16:05:39.280 13470-13503 gralloc4                com.tacke.music                      E  Empty SMPTE 2094-40 data
2026-03-09 16:05:39.290 13470-13503 gralloc4                com.tacke.music                      E  Empty SMPTE 2094-40 data
2026-03-09 16:05:39.297 13470-13503 gralloc4                com.tacke.music                      E  Empty SMPTE 2094-40 data
2026-03-09 16:05:39.306 13470-13503 gralloc4                com.tacke.music                      E  Empty SMPTE 2094-40 data
2026-03-09 16:05:39.308 13470-13470 BufferQueueConsumer     com.tacke.music                      D  [](id:349e0000000d,api:0,p:-1,c:13470) connect: controlledByApp=false
2026-03-09 16:05:39.314 13470-13503 gralloc4                com.tacke.music                      E  Empty SMPTE 2094-40 data
2026-03-09 16:05:39.321 13470-13503 gralloc4                com.tacke.music                      E  Empty SMPTE 2094-40 data
2026-03-09 16:05:39.321 13470-13503 BLASTBufferQueue        com.tacke.music                      D  [VRI[PlaylistDetailActivity]#13](f:0,a:1) acquireNextBufferLocked size=1440x3200 mFrameNumber=1 applyTransaction=true mTimestamp=591390413252325(auto) mPendingTransactions.size=0 graphicBufferId=57853209477173 transform=0
2026-03-09 16:05:39.322 13470-13503 Parcel                  com.tacke.music                      W  Expecting binder but got null!
2026-03-09 16:05:39.323 13470-13503 gralloc4                com.tacke.music                      E  Empty SMPTE 2094-40 data
2026-03-09 16:05:39.326 13470-13470 DecorView[]             com.tacke.music                      D  onWindowFocusChanged hasWindowFocus false
2026-03-09 16:05:39.359  2463-2973  ActivityManagerWrapper  com.miui.home                        E  getRecentTasks: mainTaskId=2861   userId=0   baseIntent=Intent { act=android.intent.action.MAIN flag=270532608 cmp=ComponentInfo{com.tacke.music/com.tacke.music.ui.MainActivity} }
2026-03-09 16:05:39.378  2463-2973  ActivityManagerWrapper  com.miui.home                        E  getRecentTasks: mainTaskId=2861   userId=0   baseIntent=Intent { act=android.intent.action.MAIN flag=270532608 cmp=ComponentInfo{com.tacke.music/com.tacke.music.ui.MainActivity} }
2026-03-09 16:05:39.384 13470-13503 gralloc4                com.tacke.music                      E  Empty SMPTE 2094-40 data
2026-03-09 16:05:39.387 13470-13503 gralloc4                com.tacke.music                      E  Empty SMPTE 2094-40 data
2026-03-09 16:05:39.392 13470-13503 gralloc4                com.tacke.music                      E  Empty SMPTE 2094-40 data
2026-03-09 16:05:39.394 13470-13503 gralloc4                com.tacke.music                      E  Empty SMPTE 2094-40 data
2026-03-09 16:05:39.394 13470-13470 DecorView[]             com.tacke.music                      D  onWindowFocusChanged hasWindowFocus true
2026-03-09 16:05:39.395 13470-13470 HandWritingStubImpl     com.tacke.music                      I  refreshLastKeyboardType: 1
2026-03-09 16:05:39.396 13470-13503 gralloc4                com.tacke.music                      E  Empty SMPTE 2094-40 data
2026-03-09 16:05:39.396 13470-13470 HandWritingStubImpl     com.tacke.music                      I  getCurrentKeyboardType: 1
2026-03-09 16:05:39.399 13470-13503 gralloc4                com.tacke.music                      E  Empty SMPTE 2094-40 data
2026-03-09 16:05:39.403 13470-13503 gralloc4                com.tacke.music                      E  Empty SMPTE 2094-40 data
2026-03-09 16:05:39.404 13470-13503 gralloc4                com.tacke.music                      E  Empty SMPTE 2094-40 data
2026-03-09 16:05:39.412 13470-13503 gralloc4                com.tacke.music                      E  Empty SMPTE 2094-40 data
2026-03-09 16:05:39.413 13470-13503 gralloc4                com.tacke.music                      E  Empty SMPTE 2094-40 data
2026-03-09 16:05:39.420 13470-13503 gralloc4                com.tacke.music                      E  Empty SMPTE 2094-40 data
2026-03-09 16:05:39.422 13470-13503 gralloc4                com.tacke.music                      E  Empty SMPTE 2094-40 data
2026-03-09 16:05:39.428 13470-13503 gralloc4                com.tacke.music                      E  Empty SMPTE 2094-40 data
2026-03-09 16:05:39.430 13470-13503 gralloc4                com.tacke.music                      E  Empty SMPTE 2094-40 data
2026-03-09 16:05:39.437 13470-13503 gralloc4                com.tacke.music                      E  Empty SMPTE 2094-40 data
2026-03-09 16:05:39.438 13470-13503 gralloc4                com.tacke.music                      E  Empty SMPTE 2094-40 data
2026-03-09 16:05:39.446 13470-13503 gralloc4                com.tacke.music                      E  Empty SMPTE 2094-40 data
2026-03-09 16:05:39.448 13470-13503 gralloc4                com.tacke.music                      E  Empty SMPTE 2094-40 data
2026-03-09 16:05:39.454 13470-13503 gralloc4                com.tacke.music                      E  Empty SMPTE 2094-40 data
2026-03-09 16:05:39.456 13470-13503 gralloc4                com.tacke.music                      E  Empty SMPTE 2094-40 data
