2026-03-09 16:05:17.107 13470-13470 DMABUFHEAPS             com.tacke.music                      I  Using DMA-BUF heap named: mtk_mm
2026-03-09 16:05:17.108 13470-13470 skia                    com.tacke.music                      D  stream getLength() not supported, use temp buffer for loading stream, buffer addr 0x7364cc2000 length 371343
2026-03-09 16:05:17.108 13470-13470 skia                    com.tacke.music                      D  LoadInputStreamToMem va 0x7364cc2000  size 373632
2026-03-09 16:05:17.108 13470-13470 libjpeg-alpha           com.tacke.music                      D  Huffman Builder run in subthread
2026-03-09 16:05:17.108 13470-13470 libjpeg-alpha           com.tacke.music                      D  Tile Decoder (#thread:4, size:512 256 256 256x320, alignment:256x16)
2026-03-09 16:05:17.109 13470-13804 libjpeg-alpha           com.tacke.music                      D  [Hybrid] Wait IRQ thread (13804)
2026-03-09 16:05:17.110 13470-13503 gralloc4                com.tacke.music                      E  Empty SMPTE 2094-40 data
2026-03-09 16:05:17.111 13470-13804 libjpeg-alpha           com.tacke.music                      D  [Hybrid] Wait IRQ thread terminated
2026-03-09 16:05:17.116 13470-13470 skia                    com.tacke.music                      D  SkJpegCodec::onGetPixels -
2026-03-09 16:05:17.117 13470-13503 gralloc4                com.tacke.music                      E  Empty SMPTE 2094-40 data
2026-03-09 16:05:17.125 13470-13503 gralloc4                com.tacke.music                      E  Empty SMPTE 2094-40 data
2026-03-09 16:05:17.130 13470-13470 BufferQueueConsumer     com.tacke.music                      D  [](id:349e00000005,api:0,p:-1,c:13470) connect: controlledByApp=false
2026-03-09 16:05:17.134 13470-13503 gralloc4                com.tacke.music                      E  Empty SMPTE 2094-40 data
2026-03-09 16:05:17.140 13470-13503 gralloc4                com.tacke.music                      E  Empty SMPTE 2094-40 data
2026-03-09 16:05:17.140 13470-13503 BLASTBufferQueue        com.tacke.music                      D  [VRI[ProfileActivity]#5](f:0,a:1) acquireNextBufferLocked size=1440x3200 mFrameNumber=1 applyTransaction=true mTimestamp=591368232476709(auto) mPendingTransactions.size=0 graphicBufferId=57853209477140 transform=0
2026-03-09 16:05:17.142 13470-13470 DecorView[]             com.tacke.music                      D  onWindowFocusChanged hasWindowFocus false
2026-03-09 16:05:17.152 13470-13503 gralloc4                com.tacke.music                      E  Empty SMPTE 2094-40 data
2026-03-09 16:05:17.153 13470-13503 gralloc4                com.tacke.music                      E  Empty SMPTE 2094-40 data
2026-03-09 16:05:17.157 13470-13503 gralloc4                com.tacke.music                      E  Empty SMPTE 2094-40 data
2026-03-09 16:05:17.161 13470-13470 DecorView[]             com.tacke.music                      D  onWindowFocusChanged hasWindowFocus true
2026-03-09 16:05:17.162 13470-13470 HandWritingStubImpl     com.tacke.music                      I  refreshLastKeyboardType: 1
2026-03-09 16:05:17.162 13470-13470 HandWritingStubImpl     com.tacke.music                      I  getCurrentKeyboardType: 1
2026-03-09 16:05:17.169 13470-13503 gralloc4                com.tacke.music                      E  Empty SMPTE 2094-40 data
2026-03-09 16:05:17.170 13470-13503 gralloc4                com.tacke.music                      E  Empty SMPTE 2094-40 data
2026-03-09 16:05:17.174 13470-13503 gralloc4                com.tacke.music                      E  Empty SMPTE 2094-40 data
2026-03-09 16:05:17.175 13470-13503 gralloc4                com.tacke.music                      E  Empty SMPTE 2094-40 data
2026-03-09 16:05:17.181 13470-13503 gralloc4                com.tacke.music                      E  Empty SMPTE 2094-40 data
2026-03-09 16:05:17.182 13470-13503 gralloc4                com.tacke.music                      E  Empty SMPTE 2094-40 data
2026-03-09 16:05:17.191 13470-13503 gralloc4                com.tacke.music                      E  Empty SMPTE 2094-40 data
2026-03-09 16:05:17.193 13470-13503 gralloc4                com.tacke.music                      E  Empty SMPTE 2094-40 data
2026-03-09 16:05:17.198 13470-13503 gralloc4                com.tacke.music                      E  Empty SMPTE 2094-40 data
2026-03-09 16:05:17.200 13470-13503 gralloc4                com.tacke.music                      E  Empty SMPTE 2094-40 data
2026-03-09 16:05:17.202  2463-2973  ActivityManagerWrapper  com.miui.home                        E  getRecentTasks: mainTaskId=2861   userId=0   baseIntent=Intent { act=android.intent.action.MAIN flag=270532608 cmp=ComponentInfo{com.tacke.music/com.tacke.music.ui.MainActivity} }
2026-03-09 16:05:17.207 13470-13503 gralloc4                com.tacke.music                      E  Empty SMPTE 2094-40 data
2026-03-09 16:05:17.208 13470-13503 gralloc4                com.tacke.music                      E  Empty SMPTE 2094-40 data
2026-03-09 16:05:17.209  2463-2973  ActivityManagerWrapper  com.miui.home                        E  getRecentTasks: mainTaskId=2861   userId=0   baseIntent=Intent { act=android.intent.action.MAIN flag=270532608 cmp=ComponentInfo{com.tacke.music/com.tacke.music.ui.MainActivity} }
2026-03-09 16:05:17.216 13470-13503 gralloc4                com.tacke.music                      E  Empty SMPTE 2094-40 data
2026-03-09 16:05:17.218 13470-13503 gralloc4                com.tacke.music                      E  Empty SMPTE 2094-40 data
2026-03-09 16:05:17.223 13470-13503 gralloc4                com.tacke.music                      E  Empty SMPTE 2094-40 data
2026-03-09 16:05:17.226 13470-13503 gralloc4                com.tacke.music                      E  Empty SMPTE 2094-40 data
2026-03-09 16:05:17.231 13470-13503 gralloc4                com.tacke.music                      E  Empty SMPTE 2094-40 data
2026-03-09 16:05:17.233 13470-13503 gralloc4                com.tacke.music                      E  Empty SMPTE 2094-40 data
2026-03-09 16:05:17.240 13470-13503 gralloc4                com.tacke.music                      E  Empty SMPTE 2094-40 data
2026-03-09 16:05:17.241 13470-13503 gralloc4                com.tacke.music                      E  Empty SMPTE 2094-40 data
2026-03-09 16:05:17.248 13470-13503 gralloc4                com.tacke.music                      E  Empty SMPTE 2094-40 data
2026-03-09 16:05:17.249 13470-13503 gralloc4                com.tacke.music                      E  Empty SMPTE 2094-40 data
2026-03-09 16:05:17.257 13470-13503 gralloc4                com.tacke.music                      E  Empty SMPTE 2094-40 data
2026-03-09 16:05:17.257 13470-13503 gralloc4                com.tacke.music                      E  Empty SMPTE 2094-40 data
2026-03-09 16:05:17.265 13470-13503 gralloc4                com.tacke.music                      E  Empty SMPTE 2094-40 data
2026-03-09 16:05:17.274 13470-13503 gralloc4                com.tacke.music                      E  Empty SMPTE 2094-40 data
2026-03-09 16:05:17.282 13470-13503 gralloc4                com.tacke.music                      E  Empty SMPTE 2094-40 data
2026-03-09 16:05:17.292 13470-13503 gralloc4                com.tacke.music                      E  Empty SMPTE 2094-40 data
2026-03-09 16:05:17.298 13470-13503 gralloc4                com.tacke.music                      E  Empty SMPTE 2094-40 data
2026-03-09 16:05:17.668 13470-13470 BLASTBufferQueue        com.tacke.music                      D  [VRI[DownloadActivity]#4](f:0,a:1) destructor()
2026-03-09 16:05:17.668 13470-13470 BufferQueueConsumer     com.tacke.music                      D  [VRI[DownloadActivity]#4(BLAST Consumer)4](id:349e00000004,api:0,p:-1,c:13470) disconnect
2026-03-09 16:05:17.686 13470-13470 View                    com.tacke.music                      D  [Warning] assignParent to null: this = DecorView@cf3b187[DownloadActivity]
2026-03-09 16:05:17.695 13470-13496 com.tacke.music         com.tacke.music                      I  ProcessProfilingInfo new_methods=3217 is saved saved_to_disk=1 resolve_classes_delay=8000
2026-03-09 16:05:17.878 13470-13503 gralloc4                com.tacke.music                      E  Empty SMPTE 2094-40 data
2026-03-09 16:05:17.886 13470-13503 gralloc4                com.tacke.music                      E  Empty SMPTE 2094-40 data
2026-03-09 16:05:17.895 13470-13503 gralloc4                com.tacke.music                      E  Empty SMPTE 2094-40 data
2026-03-09 16:05:17.901 13470-13470 MiuiMultiWindowAdapter  com.tacke.music                      D  MiuiMultiWindowAdapter::getFreeformVideoWhiteListInSystem::LIST_ABOUT_SUPPORT_LANDSCAPE_VIDEO = [com.hunantv.imgo.activity, com.tencent.qqlive, com.qiyi.video, com.hunantv.imgo.activity.inter, com.tencent.qqlivei18n, com.iqiyi.i18n, tv.danmaku.bili]
2026-03-09 16:05:17.902 13470-13503 gralloc4                com.tacke.music                      E  Empty SMPTE 2094-40 data
2026-03-09 16:05:17.904 13470-13818 libMEOW                 com.tacke.music                      D  meow new tls: 0xb40000736ba8bc80
2026-03-09 16:05:17.904 13470-13818 libMEOW                 com.tacke.music                      D  applied 1 plugins for [com.tacke.music]:
2026-03-09 16:05:17.904 13470-13818 libMEOW                 com.tacke.music                      D    plugin 1: [libMEOW_gift.so]:
2026-03-09 16:05:17.904 13470-13818 libMEOW                 com.tacke.music                      D  meow delete tls: 0xb40000736ba8bc80
2026-03-09 16:05:17.913 13470-13503 gralloc4                com.tacke.music                      E  Empty SMPTE 2094-40 data
2026-03-09 16:05:17.914 13470-13506 ViewContentFactory      com.tacke.music                      D  initViewContentFetcherClass
2026-03-09 16:05:17.914 13470-13506 ContentCatcher          com.tacke.music                      I  ViewContentFetcher : ViewContentFetcher
2026-03-09 16:05:17.914 13470-13506 ViewContentFactory      com.tacke.music                      D  createInterceptor took 0ms
2026-03-09 16:05:17.918 13470-13503 gralloc4                com.tacke.music                      E  Empty SMPTE 2094-40 data
2026-03-09 16:05:17.927 13470-13503 gralloc4                com.tacke.music                      E  Empty SMPTE 2094-40 data
2026-03-09 16:05:17.928 13470-13470 IS_CTS_MODE             com.tacke.music                      D  false
2026-03-09 16:05:17.928 13470-13470 MULTI_WINDOW_ENABLED    com.tacke.music                      D  false
2026-03-09 16:05:17.930 13470-13470 DecorView[]             com.tacke.music                      D  getWindowModeFromSystem  windowmode is 1
2026-03-09 16:05:17.935 13470-13503 gralloc4                com.tacke.music                      E  Empty SMPTE 2094-40 data
2026-03-09 16:05:17.944 13470-13503 gralloc4                com.tacke.music                      E  Empty SMPTE 2094-40 data
2026-03-09 16:05:17.947 13470-13470 VRI[RecentPlayActivity] com.tacke.music                      D  hardware acceleration = true, forceHwAccelerated = false
2026-03-09 16:05:17.947 13470-13470 DecorView[]             com.tacke.music                      D  getWindowModeFromSystem  windowmode is 1
2026-03-09 16:05:17.947 13470-13470 DecorView[]             com.tacke.music                      D  updateDecorCaptionStatus windowMode is 1
2026-03-09 16:05:17.950 13470-13503 gralloc4                com.tacke.music                      E  Empty SMPTE 2094-40 data
2026-03-09 16:05:17.961 13470-13503 gralloc4                com.tacke.music                      E  Empty SMPTE 2094-40 data
2026-03-09 16:05:17.969 13470-13503 gralloc4                com.tacke.music                      E  Empty SMPTE 2094-40 data
2026-03-09 16:05:17.972 13470-13470 BufferQueueConsumer     com.tacke.music                      D  [](id:349e00000006,api:0,p:-1,c:13470) connect: controlledByApp=false
2026-03-09 16:05:17.978 13470-13503 gralloc4                com.tacke.music                      E  Empty SMPTE 2094-40 data
2026-03-09 16:05:17.984 13470-13503 gralloc4                com.tacke.music                      E  Empty SMPTE 2094-40 data
2026-03-09 16:05:17.985 13470-13503 BLASTBufferQueue        com.tacke.music                      D  [VRI[RecentPlayActivity]#6](f:0,a:1) acquireNextBufferLocked size=1440x3200 mFrameNumber=1 applyTransaction=true mTimestamp=591369076825555(auto) mPendingTransactions.size=0 graphicBufferId=57853209477146 transform=0
2026-03-09 16:05:17.985 13470-13503 Parcel                  com.tacke.music                      W  Expecting binder but got null!
2026-03-09 16:05:17.986 13470-13503 gralloc4                com.tacke.music                      E  Empty SMPTE 2094-40 data
2026-03-09 16:05:17.988 13470-13470 DecorView[]             com.tacke.music                      D  onWindowFocusChanged hasWindowFocus false
2026-03-09 16:05:18.009 13470-13503 gralloc4                com.tacke.music                      E  Empty SMPTE 2094-40 data
2026-03-09 16:05:18.011 13470-13503 gralloc4                com.tacke.music                      E  Empty SMPTE 2094-40 data
2026-03-09 16:05:18.017 13470-13503 gralloc4                com.tacke.music                      E  Empty SMPTE 2094-40 data
2026-03-09 16:05:18.018 13470-13503 gralloc4                com.tacke.music                      E  Empty SMPTE 2094-40 data
2026-03-09 16:05:18.018  2463-2973  ActivityManagerWrapper  com.miui.home                        E  getRecentTasks: mainTaskId=2861   userId=0   baseIntent=Intent { act=android.intent.action.MAIN flag=270532608 cmp=ComponentInfo{com.tacke.music/com.tacke.music.ui.MainActivity} }
2026-03-09 16:05:18.020 13470-13470 DecorView[]             com.tacke.music                      D  onWindowFocusChanged hasWindowFocus true
2026-03-09 16:05:18.021 13470-13470 HandWritingStubImpl     com.tacke.music                      I  refreshLastKeyboardType: 1
2026-03-09 16:05:18.021 13470-13470 HandWritingStubImpl     com.tacke.music                      I  getCurrentKeyboardType: 1
2026-03-09 16:05:18.025 13470-13503 gralloc4                com.tacke.music                      E  Empty SMPTE 2094-40 data
2026-03-09 16:05:18.028 13470-13503 gralloc4                com.tacke.music                      E  Empty SMPTE 2094-40 data
2026-03-09 16:05:18.032 13470-13503 gralloc4                com.tacke.music                      E  Empty SMPTE 2094-40 data
2026-03-09 16:05:18.034 13470-13503 gralloc4                com.tacke.music                      E  Empty SMPTE 2094-40 data
2026-03-09 16:05:18.040 13470-13503 gralloc4                com.tacke.music                      E  Empty SMPTE 2094-40 data
2026-03-09 16:05:18.042 13470-13503 gralloc4                com.tacke.music                      E  Empty SMPTE 2094-40 data
2026-03-09 16:05:18.049  2463-2973  ActivityManagerWrapper  com.miui.home                        E  getRecentTasks: mainTaskId=2861   userId=0   baseIntent=Intent { act=android.intent.action.MAIN flag=270532608 cmp=ComponentInfo{com.tacke.music/com.tacke.music.ui.MainActivity} }
2026-03-09 16:05:18.050 13470-13503 gralloc4                com.tacke.music                      E  Empty SMPTE 2094-40 data
2026-03-09 16:05:18.050 13470-13503 gralloc4                com.tacke.music                      E  Empty SMPTE 2094-40 data
2026-03-09 16:05:18.057 13470-13503 gralloc4                com.tacke.music                      E  Empty SMPTE 2094-40 data
2026-03-09 16:05:18.058 13470-13503 gralloc4                com.tacke.music                      E  Empty SMPTE 2094-40 data
2026-03-09 16:05:18.067 13470-13503 gralloc4                com.tacke.music                      E  Empty SMPTE 2094-40 data
2026-03-09 16:05:18.069 13470-13503 gralloc4                com.tacke.music                      E  Empty SMPTE 2094-40 data
2026-03-09 16:05:18.074 13470-13503 gralloc4                com.tacke.music                      E  Empty SMPTE 2094-40 data
2026-03-09 16:05:18.077 13470-13503 gralloc4                com.tacke.music                      E  Empty SMPTE 2094-40 data
2026-03-09 16:05:18.083 13470-13503 gralloc4                com.tacke.music                      E  Empty SMPTE 2094-40 data
2026-03-09 16:05:18.085 13470-13503 gralloc4                com.tacke.music                      E  Empty SMPTE 2094-40 data
2026-03-09 16:05:18.093 13470-13503 gralloc4                com.tacke.music                      E  Empty SMPTE 2094-40 data
2026-03-09 16:05:18.095 13470-13503 gralloc4                com.tacke.music                      E  Empty SMPTE 2094-40 data
2026-03-09 16:05:18.098 13470-13503 gralloc4                com.tacke.music                      E  Empty SMPTE 2094-40 data
2026-03-09 16:05:18.100 13470-13503 gralloc4                com.tacke.music                      E  Empty SMPTE 2094-40 data
2026-03-09 16:05:18.108 13470-13503 gralloc4                com.tacke.music                      E  Empty SMPTE 2094-40 data
2026-03-09 16:05:18.110 13470-13503 gralloc4                com.tacke.music                      E  Empty SMPTE 2094-40 data
2026-03-09 16:05:18.117 13470-13503 gralloc4                com.tacke.music                      E  Empty SMPTE 2094-40 data
2026-03-09 16:05:18.119 13470-13503 gralloc4                com.tacke.music                      E  Empty SMPTE 2094-40 data
2026-03-09 16:05:18.124 13470-13503 gralloc4                com.tacke.music                      E  Empty SMPTE 2094-40 data
2026-03-09 16:05:18.134 13470-13503 gralloc4                com.tacke.music                      E  Empty SMPTE 2094-40 data
2026-03-09 16:05:18.140 13470-13503 gralloc4                com.tacke.music                      E  Empty SMPTE 2094-40 data
2026-03-09 16:05:18.150 13470-13503 gralloc4                com.tacke.music                      E  Empty SMPTE 2094-40 data
2026-03-09 16:05:18.157 13470-13503 gralloc4                com.tacke.music                      E  Empty SMPTE 2094-40 data
2026-03-09 16:05:18.167 13470-13503 gralloc4                com.tacke.music                      E  Empty SMPTE 2094-40 data
2026-03-09 16:05:18.173 13470-13503 gralloc4                com.tacke.music                      E  Empty SMPTE 2094-40 data
2026-03-09 16:05:18.183 13470-13503 gralloc4                com.tacke.music                      E  Empty SMPTE 2094-40 data
2026-03-09 16:05:18.190 13470-13503 gralloc4                com.tacke.music                      E  Empty SMPTE 2094-40 data
2026-03-09 16:05:18.200 13470-13503 gralloc4                com.tacke.music                      E  Empty SMPTE 2094-40 data
2026-03-09 16:05:18.206 13470-13503 gralloc4                com.tacke.music                      E  Empty SMPTE 2094-40 data
2026-03-09 16:05:18.216 13470-13503 gralloc4                com.tacke.music                      E  Empty SMPTE 2094-40 data
2026-03-09 16:05:18.223 13470-13503 gralloc4                com.tacke.music                      E  Empty SMPTE 2094-40 data
2026-03-09 16:05:18.233 13470-13503 gralloc4                com.tacke.music                      E  Empty SMPTE 2094-40 data
2026-03-09 16:05:18.239 13470-13503 gralloc4                com.tacke.music                      E  Empty SMPTE 2094-40 data
2026-03-09 16:05:18.248 13470-13503 gralloc4                com.tacke.music                      E  Empty SMPTE 2094-40 data
2026-03-09 16:05:18.256 13470-13503 gralloc4                com.tacke.music                      E  Empty SMPTE 2094-40 data
2026-03-09 16:05:18.265 13470-13503 gralloc4                com.tacke.music                      E  Empty SMPTE 2094-40 data
2026-03-09 16:05:18.273 13470-13503 gralloc4                com.tacke.music                      E  Empty SMPTE 2094-40 data
2026-03-09 16:05:18.281 13470-13503 gralloc4                com.tacke.music                      E  Empty SMPTE 2094-40 data
2026-03-09 16:05:18.291 13470-13503 gralloc4                com.tacke.music                      E  Empty SMPTE 2094-40 data
2026-03-09 16:05:18.297 13470-13503 gralloc4                com.tacke.music                      E  Empty SMPTE 2094-40 data
2026-03-09 16:05:18.306 13470-13503 gralloc4                com.tacke.music                      E  Empty SMPTE 2094-40 data
2026-03-09 16:05:18.313 13470-13503 gralloc4                com.tacke.music                      E  Empty SMPTE 2094-40 data
2026-03-09 16:05:18.322 13470-13503 gralloc4                com.tacke.music                      E  Empty SMPTE 2094-40 data
2026-03-09 16:05:18.330 13470-13503 gralloc4                com.tacke.music                      E  Empty SMPTE 2094-40 data
2026-03-09 16:05:18.337 13470-13503 gralloc4                com.tacke.music                      E  Empty SMPTE 2094-40 data
2026-03-09 16:05:18.348 13470-13503 gralloc4                com.tacke.music                      E  Empty SMPTE 2094-40 data
2026-03-09 16:05:18.355 13470-13503 gralloc4                com.tacke.music                      E  Empty SMPTE 2094-40 data
2026-03-09 16:05:18.365 13470-13503 gralloc4                com.tacke.music                      E  Empty SMPTE 2094-40 data
2026-03-09 16:05:18.372 13470-13503 gralloc4                com.tacke.music                      E  Empty SMPTE 2094-40 data
2026-03-09 16:05:18.382 13470-13503 gralloc4                com.tacke.music                      E  Empty SMPTE 2094-40 data
2026-03-09 16:05:18.388 13470-13503 gralloc4                com.tacke.music                      E  Empty SMPTE 2094-40 data
2026-03-09 16:05:18.400 13470-13503 gralloc4                com.tacke.music                      E  Empty SMPTE 2094-40 data
2026-03-09 16:05:18.404 13470-13503 gralloc4                com.tacke.music                      E  Empty SMPTE 2094-40 data
2026-03-09 16:05:18.413 13470-13503 gralloc4                com.tacke.music                      E  Empty SMPTE 2094-40 data
2026-03-09 16:05:18.421 13470-13503 gralloc4                com.tacke.music                      E  Empty SMPTE 2094-40 data
2026-03-09 16:05:18.431 13470-13503 gralloc4                com.tacke.music                      E  Empty SMPTE 2094-40 data
2026-03-09 16:05:18.437 13470-13503 gralloc4                com.tacke.music                      E  Empty SMPTE 2094-40 data
2026-03-09 16:05:18.445 13470-13503 gralloc4                com.tacke.music                      E  Empty SMPTE 2094-40 data
2026-03-09 16:05:18.454 13470-13503 gralloc4                com.tacke.music                      E  Empty SMPTE 2094-40 data
2026-03-09 16:05:18.462 13470-13503 gralloc4                com.tacke.music                      E  Empty SMPTE 2094-40 data
2026-03-09 16:05:18.470 13470-13503 gralloc4                com.tacke.music                      E  Empty SMPTE 2094-40 data
2026-03-09 16:05:18.478 13470-13503 gralloc4                com.tacke.music                      E  Empty SMPTE 2094-40 data
2026-03-09 16:05:18.488 13470-13503 gralloc4                com.tacke.music                      E  Empty SMPTE 2094-40 data
2026-03-09 16:05:18.495 13470-13503 gralloc4                com.tacke.music                      E  Empty SMPTE 2094-40 data
2026-03-09 16:05:18.503 13470-13503 gralloc4                com.tacke.music                      E  Empty SMPTE 2094-40 data
2026-03-09 16:05:18.515 13470-13503 OpenGLRenderer          com.tacke.music                      D  endAllActiveAnimators on 0xb40000737b9c3400 (LinearLayout) with handle 0xb40000737b9ecf60
2026-03-09 16:05:18.522 13470-13470 BLASTBufferQueue        com.tacke.music                      D  [VRI[ProfileActivity]#5](f:0,a:1) destructor()
2026-03-09 16:05:18.522 13470-13470 BufferQueueConsumer     com.tacke.music                      D  [VRI[ProfileActivity]#5(BLAST Consumer)5](id:349e00000005,api:0,p:-1,c:13470) disconnect
2026-03-09 16:05:18.610 13470-13470 skia                    com.tacke.music                      D  SkJpegCodec::onGetPixels +
2026-03-09 16:05:18.611 13470-13470 DMABUFHEAPS             com.tacke.music                      I  Using DMA-BUF heap named: mtk_mm
2026-03-09 16:05:18.611 13470-13470 skia                    com.tacke.music                      D  stream getLength() not supported, use temp buffer for loading stream, buffer addr 0x7412c85000 length 371343
2026-03-09 16:05:18.611 13470-13470 skia                    com.tacke.music                      D  LoadInputStreamToMem va 0x7412c85000  size 373632
2026-03-09 16:05:18.611 13470-13470 libjpeg-alpha           com.tacke.music                      D  Huffman Builder run in subthread
2026-03-09 16:05:18.612 13470-13470 libjpeg-alpha           com.tacke.music                      D  Tile Decoder (#thread:4, size:512 256 256 256x320, alignment:256x16)
2026-03-09 16:05:18.613 13470-13845 libjpeg-alpha           com.tacke.music                      D  [Hybrid] Wait IRQ thread (13845)
2026-03-09 16:05:18.614 13470-13845 libjpeg-alpha           com.tacke.music                      D  [Hybrid] Wait IRQ thread terminated
2026-03-09 16:05:18.618 13470-13470 skia                    com.tacke.music                      D  SkJpegCodec::onGetPixels -
2026-03-09 16:05:18.627 13470-13470 BufferQueueConsumer     com.tacke.music                      D  [](id:349e00000007,api:0,p:-1,c:13470) connect: controlledByApp=false
2026-03-09 16:05:18.635 13470-13503 gralloc4                com.tacke.music                      E  Empty SMPTE 2094-40 data
2026-03-09 16:05:18.635 13470-13503 BLASTBufferQueue        com.tacke.music                      D  [VRI[ProfileActivity]#7](f:0,a:1) acquireNextBufferLocked size=1440x3200 mFrameNumber=1 applyTransaction=true mTimestamp=591369727466863(auto) mPendingTransactions.size=0 graphicBufferId=57853209477148 transform=0
2026-03-09 16:05:18.636 13470-13470 DecorView[]             com.tacke.music                      D  onWindowFocusChanged hasWindowFocus false
2026-03-09 16:05:18.643 13470-13503 gralloc4                com.tacke.music                      E  Empty SMPTE 2094-40 data
2026-03-09 16:05:18.650 13470-13470 DecorView[]             com.tacke.music                      D  onWindowFocusChanged hasWindowFocus true
2026-03-09 16:05:18.650 13470-13503 gralloc4                com.tacke.music                      E  Empty SMPTE 2094-40 data
2026-03-09 16:05:18.650 13470-13470 HandWritingStubImpl     com.tacke.music                      I  refreshLastKeyboardType: 1
2026-03-09 16:05:18.651 13470-13470 HandWritingStubImpl     com.tacke.music                      I  getCurrentKeyboardType: 1
2026-03-09 16:05:18.659 13470-13503 gralloc4                com.tacke.music                      E  Empty SMPTE 2094-40 data
2026-03-09 16:05:18.660 13470-13503 gralloc4                com.tacke.music                      E  Empty SMPTE 2094-40 data
2026-03-09 16:05:18.667 13470-13503 gralloc4                com.tacke.music                      E  Empty SMPTE 2094-40 data
2026-03-09 16:05:18.668 13470-13503 gralloc4                com.tacke.music                      E  Empty SMPTE 2094-40 data
2026-03-09 16:05:18.675 13470-13503 gralloc4                com.tacke.music                      E  Empty SMPTE 2094-40 data
2026-03-09 16:05:18.677 13470-13503 gralloc4                com.tacke.music                      E  Empty SMPTE 2094-40 data
2026-03-09 16:05:18.684 13470-13503 gralloc4                com.tacke.music                      E  Empty SMPTE 2094-40 data
2026-03-09 16:05:18.686 13470-13503 gralloc4                com.tacke.music                      E  Empty SMPTE 2094-40 data
2026-03-09 16:05:18.692 13470-13503 gralloc4                com.tacke.music                      E  Empty SMPTE 2094-40 data
2026-03-09 16:05:18.694 13470-13503 gralloc4                com.tacke.music                      E  Empty SMPTE 2094-40 data
2026-03-09 16:05:18.700 13470-13503 gralloc4                com.tacke.music                      E  Empty SMPTE 2094-40 data
2026-03-09 16:05:18.702 13470-13503 gralloc4                com.tacke.music                      E  Empty SMPTE 2094-40 data
2026-03-09 16:05:18.707  2463-2973  ActivityManagerWrapper  com.miui.home                        E  getRecentTasks: mainTaskId=2861   userId=0   baseIntent=Intent { act=android.intent.action.MAIN flag=270532608 cmp=ComponentInfo{com.tacke.music/com.tacke.music.ui.MainActivity} }
2026-03-09 16:05:18.709 13470-13503 gralloc4                com.tacke.music                      E  Empty SMPTE 2094-40 data
2026-03-09 16:05:18.712 13470-13503 gralloc4                com.tacke.music                      E  Empty SMPTE 2094-40 data
2026-03-09 16:05:18.718 13470-13503 gralloc4                com.tacke.music                      E  Empty SMPTE 2094-40 data
2026-03-09 16:05:18.721 13470-13503 gralloc4                com.tacke.music                      E  Empty SMPTE 2094-40 data
2026-03-09 16:05:18.721  2463-2973  ActivityManagerWrapper  com.miui.home                        E  getRecentTasks: mainTaskId=2861   userId=0   baseIntent=Intent { act=android.intent.action.MAIN flag=270532608 cmp=ComponentInfo{com.tacke.music/com.tacke.music.ui.MainActivity} }
2026-03-09 16:05:18.724 13470-13503 gralloc4                com.tacke.music                      E  Empty SMPTE 2094-40 data
2026-03-09 16:05:18.727 13470-13503 gralloc4                com.tacke.music                      E  Empty SMPTE 2094-40 data
2026-03-09 16:05:18.736 13470-13503 gralloc4                com.tacke.music                      E  Empty SMPTE 2094-40 data
2026-03-09 16:05:18.737 13470-13503 gralloc4                com.tacke.music                      E  Empty SMPTE 2094-40 data
2026-03-09 16:05:18.741 13470-13503 gralloc4                com.tacke.music                      E  Empty SMPTE 2094-40 data
2026-03-09 16:05:18.751 13470-13503 gralloc4                com.tacke.music                      E  Empty SMPTE 2094-40 data
2026-03-09 16:05:19.001 13470-13503 gralloc4                com.tacke.music                      E  Empty SMPTE 2094-40 data
2026-03-09 16:05:19.007 13470-13503 gralloc4                com.tacke.music                      E  Empty SMPTE 2094-40 data
2026-03-09 16:05:19.016 13470-13503 gralloc4                com.tacke.music                      E  Empty SMPTE 2094-40 data
2026-03-09 16:05:19.022 13470-13503 gralloc4                com.tacke.music                      E  Empty SMPTE 2094-40 data
2026-03-09 16:05:19.033 13470-13503 gralloc4                com.tacke.music                      E  Empty SMPTE 2094-40 data
2026-03-09 16:05:19.035 13470-13470 MiuiMultiWindowAdapter  com.tacke.music                      D  MiuiMultiWindowAdapter::getFreeformVideoWhiteListInSystem::LIST_ABOUT_SUPPORT_LANDSCAPE_VIDEO = [com.hunantv.imgo.activity, com.tencent.qqlive, com.qiyi.video, com.hunantv.imgo.activity.inter, com.tencent.qqlivei18n, com.iqiyi.i18n, tv.danmaku.bili]
2026-03-09 16:05:19.036 13470-13852 libMEOW                 com.tacke.music                      D  meow new tls: 0xb40000736bb16c80
2026-03-09 16:05:19.036 13470-13852 libMEOW                 com.tacke.music                      D  applied 1 plugins for [com.tacke.music]:
2026-03-09 16:05:19.036 13470-13852 libMEOW                 com.tacke.music                      D    plugin 1: [libMEOW_gift.so]:
2026-03-09 16:05:19.036 13470-13852 libMEOW                 com.tacke.music                      D  meow delete tls: 0xb40000736bb16c80
2026-03-09 16:05:19.039 13470-13503 gralloc4                com.tacke.music                      E  Empty SMPTE 2094-40 data
2026-03-09 16:05:19.041 13470-13506 ViewContentFactory      com.tacke.music                      D  initViewContentFetcherClass
2026-03-09 16:05:19.041 13470-13506 ContentCatcher          com.tacke.music                      I  ViewContentFetcher : ViewContentFetcher
2026-03-09 16:05:19.041 13470-13506 ViewContentFactory      com.tacke.music                      D  createInterceptor took 0ms
2026-03-09 16:05:19.050 13470-13503 gralloc4                com.tacke.music                      E  Empty SMPTE 2094-40 data
2026-03-09 16:05:19.052 13470-13470 IS_CTS_MODE             com.tacke.music                      D  false
2026-03-09 16:05:19.052 13470-13470 MULTI_WINDOW_ENABLED    com.tacke.music                      D  false
2026-03-09 16:05:19.053 13470-13470 DecorView[]             com.tacke.music                      D  getWindowModeFromSystem  windowmode is 1
2026-03-09 16:05:19.056 13470-13503 gralloc4                com.tacke.music                      E  Empty SMPTE 2094-40 data
2026-03-09 16:05:19.066 13470-13503 gralloc4                com.tacke.music                      E  Empty SMPTE 2094-40 data
2026-03-09 16:05:19.067 13470-13470 VRI[Favori...sActivity] com.tacke.music                      D  hardware acceleration = true, forceHwAccelerated = false
2026-03-09 16:05:19.067 13470-13470 DecorView[]             com.tacke.music                      D  getWindowModeFromSystem  windowmode is 1
2026-03-09 16:05:19.067 13470-13470 DecorView[]             com.tacke.music                      D  updateDecorCaptionStatus windowMode is 1
2026-03-09 16:05:19.072 13470-13503 gralloc4                com.tacke.music                      E  Empty SMPTE 2094-40 data
2026-03-09 16:05:19.082 13470-13503 gralloc4                com.tacke.music                      E  Empty SMPTE 2094-40 data
2026-03-09 16:05:19.085 13470-13470 BufferQueueConsumer     com.tacke.music                      D  [](id:349e00000008,api:0,p:-1,c:13470) connect: controlledByApp=false
2026-03-09 16:05:19.089 13470-13503 gralloc4                com.tacke.music                      E  Empty SMPTE 2094-40 data
2026-03-09 16:05:19.095 13470-13503 gralloc4                com.tacke.music                      E  Empty SMPTE 2094-40 data
2026-03-09 16:05:19.095 13470-13503 BLASTBufferQueue        com.tacke.music                      D  [VRI[FavoriteSongsActivity]#8](f:0,a:1) acquireNextBufferLocked size=1440x3200 mFrameNumber=1 applyTransaction=true mTimestamp=591370187257324(auto) mPendingTransactions.size=0 graphicBufferId=57853209477153 transform=0
2026-03-09 16:05:19.096 13470-13503 Parcel                  com.tacke.music                      W  Expecting binder but got null!
2026-03-09 16:05:19.098 13470-13470 DecorView[]             com.tacke.music                      D  onWindowFocusChanged hasWindowFocus false
2026-03-09 16:05:19.139  2463-2973  ActivityManagerWrapper  com.miui.home                        E  getRecentTasks: mainTaskId=2861   userId=0   baseIntent=Intent { act=android.intent.action.MAIN flag=270532608 cmp=ComponentInfo{com.tacke.music/com.tacke.music.ui.MainActivity} }
2026-03-09 16:05:19.148  2463-2973  ActivityManagerWrapper  com.miui.home                        E  getRecentTasks: mainTaskId=2861   userId=0   baseIntent=Intent { act=android.intent.action.MAIN flag=270532608 cmp=ComponentInfo{com.tacke.music/com.tacke.music.ui.MainActivity} }
2026-03-09 16:05:19.164 13470-13503 gralloc4                com.tacke.music                      E  Empty SMPTE 2094-40 data
2026-03-09 16:05:19.165 13470-13503 gralloc4                com.tacke.music                      E  Empty SMPTE 2094-40 data
2026-03-09 16:05:19.172 13470-13503 gralloc4                com.tacke.music                      E  Empty SMPTE 2094-40 data
2026-03-09 16:05:19.173 13470-13470 DecorView[]             com.tacke.music                      D  onWindowFocusChanged hasWindowFocus true
2026-03-09 16:05:19.174 13470-13470 HandWritingStubImpl     com.tacke.music                      I  refreshLastKeyboardType: 1
2026-03-09 16:05:19.174 13470-13470 HandWritingStubImpl     com.tacke.music                      I  getCurrentKeyboardType: 1
2026-03-09 16:05:19.175 13470-13503 gralloc4                com.tacke.music                      E  Empty SMPTE 2094-40 data
2026-03-09 16:05:19.180 13470-13503 gralloc4                com.tacke.music                      E  Empty SMPTE 2094-40 data
2026-03-09 16:05:19.182 13470-13503 gralloc4                com.tacke.music                      E  Empty SMPTE 2094-40 data
2026-03-09 16:05:19.189 13470-13503 gralloc4                com.tacke.music                      E  Empty SMPTE 2094-40 data
2026-03-09 16:05:19.190 13470-13503 gralloc4                com.tacke.music                      E  Empty SMPTE 2094-40 data
2026-03-09 16:05:19.196 13470-13503 gralloc4                com.tacke.music                      E  Empty SMPTE 2094-40 data
2026-03-09 16:05:19.197 13470-13503 gralloc4                com.tacke.music                      E  Empty SMPTE 2094-40 data
2026-03-09 16:05:19.203 13470-13503 gralloc4                com.tacke.music                      E  Empty SMPTE 2094-40 data
2026-03-09 16:05:19.205 13470-13503 gralloc4                com.tacke.music                      E  Empty SMPTE 2094-40 data
2026-03-09 16:05:19.214 13470-13503 gralloc4                com.tacke.music                      E  Empty SMPTE 2094-40 data
2026-03-09 16:05:19.215 13470-13503 gralloc4                com.tacke.music                      E  Empty SMPTE 2094-40 data
2026-03-09 16:05:19.221 13470-13503 gralloc4                com.tacke.music                      E  Empty SMPTE 2094-40 data
2026-03-09 16:05:19.223 13470-13503 gralloc4                com.tacke.music                      E  Empty SMPTE 2094-40 data
2026-03-09 16:05:19.229 13470-13503 gralloc4                com.tacke.music                      E  Empty SMPTE 2094-40 data
2026-03-09 16:05:19.230 13470-13503 gralloc4                com.tacke.music                      E  Empty SMPTE 2094-40 data
2026-03-09 16:05:19.237 13470-13503 gralloc4                com.tacke.music                      E  Empty SMPTE 2094-40 data
2026-03-09 16:05:19.239 13470-13503 gralloc4                com.tacke.music                      E  Empty SMPTE 2094-40 data
2026-03-09 16:05:19.245 13470-13503 gralloc4                com.tacke.music                      E  Empty SMPTE 2094-40 data
2026-03-09 16:05:19.247 13470-13503 gralloc4                com.tacke.music                      E  Empty SMPTE 2094-40 data
2026-03-09 16:05:19.254 13470-13503 gralloc4                com.tacke.music                      E  Empty SMPTE 2094-40 data
2026-03-09 16:05:19.256 13470-13503 gralloc4                com.tacke.music                      E  Empty SMPTE 2094-40 data
2026-03-09 16:05:19.261 13470-13503 gralloc4                com.tacke.music                      E  Empty SMPTE 2094-40 data
2026-03-09 16:05:19.262 13470-13503 gralloc4                com.tacke.music                      E  Empty SMPTE 2094-40 data
2026-03-09 16:05:19.270 13470-13503 gralloc4                com.tacke.music                      E  Empty SMPTE 2094-40 data
2026-03-09 16:05:19.271 13470-13503 gralloc4                com.tacke.music                      E  Empty SMPTE 2094-40 data
2026-03-09 16:05:19.279 13470-13503 gralloc4                com.tacke.music                      E  Empty SMPTE 2094-40 data
2026-03-09 16:05:19.288 13470-13503 gralloc4                com.tacke.music                      E  Empty SMPTE 2094-40 data
2026-03-09 16:05:19.295 13470-13503 gralloc4                com.tacke.music                      E  Empty SMPTE 2094-40 data
2026-03-09 16:05:19.305 13470-13503 gralloc4                com.tacke.music                      E  Empty SMPTE 2094-40 data
2026-03-09 16:05:19.313 13470-13503 gralloc4                com.tacke.music                      E  Empty SMPTE 2094-40 data
2026-03-09 16:05:19.324 13470-13503 gralloc4                com.tacke.music                      E  Empty SMPTE 2094-40 data
2026-03-09 16:05:19.331 13470-13503 gralloc4                com.tacke.music                      E  Empty SMPTE 2094-40 data
2026-03-09 16:05:19.337 13470-13503 gralloc4                com.tacke.music                      E  Empty SMPTE 2094-40 data
2026-03-09 16:05:19.345 13470-13503 gralloc4                com.tacke.music                      E  Empty SMPTE 2094-40 data
2026-03-09 16:05:19.353 13470-13503 gralloc4                com.tacke.music                      E  Empty SMPTE 2094-40 data
2026-03-09 16:05:19.361 13470-13503 gralloc4                com.tacke.music                      E  Empty SMPTE 2094-40 data
2026-03-09 16:05:19.370 13470-13503 gralloc4                com.tacke.music                      E  Empty SMPTE 2094-40 data
2026-03-09 16:05:19.378 13470-13503 gralloc4                com.tacke.music                      E  Empty SMPTE 2094-40 data
2026-03-09 16:05:19.386 13470-13503 gralloc4                com.tacke.music                      E  Empty SMPTE 2094-40 data
2026-03-09 16:05:19.395 13470-13503 gralloc4                com.tacke.music                      E  Empty SMPTE 2094-40 data
2026-03-09 16:05:19.403 13470-13503 gralloc4                com.tacke.music                      E  Empty SMPTE 2094-40 data
2026-03-09 16:05:19.411 13470-13503 gralloc4                com.tacke.music                      E  Empty SMPTE 2094-40 data
2026-03-09 16:05:19.420 13470-13503 gralloc4                com.tacke.music                      E  Empty SMPTE 2094-40 data
2026-03-09 16:05:19.428 13470-13503 gralloc4                com.tacke.music                      E  Empty SMPTE 2094-40 data
2026-03-09 16:05:19.436 13470-13503 gralloc4                com.tacke.music                      E  Empty SMPTE 2094-40 data
2026-03-09 16:05:19.444 13470-13503 gralloc4                com.tacke.music                      E  Empty SMPTE 2094-40 data
2026-03-09 16:05:19.447 13470-13484 com.tacke.music         com.tacke.music                      W  Cleared Reference was only reachable from finalizer (only reported once)
2026-03-09 16:05:19.451 13470-13484 com.tacke.music         com.tacke.music                      I  This is non sticky GC, maxfree is 33554432 minfree is 8388608
2026-03-09 16:05:19.453 13470-13503 gralloc4                com.tacke.music                      E  Empty SMPTE 2094-40 data
2026-03-09 16:05:19.459 13470-13503 gralloc4                com.tacke.music                      E  Empty SMPTE 2094-40 data
2026-03-09 16:05:19.470 13470-13503 gralloc4                com.tacke.music                      E  Empty SMPTE 2094-40 data
2026-03-09 16:05:19.477 13470-13503 gralloc4                com.tacke.music                      E  Empty SMPTE 2094-40 data
2026-03-09 16:05:19.485 13470-13503 gralloc4                com.tacke.music                      E  Empty SMPTE 2094-40 data
2026-03-09 16:05:19.494 13470-13503 gralloc4                com.tacke.music                      E  Empty SMPTE 2094-40 data
2026-03-09 16:05:19.502 13470-13503 gralloc4                com.tacke.music                      E  Empty SMPTE 2094-40 data
2026-03-09 16:05:19.512 13470-13503 gralloc4                com.tacke.music                      E  Empty SMPTE 2094-40 data
2026-03-09 16:05:19.519 13470-13503 gralloc4                com.tacke.music                      E  Empty SMPTE 2094-40 data
2026-03-09 16:05:19.526 13470-13503 gralloc4                com.tacke.music                      E  Empty SMPTE 2094-40 data
2026-03-09 16:05:19.535 13470-13503 gralloc4                com.tacke.music                      E  Empty SMPTE 2094-40 data
2026-03-09 16:05:19.543 13470-13503 gralloc4                com.tacke.music                      E  Empty SMPTE 2094-40 data
2026-03-09 16:05:19.552 13470-13503 gralloc4                com.tacke.music                      E  Empty SMPTE 2094-40 data
2026-03-09 16:05:19.560 13470-13503 gralloc4                com.tacke.music                      E  Empty SMPTE 2094-40 data
2026-03-09 16:05:19.569 13470-13503 gralloc4                com.tacke.music                      E  Empty SMPTE 2094-40 data
2026-03-09 16:05:19.576 13470-13503 gralloc4                com.tacke.music                      E  Empty SMPTE 2094-40 data
2026-03-09 16:05:19.585 13470-13503 gralloc4                com.tacke.music                      E  Empty SMPTE 2094-40 data
2026-03-09 16:05:19.593 13470-13503 gralloc4                com.tacke.music                      E  Empty SMPTE 2094-40 data
2026-03-09 16:05:19.601 13470-13503 gralloc4                com.tacke.music                      E  Empty SMPTE 2094-40 data
2026-03-09 16:05:19.609 13470-13503 gralloc4                com.tacke.music                      E  Empty SMPTE 2094-40 data
2026-03-09 16:05:19.617 13470-13503 gralloc4                com.tacke.music                      E  Empty SMPTE 2094-40 data
2026-03-09 16:05:19.626 13470-13503 gralloc4                com.tacke.music                      E  Empty SMPTE 2094-40 data
2026-03-09 16:05:19.628 13470-13470 BLASTBufferQueue        com.tacke.music                      D  [VRI[RecentPlayActivity]#6](f:0,a:1) destructor()
2026-03-09 16:05:19.628 13470-13470 BufferQueueConsumer     com.tacke.music                      D  [VRI[RecentPlayActivity]#6(BLAST Consumer)6](id:349e00000006,api:0,p:-1,c:13470) disconnect
2026-03-09 16:05:19.645 13470-13470 View                    com.tacke.music                      D  [Warning] assignParent to null: this = DecorView@b0b8af5[RecentPlayActivity]
2026-03-09 16:05:19.652 13470-13503 BLASTBufferQueue        com.tacke.music                      D  [VRI[ProfileActivity]#7](f:0,a:1) destructor()
2026-03-09 16:05:19.652 13470-13503 BufferQueueConsumer     com.tacke.music                      D  [VRI[ProfileActivity]#7(BLAST Consumer)7](id:349e00000007,api:0,p:-1,c:13470) disconnect
2026-03-09 16:05:19.652 13470-13503 OpenGLRenderer          com.tacke.music                      D  endAllActiveAnimators on 0xb40000737b9c2000 (LinearLayout) with handle 0xb40000737300f800
2026-03-09 16:05:21.072 13470-13503 gralloc4                com.tacke.music                      E  Empty SMPTE 2094-40 data
2026-03-09 16:05:21.076 13470-13503 gralloc4                com.tacke.music                      E  Empty SMPTE 2094-40 data
2026-03-09 16:05:21.085 13470-13503 gralloc4                com.tacke.music                      E  Empty SMPTE 2094-40 data
2026-03-09 16:05:21.096 13470-13503 gralloc4                com.tacke.music                      E  Empty SMPTE 2094-40 data
2026-03-09 16:05:21.103 13470-13503 gralloc4                com.tacke.music                      E  Empty SMPTE 2094-40 data
2026-03-09 16:05:21.112 13470-13503 gralloc4                com.tacke.music                      E  Empty SMPTE 2094-40 data
2026-03-09 16:05:21.120 13470-13503 gralloc4                com.tacke.music                      E  Empty SMPTE 2094-40 data
2026-03-09 16:05:21.128 13470-13503 gralloc4                com.tacke.music                      E  Empty SMPTE 2094-40 data
2026-03-09 16:05:21.137 13470-13503 gralloc4                com.tacke.music                      E  Empty SMPTE 2094-40 data
2026-03-09 16:05:21.145 13470-13503 gralloc4                com.tacke.music                      E  Empty SMPTE 2094-40 data
2026-03-09 16:05:21.152 13470-13503 gralloc4                com.tacke.music                      E  Empty SMPTE 2094-40 data
2026-03-09 16:05:21.162 13470-13503 gralloc4                com.tacke.music                      E  Empty SMPTE 2094-40 data
2026-03-09 16:05:21.170 13470-13503 gralloc4                com.tacke.music                      E  Empty SMPTE 2094-40 data
2026-03-09 16:05:21.178 13470-13503 gralloc4                com.tacke.music                      E  Empty SMPTE 2094-40 data
2026-03-09 16:05:21.187 13470-13503 gralloc4                com.tacke.music                      E  Empty SMPTE 2094-40 data
2026-03-09 16:05:21.195 13470-13503 gralloc4                com.tacke.music                      E  Empty SMPTE 2094-40 data
2026-03-09 16:05:21.204 13470-13503 gralloc4                com.tacke.music                      E  Empty SMPTE 2094-40 data
2026-03-09 16:05:21.211 13470-13503 gralloc4                com.tacke.music                      E  Empty SMPTE 2094-40 data
2026-03-09 16:05:21.220 13470-13503 gralloc4                com.tacke.music                      E  Empty SMPTE 2094-40 data
2026-03-09 16:05:21.229 13470-13503 gralloc4                com.tacke.music                      E  Empty SMPTE 2094-40 data
2026-03-09 16:05:21.237 13470-13503 gralloc4                com.tacke.music                      E  Empty SMPTE 2094-40 data
2026-03-09 16:05:21.245 13470-13503 gralloc4                com.tacke.music                      E  Empty SMPTE 2094-40 data
2026-03-09 16:05:21.255 13470-13503 gralloc4                com.tacke.music                      E  Empty SMPTE 2094-40 data
2026-03-09 16:05:21.262 13470-13503 gralloc4                com.tacke.music                      E  Empty SMPTE 2094-40 data
2026-03-09 16:05:21.269 13470-13503 gralloc4                com.tacke.music                      E  Empty SMPTE 2094-40 data
2026-03-09 16:05:21.276 13470-13503 gralloc4                com.tacke.music                      E  Empty SMPTE 2094-40 data
2026-03-09 16:05:21.286 13470-13503 gralloc4                com.tacke.music                      E  Empty SMPTE 2094-40 data
2026-03-09 16:05:21.294 13470-13503 gralloc4                com.tacke.music                      E  Empty SMPTE 2094-40 data
2026-03-09 16:05:21.302 13470-13503 gralloc4                com.tacke.music                      E  Empty SMPTE 2094-40 data
2026-03-09 16:05:21.310 13470-13503 gralloc4                com.tacke.music                      E  Empty SMPTE 2094-40 data
2026-03-09 16:05:21.318 13470-13503 gralloc4                com.tacke.music                      E  Empty SMPTE 2094-40 data
2026-03-09 16:05:21.326 13470-13503 gralloc4                com.tacke.music                      E  Empty SMPTE 2094-40 data
2026-03-09 16:05:21.351 13470-13503 gralloc4                com.tacke.music                      E  Empty SMPTE 2094-40 data
2026-03-09 16:05:21.353 13470-13503 gralloc4                com.tacke.music                      E  Empty SMPTE 2094-40 data
2026-03-09 16:05:21.358 13470-13503 gralloc4                com.tacke.music                      E  Empty SMPTE 2094-40 data
2026-03-09 16:05:21.367 13470-13503 gralloc4                com.tacke.music                      E  Empty SMPTE 2094-40 data
2026-03-09 16:05:21.376 13470-13503 gralloc4                com.tacke.music                      E  Empty SMPTE 2094-40 data
