2026-03-09 16:05:21.384 13470-13503 gralloc4                com.tacke.music                      E  Empty SMPTE 2094-40 data
2026-03-09 16:05:21.392 13470-13503 gralloc4                com.tacke.music                      E  Empty SMPTE 2094-40 data
2026-03-09 16:05:21.401 13470-13503 gralloc4                com.tacke.music                      E  Empty SMPTE 2094-40 data
2026-03-09 16:05:21.408 13470-13503 gralloc4                com.tacke.music                      E  Empty SMPTE 2094-40 data
2026-03-09 16:05:21.418 13470-13503 gralloc4                com.tacke.music                      E  Empty SMPTE 2094-40 data
2026-03-09 16:05:21.698 13470-13503 gralloc4                com.tacke.music                      E  Empty SMPTE 2094-40 data
2026-03-09 16:05:21.702 13470-13503 gralloc4                com.tacke.music                      E  Empty SMPTE 2094-40 data
2026-03-09 16:05:21.705 13470-13503 gralloc4                com.tacke.music                      E  Empty SMPTE 2094-40 data
2026-03-09 16:05:21.711 13470-13503 gralloc4                com.tacke.music                      E  Empty SMPTE 2094-40 data
2026-03-09 16:05:21.718 13470-13503 gralloc4                com.tacke.music                      E  Empty SMPTE 2094-40 data
2026-03-09 16:05:22.957 13470-13503 gralloc4                com.tacke.music                      E  Empty SMPTE 2094-40 data
2026-03-09 16:05:22.969 13470-13503 gralloc4                com.tacke.music                      E  Empty SMPTE 2094-40 data
2026-03-09 16:05:22.977 13470-13503 gralloc4                com.tacke.music                      E  Empty SMPTE 2094-40 data
2026-03-09 16:05:22.986 13470-13503 gralloc4                com.tacke.music                      E  Empty SMPTE 2094-40 data
2026-03-09 16:05:23.003 13470-13503 gralloc4                com.tacke.music                      E  Empty SMPTE 2094-40 data
2026-03-09 16:05:23.006 13470-13503 gralloc4                com.tacke.music                      E  Empty SMPTE 2094-40 data
2026-03-09 16:05:23.012 13470-13503 gralloc4                com.tacke.music                      E  Empty SMPTE 2094-40 data
2026-03-09 16:05:23.018 13470-13503 gralloc4                com.tacke.music                      E  Empty SMPTE 2094-40 data
2026-03-09 16:05:23.028 13470-13503 gralloc4                com.tacke.music                      E  Empty SMPTE 2094-40 data
2026-03-09 16:05:23.035 13470-13503 gralloc4                com.tacke.music                      E  Empty SMPTE 2094-40 data
2026-03-09 16:05:23.043 13470-13503 gralloc4                com.tacke.music                      E  Empty SMPTE 2094-40 data
2026-03-09 16:05:23.051 13470-13503 gralloc4                com.tacke.music                      E  Empty SMPTE 2094-40 data
2026-03-09 16:05:23.059 13470-13503 gralloc4                com.tacke.music                      E  Empty SMPTE 2094-40 data
2026-03-09 16:05:23.069 13470-13503 gralloc4                com.tacke.music                      E  Empty SMPTE 2094-40 data
2026-03-09 16:05:23.076 13470-13503 gralloc4                com.tacke.music                      E  Empty SMPTE 2094-40 data
2026-03-09 16:05:24.186 13470-13503 gralloc4                com.tacke.music                      E  Empty SMPTE 2094-40 data
2026-03-09 16:05:24.192 13470-13503 gralloc4                com.tacke.music                      E  Empty SMPTE 2094-40 data
2026-03-09 16:05:24.200 13470-13503 gralloc4                com.tacke.music                      E  Empty SMPTE 2094-40 data
2026-03-09 16:05:24.209 13470-13503 gralloc4                com.tacke.music                      E  Empty SMPTE 2094-40 data
2026-03-09 16:05:24.219 13470-13503 gralloc4                com.tacke.music                      E  Empty SMPTE 2094-40 data
2026-03-09 16:05:24.228 13470-13503 gralloc4                com.tacke.music                      E  Empty SMPTE 2094-40 data
2026-03-09 16:05:24.238 13470-13503 gralloc4                com.tacke.music                      E  Empty SMPTE 2094-40 data
2026-03-09 16:05:24.244 13470-13503 gralloc4                com.tacke.music                      E  Empty SMPTE 2094-40 data
2026-03-09 16:05:24.253 13470-13503 gralloc4                com.tacke.music                      E  Empty SMPTE 2094-40 data
2026-03-09 16:05:24.263 13470-13503 gralloc4                com.tacke.music                      E  Empty SMPTE 2094-40 data
2026-03-09 16:05:24.273 13470-13503 gralloc4                com.tacke.music                      E  Empty SMPTE 2094-40 data
2026-03-09 16:05:24.281 13470-13503 gralloc4                com.tacke.music                      E  Empty SMPTE 2094-40 data
2026-03-09 16:05:24.289 13470-13470 IS_CTS_MODE             com.tacke.music                      D  false
2026-03-09 16:05:24.289 13470-13470 MULTI_WINDOW_ENABLED    com.tacke.music                      D  false
2026-03-09 16:05:24.289 13470-13503 gralloc4                com.tacke.music                      E  Empty SMPTE 2094-40 data
2026-03-09 16:05:24.298 13470-13503 gralloc4                com.tacke.music                      E  Empty SMPTE 2094-40 data
2026-03-09 16:05:24.306 13470-13503 gralloc4                com.tacke.music                      E  Empty SMPTE 2094-40 data
2026-03-09 16:05:24.314 13470-13503 gralloc4                com.tacke.music                      E  Empty SMPTE 2094-40 data
2026-03-09 16:05:24.321 13470-13503 gralloc4                com.tacke.music                      E  Empty SMPTE 2094-40 data
2026-03-09 16:05:24.330 13470-13503 gralloc4                com.tacke.music                      E  Empty SMPTE 2094-40 data
2026-03-09 16:05:24.338 13470-13503 gralloc4                com.tacke.music                      E  Empty SMPTE 2094-40 data
2026-03-09 16:05:24.348 13470-13503 gralloc4                com.tacke.music                      E  Empty SMPTE 2094-40 data
2026-03-09 16:05:24.352 13470-13470 VRI[Favori...sActivity] com.tacke.music                      D  hardware acceleration = true, forceHwAccelerated = false
2026-03-09 16:05:24.353 13470-13470 DecorView[]             com.tacke.music                      D  updateDecorCaptionStatus windowMode is 1
2026-03-09 16:05:24.356 13470-13503 gralloc4                com.tacke.music                      E  Empty SMPTE 2094-40 data
2026-03-09 16:05:24.363 13470-13503 gralloc4                com.tacke.music                      E  Empty SMPTE 2094-40 data
2026-03-09 16:05:24.371 13470-13503 gralloc4                com.tacke.music                      E  Empty SMPTE 2094-40 data
2026-03-09 16:05:24.380 13470-13503 gralloc4                com.tacke.music                      E  Empty SMPTE 2094-40 data
2026-03-09 16:05:24.388 13470-13503 gralloc4                com.tacke.music                      E  Empty SMPTE 2094-40 data
2026-03-09 16:05:24.396 13470-13503 gralloc4                com.tacke.music                      E  Empty SMPTE 2094-40 data
2026-03-09 16:05:24.397 13470-13470 BufferQueueConsumer     com.tacke.music                      D  [](id:349e00000009,api:0,p:-1,c:13470) connect: controlledByApp=false
2026-03-09 16:05:24.405 13470-13503 gralloc4                com.tacke.music                      E  Empty SMPTE 2094-40 data
2026-03-09 16:05:24.413 13470-13503 gralloc4                com.tacke.music                      E  Empty SMPTE 2094-40 data
2026-03-09 16:05:24.417 13470-13503 gralloc4                com.tacke.music                      E  Empty SMPTE 2094-40 data
2026-03-09 16:05:24.417 13470-13503 BLASTBufferQueue        com.tacke.music                      D  [VRI[FavoriteSongsActivity]#9](f:0,a:1) acquireNextBufferLocked size=1590x1650 mFrameNumber=1 applyTransaction=true mTimestamp=591375508929632(auto) mPendingTransactions.size=0 graphicBufferId=57853209477159 transform=0
2026-03-09 16:05:24.417 13470-13503 Parcel                  com.tacke.music                      W  Expecting binder but got null!
2026-03-09 16:05:24.421 13470-13503 gralloc4                com.tacke.music                      E  Empty SMPTE 2094-40 data
2026-03-09 16:05:24.430 13470-13503 gralloc4                com.tacke.music                      E  Empty SMPTE 2094-40 data
2026-03-09 16:05:24.432 13470-13470 DecorView[]             com.tacke.music                      D  onWindowFocusChanged hasWindowFocus false
2026-03-09 16:05:24.438 13470-13503 gralloc4                com.tacke.music                      E  Empty SMPTE 2094-40 data
2026-03-09 16:05:24.440 13470-13503 gralloc4                com.tacke.music                      E  Empty SMPTE 2094-40 data
2026-03-09 16:05:24.445 13470-13503 gralloc4                com.tacke.music                      E  Empty SMPTE 2094-40 data
2026-03-09 16:05:24.446 13470-13503 gralloc4                com.tacke.music                      E  Empty SMPTE 2094-40 data
2026-03-09 16:05:24.453 13470-13503 gralloc4                com.tacke.music                      E  Empty SMPTE 2094-40 data
2026-03-09 16:05:24.459 13470-13470 DecorView[]             com.tacke.music                      D  onWindowFocusChanged hasWindowFocus true
2026-03-09 16:05:24.463 13470-13503 gralloc4                com.tacke.music                      E  Empty SMPTE 2094-40 data
2026-03-09 16:05:24.470 13470-13503 gralloc4                com.tacke.music                      E  Empty SMPTE 2094-40 data
2026-03-09 16:05:24.478 13470-13503 gralloc4                com.tacke.music                      E  Empty SMPTE 2094-40 data
2026-03-09 16:05:24.487 13470-13503 gralloc4                com.tacke.music                      E  Empty SMPTE 2094-40 data
2026-03-09 16:05:24.495 13470-13503 gralloc4                com.tacke.music                      E  Empty SMPTE 2094-40 data
2026-03-09 16:05:24.504 13470-13503 gralloc4                com.tacke.music                      E  Empty SMPTE 2094-40 data
2026-03-09 16:05:24.512 13470-13503 gralloc4                com.tacke.music                      E  Empty SMPTE 2094-40 data
2026-03-09 16:05:24.520 13470-13503 gralloc4                com.tacke.music                      E  Empty SMPTE 2094-40 data
2026-03-09 16:05:24.528 13470-13503 gralloc4                com.tacke.music                      E  Empty SMPTE 2094-40 data
2026-03-09 16:05:24.537 13470-13503 gralloc4                com.tacke.music                      E  Empty SMPTE 2094-40 data
2026-03-09 16:05:24.545 13470-13503 gralloc4                com.tacke.music                      E  Empty SMPTE 2094-40 data
2026-03-09 16:05:24.555 13470-13503 gralloc4                com.tacke.music                      E  Empty SMPTE 2094-40 data
2026-03-09 16:05:24.561 13470-13503 gralloc4                com.tacke.music                      E  Empty SMPTE 2094-40 data
2026-03-09 16:05:24.569 13470-13503 gralloc4                com.tacke.music                      E  Empty SMPTE 2094-40 data
2026-03-09 16:05:24.577 13470-13503 gralloc4                com.tacke.music                      E  Empty SMPTE 2094-40 data
2026-03-09 16:05:24.586 13470-13503 gralloc4                com.tacke.music                      E  Empty SMPTE 2094-40 data
2026-03-09 16:05:24.594 13470-13503 gralloc4                com.tacke.music                      E  Empty SMPTE 2094-40 data
2026-03-09 16:05:24.602 13470-13503 gralloc4                com.tacke.music                      E  Empty SMPTE 2094-40 data
2026-03-09 16:05:24.611 13470-13503 gralloc4                com.tacke.music                      E  Empty SMPTE 2094-40 data
2026-03-09 16:05:24.619 13470-13503 gralloc4                com.tacke.music                      E  Empty SMPTE 2094-40 data
2026-03-09 16:05:24.627 13470-13503 gralloc4                com.tacke.music                      E  Empty SMPTE 2094-40 data
2026-03-09 16:05:24.636 13470-13503 gralloc4                com.tacke.music                      E  Empty SMPTE 2094-40 data
2026-03-09 16:05:24.642 13470-13503 gralloc4                com.tacke.music                      E  Empty SMPTE 2094-40 data
2026-03-09 16:05:24.652 13470-13503 gralloc4                com.tacke.music                      E  Empty SMPTE 2094-40 data
2026-03-09 16:05:24.660 13470-13503 gralloc4                com.tacke.music                      E  Empty SMPTE 2094-40 data
2026-03-09 16:05:24.668 13470-13503 gralloc4                com.tacke.music                      E  Empty SMPTE 2094-40 data
2026-03-09 16:05:24.676 13470-13503 gralloc4                com.tacke.music                      E  Empty SMPTE 2094-40 data
2026-03-09 16:05:24.685 13470-13503 gralloc4                com.tacke.music                      E  Empty SMPTE 2094-40 data
2026-03-09 16:05:24.693 13470-13503 gralloc4                com.tacke.music                      E  Empty SMPTE 2094-40 data
2026-03-09 16:05:24.701 13470-13503 gralloc4                com.tacke.music                      E  Empty SMPTE 2094-40 data
2026-03-09 16:05:24.710 13470-13503 gralloc4                com.tacke.music                      E  Empty SMPTE 2094-40 data
2026-03-09 16:05:24.718 13470-13503 gralloc4                com.tacke.music                      E  Empty SMPTE 2094-40 data
2026-03-09 16:05:24.726 13470-13503 gralloc4                com.tacke.music                      E  Empty SMPTE 2094-40 data
2026-03-09 16:05:24.735 13470-13503 gralloc4                com.tacke.music                      E  Empty SMPTE 2094-40 data
2026-03-09 16:05:24.743 13470-13503 gralloc4                com.tacke.music                      E  Empty SMPTE 2094-40 data
2026-03-09 16:05:24.751 13470-13503 gralloc4                com.tacke.music                      E  Empty SMPTE 2094-40 data
2026-03-09 16:05:24.759 13470-13503 gralloc4                com.tacke.music                      E  Empty SMPTE 2094-40 data
2026-03-09 16:05:24.767 13470-13503 gralloc4                com.tacke.music                      E  Empty SMPTE 2094-40 data
2026-03-09 16:05:24.776 13470-13503 gralloc4                com.tacke.music                      E  Empty SMPTE 2094-40 data
2026-03-09 16:05:24.784 13470-13503 gralloc4                com.tacke.music                      E  Empty SMPTE 2094-40 data
2026-03-09 16:05:24.792 13470-13503 gralloc4                com.tacke.music                      E  Empty SMPTE 2094-40 data
2026-03-09 16:05:24.800 13470-13503 gralloc4                com.tacke.music                      E  Empty SMPTE 2094-40 data
2026-03-09 16:05:24.809 13470-13503 gralloc4                com.tacke.music                      E  Empty SMPTE 2094-40 data
2026-03-09 16:05:24.816 13470-13503 gralloc4                com.tacke.music                      E  Empty SMPTE 2094-40 data
2026-03-09 16:05:24.825 13470-13503 gralloc4                com.tacke.music                      E  Empty SMPTE 2094-40 data
2026-03-09 16:05:24.833 13470-13503 gralloc4                com.tacke.music                      E  Empty SMPTE 2094-40 data
2026-03-09 16:05:24.842 13470-13503 gralloc4                com.tacke.music                      E  Empty SMPTE 2094-40 data
2026-03-09 16:05:24.850 13470-13503 gralloc4                com.tacke.music                      E  Empty SMPTE 2094-40 data
2026-03-09 16:05:24.858 13470-13503 gralloc4                com.tacke.music                      E  Empty SMPTE 2094-40 data
2026-03-09 16:05:24.866 13470-13503 gralloc4                com.tacke.music                      E  Empty SMPTE 2094-40 data
2026-03-09 16:05:24.874 13470-13503 gralloc4                com.tacke.music                      E  Empty SMPTE 2094-40 data
2026-03-09 16:05:24.883 13470-13503 gralloc4                com.tacke.music                      E  Empty SMPTE 2094-40 data
2026-03-09 16:05:24.891 13470-13503 gralloc4                com.tacke.music                      E  Empty SMPTE 2094-40 data
2026-03-09 16:05:24.899 13470-13503 gralloc4                com.tacke.music                      E  Empty SMPTE 2094-40 data
2026-03-09 16:05:24.907 13470-13503 gralloc4                com.tacke.music                      E  Empty SMPTE 2094-40 data
2026-03-09 16:05:24.915 13470-13503 gralloc4                com.tacke.music                      E  Empty SMPTE 2094-40 data
2026-03-09 16:05:24.924 13470-13503 gralloc4                com.tacke.music                      E  Empty SMPTE 2094-40 data
2026-03-09 16:05:24.932 13470-13503 gralloc4                com.tacke.music                      E  Empty SMPTE 2094-40 data
2026-03-09 16:05:24.940 13470-13503 gralloc4                com.tacke.music                      E  Empty SMPTE 2094-40 data
2026-03-09 16:05:24.949 13470-13503 gralloc4                com.tacke.music                      E  Empty SMPTE 2094-40 data
2026-03-09 16:05:24.957 13470-13503 gralloc4                com.tacke.music                      E  Empty SMPTE 2094-40 data
2026-03-09 16:05:24.965 13470-13503 gralloc4                com.tacke.music                      E  Empty SMPTE 2094-40 data
2026-03-09 16:05:24.973 13470-13503 gralloc4                com.tacke.music                      E  Empty SMPTE 2094-40 data
2026-03-09 16:05:24.982 13470-13503 gralloc4                com.tacke.music                      E  Empty SMPTE 2094-40 data
2026-03-09 16:05:24.990 13470-13503 gralloc4                com.tacke.music                      E  Empty SMPTE 2094-40 data
2026-03-09 16:05:24.998 13470-13503 gralloc4                com.tacke.music                      E  Empty SMPTE 2094-40 data
2026-03-09 16:05:25.006 13470-13503 gralloc4                com.tacke.music                      E  Empty SMPTE 2094-40 data
2026-03-09 16:05:25.015 13470-13503 gralloc4                com.tacke.music                      E  Empty SMPTE 2094-40 data
2026-03-09 16:05:25.023 13470-13503 gralloc4                com.tacke.music                      E  Empty SMPTE 2094-40 data
2026-03-09 16:05:25.031 13470-13503 gralloc4                com.tacke.music                      E  Empty SMPTE 2094-40 data
2026-03-09 16:05:25.039 13470-13503 gralloc4                com.tacke.music                      E  Empty SMPTE 2094-40 data
2026-03-09 16:05:25.048 13470-13503 gralloc4                com.tacke.music                      E  Empty SMPTE 2094-40 data
2026-03-09 16:05:25.056 13470-13503 gralloc4                com.tacke.music                      E  Empty SMPTE 2094-40 data
2026-03-09 16:05:25.065 13470-13503 gralloc4                com.tacke.music                      E  Empty SMPTE 2094-40 data
2026-03-09 16:05:25.072 13470-13503 gralloc4                com.tacke.music                      E  Empty SMPTE 2094-40 data
2026-03-09 16:05:25.080 13470-13503 gralloc4                com.tacke.music                      E  Empty SMPTE 2094-40 data
2026-03-09 16:05:25.446 13470-13503 gralloc4                com.tacke.music                      E  Empty SMPTE 2094-40 data
2026-03-09 16:05:25.450 13470-13503 gralloc4                com.tacke.music                      E  Empty SMPTE 2094-40 data
2026-03-09 16:05:25.457 13470-13532 NetworkLogger           com.tacke.music                      D  ╔═══════════════════════════════════════════════════════════════════
                                                                                                    ║ 网络请求 [2026-03-09 16:05:25.456]
                                                                                                    ╠═══════════════════════════════════════════════════════════════════
                                                                                                    ║ URL: http://103.207.68.185:9630/tunefree/parse
                                                                                                    ║ Method: POST
                                                                                                    ║ Headers:
                                                                                                    ║   user-agent: Dart/3.9 (dart:io)
                                                                                                    ║   accept-encoding: gzip
                                                                                                    ║ Body:
                                                                                                    ║   {"ids":"2153489801","platform":"netease","quality":"flac24bit"}
2026-03-09 16:05:25.459 13470-13532 TrafficStats            com.tacke.music                      D  tagSocket(5) with statsTag=0xffffffff, statsUid=-1
2026-03-09 16:05:25.459 13470-13532 System.out              com.tacke.music                      I  [com.mediatek.cta.CtaAdapter]:check permission begin!
2026-03-09 16:05:25.459 13470-13503 OpenGLRenderer          com.tacke.music                      D  endAllActiveAnimators on 0xb40000736f8b7200 (AlertController$RecycleListView) with handle 0xb400007381451f60
2026-03-09 16:05:25.460 13470-13470 View                    com.tacke.music                      D  [Warning] assignParent to null: this = DecorView@e0b725c[FavoriteSongsActivity]
2026-03-09 16:05:25.462 13470-13490 BLASTBufferQueue        com.tacke.music                      D  [VRI[FavoriteSongsActivity]#9](f:0,a:1) destructor()
2026-03-09 16:05:25.462 13470-13490 BufferQueueConsumer     com.tacke.music                      D  [VRI[FavoriteSongsActivity]#9(BLAST Consumer)9](id:349e00000009,api:0,p:-1,c:13470) disconnect
2026-03-09 16:05:25.487 13470-13470 DecorView[]             com.tacke.music                      D  onWindowFocusChanged hasWindowFocus true
2026-03-09 16:05:25.488 13470-13470 HandWritingStubImpl     com.tacke.music                      I  refreshLastKeyboardType: 1
2026-03-09 16:05:25.488 13470-13470 HandWritingStubImpl     com.tacke.music                      I  getCurrentKeyboardType: 1
2026-03-09 16:05:25.499 13470-13503 gralloc4                com.tacke.music                      E  Empty SMPTE 2094-40 data
2026-03-09 16:05:25.504 13470-13503 gralloc4                com.tacke.music                      E  Empty SMPTE 2094-40 data
2026-03-09 16:05:25.511 13470-13503 gralloc4                com.tacke.music                      E  Empty SMPTE 2094-40 data
2026-03-09 16:05:25.517 13470-13503 gralloc4                com.tacke.music                      E  Empty SMPTE 2094-40 data
2026-03-09 16:05:25.526 13470-13503 gralloc4                com.tacke.music                      E  Empty SMPTE 2094-40 data
2026-03-09 16:05:25.536 13470-13503 gralloc4                com.tacke.music                      E  Empty SMPTE 2094-40 data
2026-03-09 16:05:25.542 13470-13503 gralloc4                com.tacke.music                      E  Empty SMPTE 2094-40 data
2026-03-09 16:05:25.553 13470-13503 gralloc4                com.tacke.music                      E  Empty SMPTE 2094-40 data
2026-03-09 16:05:25.561 13470-13503 gralloc4                com.tacke.music                      E  Empty SMPTE 2094-40 data
2026-03-09 16:05:25.571 13470-13503 gralloc4                com.tacke.music                      E  Empty SMPTE 2094-40 data
2026-03-09 16:05:25.582 13470-13503 gralloc4                com.tacke.music                      E  Empty SMPTE 2094-40 data
2026-03-09 16:05:25.590 13470-13503 gralloc4                com.tacke.music                      E  Empty SMPTE 2094-40 data
2026-03-09 16:05:26.222 13470-13532 NetworkLogger           com.tacke.music                      D  ║ Response:
                                                                                                    ║   Status Code: 200
                                                                                                    ║   Duration: 761ms
                                                                                                    ║   Headers:
                                                                                                    ║     date: Mon, 09 Mar 2026 08:05:25 GMT
                                                                                                    ║     server: uvicorn
                                                                                                    ║     content-length: 2384
                                                                                                    ║     content-type: application/json
                                                                                                    ║   Body:
                                                                                                    ║     {"code":0,"success":true,"message":"Success","data":{"data":[{"id":"2153489801","success":true,"url":"http://m801.music.126.net/20260309163026/a6bbfa146aca0dd21ac54d19ad92fd5b/jdymusic/obj/wo3DlMOGwrbDjj7DisKw/35983230307/88fa/55e6/3d32/98f654be30a1a9bf51350ed9706e9f47.flac","info":{"name":"你奔向春野","artist":"银临","album":"山色有无中","duration":267},"cover":"https://p2.music.126.net/YML7Ir-Bo1w1siux6LzxDQ==/109951170382582207.jpg","lyrics":"[00:01.793]你听见 寥远的莺啭箫鼓\n[00:10.919]久别的 千斛明河与江畔的花树\n[00:22.940]天地中 万物生灵在泅渡\n[00:30.102]漫长的 阒寂的旅途\n[00:35.347]找寻着 找寻着 春风归向何处\n[00:46.612]就战栗着去畅饮霜雪凛冽\n[00:52.369]一息柔风 凿破无边长夜\n[00:58.931]山岚振翮的白鹇\n[01:01.597]甘棠初生的枝叶\n[01:04.883]心游万仞的瞬间\n[01:10.597]最悱恻诗篇是温柔的训诫\n[01:16.403]你的记忆 为何他人书写\n[01:22.705]终有一日会抛却\n[01:25.620]生来恪守的虚言\n[01:28.652]燃烧的春夜\n[01:37.481]你不是 蝴蝶沉眠于华屋\n[01:46.800]你不是 史册娴静而模糊的笔触\n[01:58.724]天地中 山灵海魄都荒芜\n[02:06.055]沉默的 含情的造物\n[02:10.914]祝祷着 祝祷着 春风人间信步\n[02:22.528]就战栗着去畅饮霜雪凛冽\n[02:28.720]一息柔风 凿破无边长夜\n[02:35.018]山岚振翮的白鹇\n[02:37.598]甘棠初生的枝叶\n[02:40.894]心游万仞的瞬间\n[02:46.648]最悱恻诗篇是温柔的训诫\n[02:52.863]你的记忆 为何他人书写\n[02:58.765]终有一日会抛却\n[03:01.924]生来恪守的虚言\n[03:04.855]燃烧的春夜\n[03:11.673]明明上天 照临四野\n[03:18.379]山鹤林鹿 潜鳞与飞鸢\n[03:23.678]就与山川 缔结芳春的誓约\n[03:34.363]最盛大破茧是与自己告别\n[03:40.792]花树灼灼 非关词客眷恋\n[03:46.998]恰似一刹的烛焰\n[03:49.814]循着万古的诺言\n[03:53.023]你奔向春野\n[04:08.814]统筹 Coordinator：旺仔\n[04:10.279]OP：银临工作室\n[04:11.795]SP：万象凡音\n[04:14.799]-E-","wordByWordLyrics":null,"hasWordByWord":false,"requestedQuality":"flac24bit","actualQuality":"flac24bit","qualityMatch":true,"wasDowngraded":false,"fileSize":55191677,"responseTime":404,"expire":1800}],"total":1,"success_count":1,"fail_count":0,"cache_hit_count":0,"cost":1}}
                                                                                                    ╚═══════════════════════════════════════════════════════════════════
2026-03-09 16:05:26.232 13470-13512 DownloadManager         com.tacke.music                      D  Starting download: 你奔向春野, file exists: false, downloadedBytes: 0, canWrite: false
2026-03-09 16:05:26.233 13470-13532 NetworkLogger           com.tacke.music                      D  ╔═══════════════════════════════════════════════════════════════════
                                                                                                    ║ 网络请求 [2026-03-09 16:05:26.232]
                                                                                                    ╠═══════════════════════════════════════════════════════════════════
                                                                                                    ║ URL: http://103.207.68.185:9630/tunefree/parse
                                                                                                    ║ Method: POST
                                                                                                    ║ Headers:
                                                                                                    ║   user-agent: Dart/3.9 (dart:io)
                                                                                                    ║   accept-encoding: gzip
                                                                                                    ║ Body:
                                                                                                    ║   {"ids":"546644395","platform":"kuwo","quality":"flac24bit"}
2026-03-09 16:05:26.257 13470-13512 TrafficStats            com.tacke.music                      D  tagSocket(93) with statsTag=0xffffffff, statsUid=-1
2026-03-09 16:05:26.257 13470-13512 System.out              com.tacke.music                      I  [com.mediatek.cta.CtaAdapter]:check permission begin!
2026-03-09 16:05:26.306 13470-13512 DownloadManager         com.tacke.music                      D  Response code for 你奔向春野: 200
2026-03-09 16:05:27.142 13470-13532 NetworkLogger           com.tacke.music                      D  ║ Response:
                                                                                                    ║   Status Code: 200
                                                                                                    ║   Duration: 904ms
                                                                                                    ║   Headers:
                                                                                                    ║     date: Mon, 09 Mar 2026 08:05:26 GMT
                                                                                                    ║     server: uvicorn
                                                                                                    ║     content-length: 2864
                                                                                                    ║     content-type: application/json
                                                                                                    ║   Body:
                                                                                                    ║     {"code":0,"success":true,"message":"Success","data":{"data":[{"id":"546644395","success":true,"url":"http://lv.sycdn.kuwo.cn/a51005d125889cc562f83fb342d97fc4/69ae7f47/resource/1307392909/trackmedia/F0000009j6BG0Gi9SP.flac?bitrate$2000&format$flac&source$kwplayer_ar_5.0.0.0_B_jiakong_vh.apk&type$convert_url_with_sign&user$0064007&loginUid$","info":{"name":"天和山雨雪","artist":"银临, 司南","album":"天和山雨雪","duration":244},"cover":"http://img1.kwcdn.kuwo.cn/star/albumcover/500/s4s47/53/1203542148.jpg","lyrics":"[00:03.198]尺八：杨泽\n[00:04.264]电吉他：李萌\n[00:05.330]配唱制作人：灰原穷\n[00:09.594]统筹：姜瑜\n[00:10.660]OP：银临工作室\n[00:11.726]SP：大象有风\n[00:12.792]【版权所有，未经许可，翻版必究】\n[00:13.860]像玩耍一样\n[00:14.430]度过一首歌或一生。\n[00:23.070]题记\n[00:29.250]司南：\n[00:34.980]天衢长星遥引\n[00:39.540]瞰世人从生到死到尘烬\n[00:45.960]细雪如漫天轻鳞\n[00:50.250]云游红颜白发无声亦无垠\n[00:54.030]银临：\n[00:56.310]山雨滂沱晚来频\n[01:01.860]霜风最喜万物凛\n[01:07.500]人烟漂泊梦醒处\n[01:12.330]一川星月慰如今\n[01:17.310]司南：\n[01:17.760]千丈晴光捉云尾\n[01:20.940]接天草色似春追\n[01:24.000]剔透心怀一碗冰花碎\n[01:28.170]银临：\n[01:28.800]我曾是我来时月\n[01:31.620]亦将化作去时灰\n[01:34.740]不苛求是对自己最深的慈悲\n[01:49.080]银临：\n[02:03.180]生命从来嶙峋\n[02:07.860]渡星河奔走尘寰赴险韵\n[02:14.370]月色与遗憾为邻\n[02:18.540]人落在土壤中就长出回音\n[02:23.820]司南：\n[02:24.690]天风吹堕满湖云\n[02:30.180]沉浮世间情纷纭\n[02:35.760]逆旅慷慨留客住\n[02:40.530]行人各自泣兰因\n[02:45.840]合：\n[02:46.110]烟波澹荡三千岁\n[02:49.200]月寒日暖尽来催\n[02:52.260]回首诸事言痴不言悔\n[02:57.060]我在此身茫茫夜\n[02:59.910]亦在彼心赏烟霏\n[03:03.000]放下万重山才可向天光高飞\n[03:08.550]司南：\n[03:09.180]天下 风一堆 花一堆\n[03:12.000]人世 生在逃 死在追\n[03:14.730]隐去 鹿青山 鱼白水\n[03:17.220]凉月洗尘 风雪倾杯\n[03:20.010]银临：\n[03:20.280]浪迹 向淮南 向漠北\n[03:23.010]见过 玲珑心 罥烟眉\n[03:25.710]虚舟荡天地 不归不归\n[03:29.670]合：\n[03:30.210]千丈晴光捉云尾\n[03:33.330]接天草色似春追\n[03:36.450]忘却一场憾事的原委\n[03:41.160]我曾淋我来时雪\n[03:44.040]亦将长歌去时晖\n[03:47.160]不苛求是对世间最深的慈悲","wordByWordLyrics":null,"hasWordByWord":false,"requestedQuality":"flac24bit","actualQuality":"flac","qualityMatch":false,"wasDowngraded":true,"responseTime":131,"expire":1800}],"total":1,"success_count":1,"fail_count":0,"cache_hit_count":0,"cost":1}}
                                                                                                    ╚═══════════════════════════════════════════════════════════════════
2026-03-09 16:05:27.148 13470-13470 Compatibil...geReporter com.tacke.music                      D  Compat change id reported: 147798919; UID 10319; state: ENABLED
2026-03-09 16:05:27.149 13470-13518 DownloadManager         com.tacke.music                      D  Starting download: 天和山雨雪, file exists: false, downloadedBytes: 0, canWrite: false
2026-03-09 16:05:27.199 13470-13518 TrafficStats            com.tacke.music                      D  tagSocket(162) with statsTag=0xffffffff, statsUid=-1
2026-03-09 16:05:27.199 13470-13518 System.out              com.tacke.music                      I  [com.mediatek.cta.CtaAdapter]:check permission begin!
2026-03-09 16:05:27.218 13470-13503 gralloc4                com.tacke.music                      E  Empty SMPTE 2094-40 data
2026-03-09 16:05:27.221 13470-13503 gralloc4                com.tacke.music                      E  Empty SMPTE 2094-40 data
2026-03-09 16:05:27.224 13470-13503 gralloc4                com.tacke.music                      E  Empty SMPTE 2094-40 data
2026-03-09 16:05:27.235 13470-13503 gralloc4                com.tacke.music                      E  Empty SMPTE 2094-40 data
2026-03-09 16:05:27.238 13470-13503 gralloc4                com.tacke.music                      E  Empty SMPTE 2094-40 data
2026-03-09 16:05:27.246 13470-13503 gralloc4                com.tacke.music                      E  Empty SMPTE 2094-40 data
2026-03-09 16:05:27.255 13470-13503 gralloc4                com.tacke.music                      E  Empty SMPTE 2094-40 data
2026-03-09 16:05:27.263 13470-13503 gralloc4                com.tacke.music                      E  Empty SMPTE 2094-40 data
2026-03-09 16:05:27.264 13470-13503 RenderInspector         com.tacke.music                      W  DequeueBuffer time out on com.tacke.music/com.tacke.music.ui.FavoriteSongsActivity, count=1, avg=8 ms, max=8 ms.
2026-03-09 16:05:27.271 13470-13503 gralloc4                com.tacke.music                      E  Empty SMPTE 2094-40 data
2026-03-09 16:05:27.279 13470-13503 gralloc4                com.tacke.music                      E  Empty SMPTE 2094-40 data
2026-03-09 16:05:27.287 13470-13503 gralloc4                com.tacke.music                      E  Empty SMPTE 2094-40 data
2026-03-09 16:05:27.296 13470-13503 gralloc4                com.tacke.music                      E  Empty SMPTE 2094-40 data
2026-03-09 16:05:27.298 13470-13518 DownloadManager         com.tacke.music                      D  Response code for 天和山雨雪: 200
2026-03-09 16:05:28.100 13470-13470 skia                    com.tacke.music                      D  SkJpegCodec::onGetPixels +
2026-03-09 16:05:28.100 13470-13470 DMABUFHEAPS             com.tacke.music                      I  Using DMA-BUF heap named: mtk_mm
2026-03-09 16:05:28.101 13470-13470 skia                    com.tacke.music                      D  stream getLength() not supported, use temp buffer for loading stream, buffer addr 0x7412c85000 length 371343
2026-03-09 16:05:28.101 13470-13470 skia                    com.tacke.music                      D  LoadInputStreamToMem va 0x7412c85000  size 373632
2026-03-09 16:05:28.101 13470-13470 libjpeg-alpha           com.tacke.music                      D  Huffman Builder run in subthread
2026-03-09 16:05:28.101 13470-13470 libjpeg-alpha           com.tacke.music                      D  Tile Decoder (#thread:4, size:512 256 256 256x320, alignment:256x16)
2026-03-09 16:05:28.103 13470-13959 libjpeg-alpha           com.tacke.music                      D  [Hybrid] Wait IRQ thread (13959)
2026-03-09 16:05:28.105 13470-13959 libjpeg-alpha           com.tacke.music                      D  [Hybrid] Wait IRQ thread terminated
2026-03-09 16:05:28.113 13470-13470 skia                    com.tacke.music                      D  SkJpegCodec::onGetPixels -
2026-03-09 16:05:28.124 13470-13470 BufferQueueConsumer     com.tacke.music                      D  [](id:349e0000000a,api:0,p:-1,c:13470) connect: controlledByApp=false
2026-03-09 16:05:28.134 13470-13503 gralloc4                com.tacke.music                      E  Empty SMPTE 2094-40 data
2026-03-09 16:05:28.134 13470-13503 BLASTBufferQueue        com.tacke.music                      D  [VRI[ProfileActivity]#10](f:0,a:1) acquireNextBufferLocked size=1440x3200 mFrameNumber=1 applyTransaction=true mTimestamp=591379226070248(auto) mPendingTransactions.size=0 graphicBufferId=57853209477161 transform=0
2026-03-09 16:05:28.135 13470-13470 DecorView[]             com.tacke.music                      D  onWindowFocusChanged hasWindowFocus false
2026-03-09 16:05:28.141 13470-13503 gralloc4                com.tacke.music                      E  Empty SMPTE 2094-40 data
2026-03-09 16:05:28.149 13470-13503 gralloc4                com.tacke.music                      E  Empty SMPTE 2094-40 data
2026-03-09 16:05:28.153 13470-13470 DecorView[]             com.tacke.music                      D  onWindowFocusChanged hasWindowFocus true
2026-03-09 16:05:28.153 13470-13470 HandWritingStubImpl     com.tacke.music                      I  refreshLastKeyboardType: 1
2026-03-09 16:05:28.153 13470-13470 HandWritingStubImpl     com.tacke.music                      I  getCurrentKeyboardType: 1
2026-03-09 16:05:28.158 13470-13503 gralloc4                com.tacke.music                      E  Empty SMPTE 2094-40 data
2026-03-09 16:05:28.161 13470-13503 gralloc4                com.tacke.music                      E  Empty SMPTE 2094-40 data
2026-03-09 16:05:28.166 13470-13503 gralloc4                com.tacke.music                      E  Empty SMPTE 2094-40 data
2026-03-09 16:05:28.168 13470-13503 gralloc4                com.tacke.music                      E  Empty SMPTE 2094-40 data
2026-03-09 16:05:28.174 13470-13503 gralloc4                com.tacke.music                      E  Empty SMPTE 2094-40 data
2026-03-09 16:05:28.177 13470-13503 gralloc4                com.tacke.music                      E  Empty SMPTE 2094-40 data
2026-03-09 16:05:28.182 13470-13503 gralloc4                com.tacke.music                      E  Empty SMPTE 2094-40 data
2026-03-09 16:05:28.183 13470-13503 gralloc4                com.tacke.music                      E  Empty SMPTE 2094-40 data
2026-03-09 16:05:28.190 13470-13503 gralloc4                com.tacke.music                      E  Empty SMPTE 2094-40 data
2026-03-09 16:05:28.192 13470-13503 gralloc4                com.tacke.music                      E  Empty SMPTE 2094-40 data
2026-03-09 16:05:28.197  2463-2973  ActivityManagerWrapper  com.miui.home                        E  getRecentTasks: mainTaskId=2861   userId=0   baseIntent=Intent { act=android.intent.action.MAIN flag=270532608 cmp=ComponentInfo{com.tacke.music/com.tacke.music.ui.MainActivity} }
2026-03-09 16:05:28.199 13470-13503 gralloc4                com.tacke.music                      E  Empty SMPTE 2094-40 data
2026-03-09 16:05:28.200 13470-13503 gralloc4                com.tacke.music                      E  Empty SMPTE 2094-40 data
2026-03-09 16:05:28.207 13470-13503 gralloc4                com.tacke.music                      E  Empty SMPTE 2094-40 data
2026-03-09 16:05:28.208 13470-13503 gralloc4                com.tacke.music                      E  Empty SMPTE 2094-40 data
2026-03-09 16:05:28.212  2463-2973  ActivityManagerWrapper  com.miui.home                        E  getRecentTasks: mainTaskId=2861   userId=0   baseIntent=Intent { act=android.intent.action.MAIN flag=270532608 cmp=ComponentInfo{com.tacke.music/com.tacke.music.ui.MainActivity} }
2026-03-09 16:05:28.215 13470-13503 gralloc4                com.tacke.music                      E  Empty SMPTE 2094-40 data
2026-03-09 16:05:28.216 13470-13503 gralloc4                com.tacke.music                      E  Empty SMPTE 2094-40 data
2026-03-09 16:05:28.225 13470-13503 gralloc4                com.tacke.music                      E  Empty SMPTE 2094-40 data
2026-03-09 16:05:28.226 13470-13503 gralloc4                com.tacke.music                      E  Empty SMPTE 2094-40 data
2026-03-09 16:05:28.231 13470-13503 gralloc4                com.tacke.music                      E  Empty SMPTE 2094-40 data
2026-03-09 16:05:28.232 13470-13503 gralloc4                com.tacke.music                      E  Empty SMPTE 2094-40 data
2026-03-09 16:05:28.241 13470-13503 gralloc4                com.tacke.music                      E  Empty SMPTE 2094-40 data
2026-03-09 16:05:28.249 13470-13503 gralloc4                com.tacke.music                      E  Empty SMPTE 2094-40 data
2026-03-09 16:05:28.665 13470-13470 BLASTBufferQueue        com.tacke.music                      D  [VRI[FavoriteSongsActivity]#8](f:0,a:1) destructor()
2026-03-09 16:05:28.665 13470-13470 BufferQueueConsumer     com.tacke.music                      D  [VRI[FavoriteSongsActivity]#8(BLAST Consumer)8](id:349e00000008,api:0,p:-1,c:13470) disconnect
2026-03-09 16:05:28.684 13470-13470 View                    com.tacke.music                      D  [Warning] assignParent to null: this = DecorView@1f04dba[FavoriteSongsActivity]
2026-03-09 16:05:28.780 13470-13503 gralloc4                com.tacke.music                      E  Empty SMPTE 2094-40 data
2026-03-09 16:05:28.786 13470-13503 gralloc4                com.tacke.music                      E  Empty SMPTE 2094-40 data
2026-03-09 16:05:28.795 13470-13503 gralloc4                com.tacke.music                      E  Empty SMPTE 2094-40 data
2026-03-09 16:05:28.803 13470-13503 gralloc4                com.tacke.music                      E  Empty SMPTE 2094-40 data
2026-03-09 16:05:28.805 13470-13973 libMEOW                 com.tacke.music                      D  meow new tls: 0xb40000736b9ccb80
2026-03-09 16:05:28.805 13470-13973 libMEOW                 com.tacke.music                      D  applied 1 plugins for [com.tacke.music]:
2026-03-09 16:05:28.805 13470-13973 libMEOW                 com.tacke.music                      D    plugin 1: [libMEOW_gift.so]:
2026-03-09 16:05:28.806 13470-13973 libMEOW                 com.tacke.music                      D  meow delete tls: 0xb40000736b9ccb80
2026-03-09 16:05:28.808 13470-13470 MiuiMultiWindowAdapter  com.tacke.music                      D  MiuiMultiWindowAdapter::getFreeformVideoWhiteListInSystem::LIST_ABOUT_SUPPORT_LANDSCAPE_VIDEO = [com.hunantv.imgo.activity, com.tencent.qqlive, com.qiyi.video, com.hunantv.imgo.activity.inter, com.tencent.qqlivei18n, com.iqiyi.i18n, tv.danmaku.bili]
2026-03-09 16:05:28.812 13470-13503 gralloc4                com.tacke.music                      E  Empty SMPTE 2094-40 data
2026-03-09 16:05:28.817 13470-13506 ViewContentFactory      com.tacke.music                      D  initViewContentFetcherClass
2026-03-09 16:05:28.818 13470-13506 ContentCatcher          com.tacke.music                      I  ViewContentFetcher : ViewContentFetcher
2026-03-09 16:05:28.818 13470-13506 ViewContentFactory      com.tacke.music                      D  createInterceptor took 1ms
2026-03-09 16:05:28.818 13470-13503 gralloc4                com.tacke.music                      E  Empty SMPTE 2094-40 data
2026-03-09 16:05:28.827 13470-13503 gralloc4                com.tacke.music                      E  Empty SMPTE 2094-40 data
2026-03-09 16:05:28.834 13470-13470 IS_CTS_MODE             com.tacke.music                      D  false
2026-03-09 16:05:28.834 13470-13470 MULTI_WINDOW_ENABLED    com.tacke.music                      D  false
2026-03-09 16:05:28.835 13470-13470 DecorView[]             com.tacke.music                      D  getWindowModeFromSystem  windowmode is 1
2026-03-09 16:05:28.836 13470-13503 gralloc4                com.tacke.music                      E  Empty SMPTE 2094-40 data
2026-03-09 16:05:28.844 13470-13503 gralloc4                com.tacke.music                      E  Empty SMPTE 2094-40 data
2026-03-09 16:05:28.850 13470-13470 VRI[DownloadActivity]   com.tacke.music                      D  hardware acceleration = true, forceHwAccelerated = false
2026-03-09 16:05:28.851 13470-13470 DecorView[]             com.tacke.music                      D  getWindowModeFromSystem  windowmode is 1
2026-03-09 16:05:28.851 13470-13470 DecorView[]             com.tacke.music                      D  updateDecorCaptionStatus windowMode is 1
2026-03-09 16:05:28.851 13470-13503 gralloc4                com.tacke.music                      E  Empty SMPTE 2094-40 data
2026-03-09 16:05:28.860 13470-13503 gralloc4                com.tacke.music                      E  Empty SMPTE 2094-40 data
2026-03-09 16:05:28.869 13470-13503 gralloc4                com.tacke.music                      E  Empty SMPTE 2094-40 data
2026-03-09 16:05:28.878 13470-13503 gralloc4                com.tacke.music                      E  Empty SMPTE 2094-40 data
2026-03-09 16:05:28.878 13470-13470 BufferQueueConsumer     com.tacke.music                      D  [](id:349e0000000b,api:0,p:-1,c:13470) connect: controlledByApp=false
2026-03-09 16:05:28.885 13470-13503 gralloc4                com.tacke.music                      E  Empty SMPTE 2094-40 data
2026-03-09 16:05:28.900 13470-13503 gralloc4                com.tacke.music                      E  Empty SMPTE 2094-40 data
2026-03-09 16:05:28.903 13470-13503 gralloc4                com.tacke.music                      E  Empty SMPTE 2094-40 data
2026-03-09 16:05:28.909  2463-2973  ActivityManagerWrapper  com.miui.home                        E  getRecentTasks: mainTaskId=2861   userId=0   baseIntent=Intent { act=android.intent.action.MAIN flag=270532608 cmp=ComponentInfo{com.tacke.music/com.tacke.music.ui.MainActivity} }
2026-03-09 16:05:28.911 13470-13503 gralloc4                com.tacke.music                      E  Empty SMPTE 2094-40 data
2026-03-09 16:05:28.919 13470-13503 gralloc4                com.tacke.music                      E  Empty SMPTE 2094-40 data
2026-03-09 16:05:28.919 13470-13503 BLASTBufferQueue        com.tacke.music                      D  [VRI[DownloadActivity]#11](f:0,a:1) acquireNextBufferLocked size=1440x3200 mFrameNumber=1 applyTransaction=true mTimestamp=591380011237325(auto) mPendingTransactions.size=0 graphicBufferId=57853209477167 transform=0
2026-03-09 16:05:28.920 13470-13503 Parcel                  com.tacke.music                      W  Expecting binder but got null!
2026-03-09 16:05:28.920 13470-13503 gralloc4                com.tacke.music                      E  Empty SMPTE 2094-40 data
2026-03-09 16:05:28.921 13470-13470 DecorView[]             com.tacke.music                      D  onWindowFocusChanged hasWindowFocus false
2026-03-09 16:05:28.924  2463-2973  ActivityManagerWrapper  com.miui.home                        E  getRecentTasks: mainTaskId=2861   userId=0   baseIntent=Intent { act=android.intent.action.MAIN flag=270532608 cmp=ComponentInfo{com.tacke.music/com.tacke.music.ui.MainActivity} }
2026-03-09 16:05:28.932 13470-13980 DMABUFHEAPS             com.tacke.music                      I  Using DMA-BUF heap named: mtk_mm
2026-03-09 16:05:28.932 13470-13980 skia                    com.tacke.music                      D  stream getLength() not supported, use temp buffer for loading stream, buffer addr 0x7412a71000 length 371343
2026-03-09 16:05:28.932 13470-13980 skia                    com.tacke.music                      D  LoadInputStreamToMem va 0x7412a71000  size 373632
2026-03-09 16:05:28.933 13470-13503 gralloc4                com.tacke.music                      E  Empty SMPTE 2094-40 data
2026-03-09 16:05:28.936 13470-13503 gralloc4                com.tacke.music                      E  Empty SMPTE 2094-40 data
2026-03-09 16:05:28.936 13470-13980 libjpeg-alpha           com.tacke.music                      D  Huffman Builder run in subthread
2026-03-09 16:05:28.937 13470-13980 libjpeg-alpha           com.tacke.music                      D  Tile Decoder (#thread:4, size:512 256 256 256x320, alignment:256x16)
2026-03-09 16:05:28.939 13470-13503 gralloc4                com.tacke.music                      E  Empty SMPTE 2094-40 data
2026-03-09 16:05:28.941 13470-13503 gralloc4                com.tacke.music                      E  Empty SMPTE 2094-40 data
2026-03-09 16:05:28.942 13470-13503 gralloc4                com.tacke.music                      E  Empty SMPTE 2094-40 data
2026-03-09 16:05:28.947 13470-13987 libjpeg-alpha           com.tacke.music                      D  [Hybrid] Wait IRQ thread (13987)
2026-03-09 16:05:28.953 13470-13503 gralloc4                com.tacke.music                      E  Empty SMPTE 2094-40 data
2026-03-09 16:05:28.958 13470-13503 gralloc4                com.tacke.music                      E  Empty SMPTE 2094-40 data
2026-03-09 16:05:28.961 13470-13503 gralloc4                com.tacke.music                      E  Empty SMPTE 2094-40 data
2026-03-09 16:05:28.964 13470-13470 DecorView[]             com.tacke.music                      D  onWindowFocusChanged hasWindowFocus true
2026-03-09 16:05:28.964 13470-13470 HandWritingStubImpl     com.tacke.music                      I  refreshLastKeyboardType: 1
2026-03-09 16:05:28.964 13470-13470 HandWritingStubImpl     com.tacke.music                      I  getCurrentKeyboardType: 1
2026-03-09 16:05:28.966 13470-13987 libjpeg-alpha           com.tacke.music                      D  [Hybrid] Wait IRQ thread terminated
2026-03-09 16:05:28.967 13470-13503 gralloc4                com.tacke.music                      E  Empty SMPTE 2094-40 data
2026-03-09 16:05:28.968 13470-13503 gralloc4                com.tacke.music                      E  Empty SMPTE 2094-40 data
2026-03-09 16:05:28.975 13470-13503 gralloc4                com.tacke.music                      E  Empty SMPTE 2094-40 data
2026-03-09 16:05:28.978 13470-13503 gralloc4                com.tacke.music                      E  Empty SMPTE 2094-40 data
2026-03-09 16:05:28.983 13470-13503 gralloc4                com.tacke.music                      E  Empty SMPTE 2094-40 data
2026-03-09 16:05:28.985 13470-13503 gralloc4                com.tacke.music                      E  Empty SMPTE 2094-40 data
2026-03-09 16:05:28.991 13470-13503 gralloc4                com.tacke.music                      E  Empty SMPTE 2094-40 data
2026-03-09 16:05:28.993 13470-13503 gralloc4                com.tacke.music                      E  Empty SMPTE 2094-40 data
2026-03-09 16:05:29.000 13470-13503 gralloc4                com.tacke.music                      E  Empty SMPTE 2094-40 data
