2026-03-09 16:05:11.476 13470-13470 BLASTBufferQueue        com.tacke.music                      D  [VRI[MainActivity]#0](f:0,a:1) destructor()
2026-03-09 16:05:11.476 13470-13470 BufferQueueConsumer     com.tacke.music                      D  [VRI[MainActivity]#0(BLAST Consumer)0](id:349e00000000,api:0,p:-1,c:13470) disconnect
2026-03-09 16:05:13.112 13470-13503 libEGL                  com.tacke.music                      E  pre_cache appList: ,,
2026-03-09 16:05:13.142 13470-13503 gralloc4                com.tacke.music                      E  Empty SMPTE 2094-40 data
2026-03-09 16:05:13.144 13470-13503 gralloc4                com.tacke.music                      E  Empty SMPTE 2094-40 data
2026-03-09 16:05:13.149 13470-13503 gralloc4                com.tacke.music                      E  Empty SMPTE 2094-40 data
2026-03-09 16:05:13.159 13470-13503 gralloc4                com.tacke.music                      E  Empty SMPTE 2094-40 data
2026-03-09 16:05:13.162 13470-13710 libMEOW                 com.tacke.music                      D  meow new tls: 0xb40000737bb9e5c0
2026-03-09 16:05:13.162 13470-13710 libMEOW                 com.tacke.music                      D  applied 1 plugins for [com.tacke.music]:
2026-03-09 16:05:13.162 13470-13710 libMEOW                 com.tacke.music                      D    plugin 1: [libMEOW_gift.so]:
2026-03-09 16:05:13.162 13470-13470 MiuiMultiWindowAdapter  com.tacke.music                      D  MiuiMultiWindowAdapter::getFreeformVideoWhiteListInSystem::LIST_ABOUT_SUPPORT_LANDSCAPE_VIDEO = [com.hunantv.imgo.activity, com.tencent.qqlive, com.qiyi.video, com.hunantv.imgo.activity.inter, com.tencent.qqlivei18n, com.iqiyi.i18n, tv.danmaku.bili]
2026-03-09 16:05:13.162 13470-13710 libMEOW                 com.tacke.music                      D  meow delete tls: 0xb40000737bb9e5c0
2026-03-09 16:05:13.166 13470-13503 gralloc4                com.tacke.music                      E  Empty SMPTE 2094-40 data
2026-03-09 16:05:13.171 13470-13506 ViewContentFactory      com.tacke.music                      D  initViewContentFetcherClass
2026-03-09 16:05:13.171 13470-13506 ContentCatcher          com.tacke.music                      I  ViewContentFetcher : ViewContentFetcher
2026-03-09 16:05:13.172 13470-13506 ViewContentFactory      com.tacke.music                      D  createInterceptor took 0ms
2026-03-09 16:05:13.175 13470-13503 gralloc4                com.tacke.music                      E  Empty SMPTE 2094-40 data
2026-03-09 16:05:13.183 13470-13503 gralloc4                com.tacke.music                      E  Empty SMPTE 2094-40 data
2026-03-09 16:05:13.191 13470-13503 gralloc4                com.tacke.music                      E  Empty SMPTE 2094-40 data
2026-03-09 16:05:13.193 13470-13470 IS_CTS_MODE             com.tacke.music                      D  false
2026-03-09 16:05:13.193 13470-13470 MULTI_WINDOW_ENABLED    com.tacke.music                      D  false
2026-03-09 16:05:13.194 13470-13470 DecorView[]             com.tacke.music                      D  getWindowModeFromSystem  windowmode is 1
2026-03-09 16:05:13.199 13470-13503 gralloc4                com.tacke.music                      E  Empty SMPTE 2094-40 data
2026-03-09 16:05:13.208 13470-13503 gralloc4                com.tacke.music                      E  Empty SMPTE 2094-40 data
2026-03-09 16:05:13.211 13470-13470 VRI[Playli...lActivity] com.tacke.music                      D  hardware acceleration = true, forceHwAccelerated = false
2026-03-09 16:05:13.212 13470-13470 DecorView[]             com.tacke.music                      D  getWindowModeFromSystem  windowmode is 1
2026-03-09 16:05:13.212 13470-13470 DecorView[]             com.tacke.music                      D  updateDecorCaptionStatus windowMode is 1
2026-03-09 16:05:13.216 13470-13503 gralloc4                com.tacke.music                      E  Empty SMPTE 2094-40 data
2026-03-09 16:05:13.222 13470-13503 gralloc4                com.tacke.music                      E  Empty SMPTE 2094-40 data
2026-03-09 16:05:13.232 13470-13503 gralloc4                com.tacke.music                      E  Empty SMPTE 2094-40 data
2026-03-09 16:05:13.242 13470-13503 gralloc4                com.tacke.music                      E  Empty SMPTE 2094-40 data
2026-03-09 16:05:13.244 13470-13470 BufferQueueConsumer     com.tacke.music                      D  [](id:349e00000002,api:0,p:-1,c:13470) connect: controlledByApp=false
2026-03-09 16:05:13.248 13470-13503 gralloc4                com.tacke.music                      E  Empty SMPTE 2094-40 data
2026-03-09 16:05:13.255 13470-13503 gralloc4                com.tacke.music                      E  Empty SMPTE 2094-40 data
2026-03-09 16:05:13.256 13470-13503 BLASTBufferQueue        com.tacke.music                      D  [VRI[PlaylistDetailActivity]#2](f:0,a:1) acquireNextBufferLocked size=1440x3200 mFrameNumber=1 applyTransaction=true mTimestamp=591364347625324(auto) mPendingTransactions.size=0 graphicBufferId=57853209477129 transform=0
2026-03-09 16:05:13.257 13470-13503 Parcel                  com.tacke.music                      W  Expecting binder but got null!
2026-03-09 16:05:13.257 13470-13503 gralloc4                com.tacke.music                      E  Empty SMPTE 2094-40 data
2026-03-09 16:05:13.261 13470-13470 DecorView[]             com.tacke.music                      D  onWindowFocusChanged hasWindowFocus false
2026-03-09 16:05:13.286  2463-2973  ActivityManagerWrapper  com.miui.home                        E  getRecentTasks: mainTaskId=2861   userId=0   baseIntent=Intent { act=android.intent.action.MAIN flag=270532608 cmp=ComponentInfo{com.tacke.music/com.tacke.music.ui.MainActivity} }
2026-03-09 16:05:13.297  2463-2973  ActivityManagerWrapper  com.miui.home                        E  getRecentTasks: mainTaskId=2861   userId=0   baseIntent=Intent { act=android.intent.action.MAIN flag=270532608 cmp=ComponentInfo{com.tacke.music/com.tacke.music.ui.MainActivity} }
2026-03-09 16:05:13.337 13470-13503 gralloc4                com.tacke.music                      E  Empty SMPTE 2094-40 data
2026-03-09 16:05:13.339 13470-13503 gralloc4                com.tacke.music                      E  Empty SMPTE 2094-40 data
2026-03-09 16:05:13.344 13470-13503 gralloc4                com.tacke.music                      E  Empty SMPTE 2094-40 data
2026-03-09 16:05:13.345 13470-13503 gralloc4                com.tacke.music                      E  Empty SMPTE 2094-40 data
2026-03-09 16:05:13.347 13470-13503 gralloc4                com.tacke.music                      E  Empty SMPTE 2094-40 data
2026-03-09 16:05:13.348 13470-13470 DecorView[]             com.tacke.music                      D  onWindowFocusChanged hasWindowFocus true
2026-03-09 16:05:13.348 13470-13470 HandWritingStubImpl     com.tacke.music                      I  refreshLastKeyboardType: 1
2026-03-09 16:05:13.348 13470-13470 HandWritingStubImpl     com.tacke.music                      I  getCurrentKeyboardType: 1
2026-03-09 16:05:13.353 13470-13503 gralloc4                com.tacke.music                      E  Empty SMPTE 2094-40 data
2026-03-09 16:05:13.355 13470-13503 gralloc4                com.tacke.music                      E  Empty SMPTE 2094-40 data
2026-03-09 16:05:13.367 13470-13503 gralloc4                com.tacke.music                      E  Empty SMPTE 2094-40 data
2026-03-09 16:05:13.369 13470-13503 gralloc4                com.tacke.music                      E  Empty SMPTE 2094-40 data
2026-03-09 16:05:13.372 13470-13503 gralloc4                com.tacke.music                      E  Empty SMPTE 2094-40 data
2026-03-09 16:05:13.374 13470-13503 gralloc4                com.tacke.music                      E  Empty SMPTE 2094-40 data
2026-03-09 16:05:13.378 13470-13503 gralloc4                com.tacke.music                      E  Empty SMPTE 2094-40 data
2026-03-09 16:05:13.379 13470-13503 gralloc4                com.tacke.music                      E  Empty SMPTE 2094-40 data
2026-03-09 16:05:13.389 13470-13503 gralloc4                com.tacke.music                      E  Empty SMPTE 2094-40 data
2026-03-09 16:05:13.390 13470-13503 gralloc4                com.tacke.music                      E  Empty SMPTE 2094-40 data
2026-03-09 16:05:13.395 13470-13503 gralloc4                com.tacke.music                      E  Empty SMPTE 2094-40 data
2026-03-09 16:05:13.396 13470-13503 gralloc4                com.tacke.music                      E  Empty SMPTE 2094-40 data
2026-03-09 16:05:13.404 13470-13503 gralloc4                com.tacke.music                      E  Empty SMPTE 2094-40 data
2026-03-09 16:05:13.405 13470-13503 gralloc4                com.tacke.music                      E  Empty SMPTE 2094-40 data
2026-03-09 16:05:13.416 13470-13503 gralloc4                com.tacke.music                      E  Empty SMPTE 2094-40 data
2026-03-09 16:05:13.417 13470-13503 gralloc4                com.tacke.music                      E  Empty SMPTE 2094-40 data
2026-03-09 16:05:13.421 13470-13503 gralloc4                com.tacke.music                      E  Empty SMPTE 2094-40 data
2026-03-09 16:05:13.423 13470-13503 gralloc4                com.tacke.music                      E  Empty SMPTE 2094-40 data
2026-03-09 16:05:13.429 13470-13503 gralloc4                com.tacke.music                      E  Empty SMPTE 2094-40 data
2026-03-09 16:05:13.432 13470-13503 gralloc4                com.tacke.music                      E  Empty SMPTE 2094-40 data
2026-03-09 16:05:13.438 13470-13503 gralloc4                com.tacke.music                      E  Empty SMPTE 2094-40 data
2026-03-09 16:05:13.439 13470-13503 gralloc4                com.tacke.music                      E  Empty SMPTE 2094-40 data
2026-03-09 16:05:13.446 13470-13503 gralloc4                com.tacke.music                      E  Empty SMPTE 2094-40 data
2026-03-09 16:05:13.453 13470-13503 gralloc4                com.tacke.music                      E  Empty SMPTE 2094-40 data
2026-03-09 16:05:13.461 13470-13503 gralloc4                com.tacke.music                      E  Empty SMPTE 2094-40 data
2026-03-09 16:05:13.470 13470-13503 gralloc4                com.tacke.music                      E  Empty SMPTE 2094-40 data
2026-03-09 16:05:13.478 13470-13503 gralloc4                com.tacke.music                      E  Empty SMPTE 2094-40 data
2026-03-09 16:05:13.487 13470-13503 gralloc4                com.tacke.music                      E  Empty SMPTE 2094-40 data
2026-03-09 16:05:13.495 13470-13503 gralloc4                com.tacke.music                      E  Empty SMPTE 2094-40 data
2026-03-09 16:05:13.503 13470-13503 gralloc4                com.tacke.music                      E  Empty SMPTE 2094-40 data
2026-03-09 16:05:13.511 13470-13503 gralloc4                com.tacke.music                      E  Empty SMPTE 2094-40 data
2026-03-09 16:05:13.519 13470-13503 gralloc4                com.tacke.music                      E  Empty SMPTE 2094-40 data
2026-03-09 16:05:13.528 13470-13503 gralloc4                com.tacke.music                      E  Empty SMPTE 2094-40 data
2026-03-09 16:05:13.536 13470-13503 gralloc4                com.tacke.music                      E  Empty SMPTE 2094-40 data
2026-03-09 16:05:13.544 13470-13503 gralloc4                com.tacke.music                      E  Empty SMPTE 2094-40 data
2026-03-09 16:05:13.552 13470-13503 gralloc4                com.tacke.music                      E  Empty SMPTE 2094-40 data
2026-03-09 16:05:13.561 13470-13503 gralloc4                com.tacke.music                      E  Empty SMPTE 2094-40 data
2026-03-09 16:05:13.569 13470-13503 gralloc4                com.tacke.music                      E  Empty SMPTE 2094-40 data
2026-03-09 16:05:13.578 13470-13503 gralloc4                com.tacke.music                      E  Empty SMPTE 2094-40 data
2026-03-09 16:05:13.587 13470-13503 gralloc4                com.tacke.music                      E  Empty SMPTE 2094-40 data
2026-03-09 16:05:13.594 13470-13503 gralloc4                com.tacke.music                      E  Empty SMPTE 2094-40 data
2026-03-09 16:05:13.603 13470-13503 gralloc4                com.tacke.music                      E  Empty SMPTE 2094-40 data
2026-03-09 16:05:13.611 13470-13503 gralloc4                com.tacke.music                      E  Empty SMPTE 2094-40 data
2026-03-09 16:05:13.619 13470-13503 gralloc4                com.tacke.music                      E  Empty SMPTE 2094-40 data
2026-03-09 16:05:13.627 13470-13503 gralloc4                com.tacke.music                      E  Empty SMPTE 2094-40 data
2026-03-09 16:05:13.636 13470-13503 gralloc4                com.tacke.music                      E  Empty SMPTE 2094-40 data
2026-03-09 16:05:13.644 13470-13503 gralloc4                com.tacke.music                      E  Empty SMPTE 2094-40 data
2026-03-09 16:05:13.652 13470-13503 gralloc4                com.tacke.music                      E  Empty SMPTE 2094-40 data
2026-03-09 16:05:13.660 13470-13503 gralloc4                com.tacke.music                      E  Empty SMPTE 2094-40 data
2026-03-09 16:05:13.669 13470-13503 gralloc4                com.tacke.music                      E  Empty SMPTE 2094-40 data
2026-03-09 16:05:13.677 13470-13503 gralloc4                com.tacke.music                      E  Empty SMPTE 2094-40 data
2026-03-09 16:05:13.685 13470-13503 gralloc4                com.tacke.music                      E  Empty SMPTE 2094-40 data
2026-03-09 16:05:13.693 13470-13503 gralloc4                com.tacke.music                      E  Empty SMPTE 2094-40 data
2026-03-09 16:05:13.701 13470-13503 gralloc4                com.tacke.music                      E  Empty SMPTE 2094-40 data
2026-03-09 16:05:13.710 13470-13503 gralloc4                com.tacke.music                      E  Empty SMPTE 2094-40 data
2026-03-09 16:05:13.718 13470-13503 gralloc4                com.tacke.music                      E  Empty SMPTE 2094-40 data
2026-03-09 16:05:13.726 13470-13503 gralloc4                com.tacke.music                      E  Empty SMPTE 2094-40 data
2026-03-09 16:05:13.735 13470-13503 gralloc4                com.tacke.music                      E  Empty SMPTE 2094-40 data
2026-03-09 16:05:13.743 13470-13503 gralloc4                com.tacke.music                      E  Empty SMPTE 2094-40 data
2026-03-09 16:05:13.751 13470-13503 gralloc4                com.tacke.music                      E  Empty SMPTE 2094-40 data
2026-03-09 16:05:13.759 13470-13503 gralloc4                com.tacke.music                      E  Empty SMPTE 2094-40 data
2026-03-09 16:05:13.767 13470-13503 gralloc4                com.tacke.music                      E  Empty SMPTE 2094-40 data
2026-03-09 16:05:13.786 13470-13503 OpenGLRenderer          com.tacke.music                      D  endAllActiveAnimators on 0xb40000737bad9d00 (CardView) with handle 0xb400007381686900
2026-03-09 16:05:13.797 13470-13470 BLASTBufferQueue        com.tacke.music                      D  [VRI[ProfileActivity]#1](f:0,a:1) destructor()
2026-03-09 16:05:13.798 13470-13470 BufferQueueConsumer     com.tacke.music                      D  [VRI[ProfileActivity]#1(BLAST Consumer)1](id:349e00000001,api:0,p:-1,c:13470) disconnect
2026-03-09 16:05:13.926 13470-13470 skia                    com.tacke.music                      D  SkJpegCodec::onGetPixels +
2026-03-09 16:05:13.926 13470-13470 DMABUFHEAPS             com.tacke.music                      I  Using DMA-BUF heap named: mtk_mm
2026-03-09 16:05:13.927 13470-13470 skia                    com.tacke.music                      D  stream getLength() not supported, use temp buffer for loading stream, buffer addr 0x7364de0000 length 371343
2026-03-09 16:05:13.927 13470-13470 skia                    com.tacke.music                      D  LoadInputStreamToMem va 0x7364de0000  size 373632
2026-03-09 16:05:13.927 13470-13470 libjpeg-alpha           com.tacke.music                      D  Huffman Builder run in subthread
2026-03-09 16:05:13.927 13470-13470 libjpeg-alpha           com.tacke.music                      D  Tile Decoder (#thread:4, size:512 256 256 256x320, alignment:256x16)
2026-03-09 16:05:13.929 13470-13750 libjpeg-alpha           com.tacke.music                      D  [Hybrid] Wait IRQ thread (13750)
2026-03-09 16:05:13.932 13470-13750 libjpeg-alpha           com.tacke.music                      D  [Hybrid] Wait IRQ thread terminated
2026-03-09 16:05:13.936 13470-13470 skia                    com.tacke.music                      D  SkJpegCodec::onGetPixels -
2026-03-09 16:05:13.948 13470-13470 BufferQueueConsumer     com.tacke.music                      D  [](id:349e00000003,api:0,p:-1,c:13470) connect: controlledByApp=false
2026-03-09 16:05:13.958 13470-13503 gralloc4                com.tacke.music                      E  Empty SMPTE 2094-40 data
2026-03-09 16:05:13.958 13470-13503 BLASTBufferQueue        com.tacke.music                      D  [VRI[ProfileActivity]#3](f:0,a:1) acquireNextBufferLocked size=1440x3200 mFrameNumber=1 applyTransaction=true mTimestamp=591365050297247(auto) mPendingTransactions.size=0 graphicBufferId=57853209477132 transform=0
2026-03-09 16:05:13.962 13470-13470 DecorView[]             com.tacke.music                      D  onWindowFocusChanged hasWindowFocus false
2026-03-09 16:05:13.966 13470-13470 skia                    com.tacke.music                      D  SkJpegCodec::onGetPixels +
2026-03-09 16:05:13.967 13470-13470 DMABUFHEAPS             com.tacke.music                      I  Using DMA-BUF heap named: mtk_mm
2026-03-09 16:05:13.970 13470-13470 skia                    com.tacke.music                      D  stream getLength() not supported, use temp buffer for loading stream, buffer addr 0x7364de0000 length 371343
2026-03-09 16:05:13.970 13470-13470 skia                    com.tacke.music                      D  LoadInputStreamToMem va 0x7364de0000  size 373632
2026-03-09 16:05:13.971 13470-13470 libjpeg-alpha           com.tacke.music                      D  Huffman Builder run in subthread
2026-03-09 16:05:13.971 13470-13470 libjpeg-alpha           com.tacke.music                      D  Tile Decoder (#thread:4, size:512 256 256 256x320, alignment:256x16)
2026-03-09 16:05:13.972 13470-13758 libjpeg-alpha           com.tacke.music                      D  [Hybrid] Wait IRQ thread (13758)
2026-03-09 16:05:13.975 13470-13758 libjpeg-alpha           com.tacke.music                      D  [Hybrid] Wait IRQ thread terminated
2026-03-09 16:05:13.979 13470-13470 skia                    com.tacke.music                      D  SkJpegCodec::onGetPixels -
2026-03-09 16:05:13.986 13470-13503 gralloc4                com.tacke.music                      E  Empty SMPTE 2094-40 data
2026-03-09 16:05:13.988 13470-13503 gralloc4                com.tacke.music                      E  Empty SMPTE 2094-40 data
2026-03-09 16:05:13.990 13470-13503 gralloc4                com.tacke.music                      E  Empty SMPTE 2094-40 data
2026-03-09 16:05:13.991 13470-13470 DecorView[]             com.tacke.music                      D  onWindowFocusChanged hasWindowFocus true
2026-03-09 16:05:13.991 13470-13470 HandWritingStubImpl     com.tacke.music                      I  refreshLastKeyboardType: 1
2026-03-09 16:05:13.991 13470-13470 HandWritingStubImpl     com.tacke.music                      I  getCurrentKeyboardType: 1
2026-03-09 16:05:13.999 13470-13503 gralloc4                com.tacke.music                      E  Empty SMPTE 2094-40 data
2026-03-09 16:05:14.000 13470-13503 gralloc4                com.tacke.music                      E  Empty SMPTE 2094-40 data
2026-03-09 16:05:14.006 13470-13503 gralloc4                com.tacke.music                      E  Empty SMPTE 2094-40 data
2026-03-09 16:05:14.007 13470-13503 gralloc4                com.tacke.music                      E  Empty SMPTE 2094-40 data
2026-03-09 16:05:14.013 13470-13503 gralloc4                com.tacke.music                      E  Empty SMPTE 2094-40 data
2026-03-09 16:05:14.014 13470-13503 gralloc4                com.tacke.music                      E  Empty SMPTE 2094-40 data
2026-03-09 16:05:14.022 13470-13503 gralloc4                com.tacke.music                      E  Empty SMPTE 2094-40 data
2026-03-09 16:05:14.023 13470-13503 gralloc4                com.tacke.music                      E  Empty SMPTE 2094-40 data
2026-03-09 16:05:14.025  2463-2973  ActivityManagerWrapper  com.miui.home                        E  getRecentTasks: mainTaskId=2861   userId=0   baseIntent=Intent { act=android.intent.action.MAIN flag=270532608 cmp=ComponentInfo{com.tacke.music/com.tacke.music.ui.MainActivity} }
2026-03-09 16:05:14.030 13470-13503 gralloc4                com.tacke.music                      E  Empty SMPTE 2094-40 data
2026-03-09 16:05:14.033 13470-13503 gralloc4                com.tacke.music                      E  Empty SMPTE 2094-40 data
2026-03-09 16:05:14.034  2463-2973  ActivityManagerWrapper  com.miui.home                        E  getRecentTasks: mainTaskId=2861   userId=0   baseIntent=Intent { act=android.intent.action.MAIN flag=270532608 cmp=ComponentInfo{com.tacke.music/com.tacke.music.ui.MainActivity} }
2026-03-09 16:05:14.038 13470-13503 gralloc4                com.tacke.music                      E  Empty SMPTE 2094-40 data
2026-03-09 16:05:14.040 13470-13503 gralloc4                com.tacke.music                      E  Empty SMPTE 2094-40 data
2026-03-09 16:05:14.050 13470-13503 gralloc4                com.tacke.music                      E  Empty SMPTE 2094-40 data
2026-03-09 16:05:14.051 13470-13503 gralloc4                com.tacke.music                      E  Empty SMPTE 2094-40 data
2026-03-09 16:05:14.055 13470-13503 gralloc4                com.tacke.music                      E  Empty SMPTE 2094-40 data
2026-03-09 16:05:14.056 13470-13503 gralloc4                com.tacke.music                      E  Empty SMPTE 2094-40 data
2026-03-09 16:05:14.063 13470-13503 gralloc4                com.tacke.music                      E  Empty SMPTE 2094-40 data
2026-03-09 16:05:14.064 13470-13503 gralloc4                com.tacke.music                      E  Empty SMPTE 2094-40 data
2026-03-09 16:05:14.071 13470-13503 gralloc4                com.tacke.music                      E  Empty SMPTE 2094-40 data
2026-03-09 16:05:14.073 13470-13503 gralloc4                com.tacke.music                      E  Empty SMPTE 2094-40 data
2026-03-09 16:05:14.080 13470-13503 gralloc4                com.tacke.music                      E  Empty SMPTE 2094-40 data
2026-03-09 16:05:14.089 13470-13503 gralloc4                com.tacke.music                      E  Empty SMPTE 2094-40 data
2026-03-09 16:05:14.483 13470-13470 BLASTBufferQueue        com.tacke.music                      D  [VRI[PlaylistDetailActivity]#2](f:0,a:1) destructor()
2026-03-09 16:05:14.483 13470-13470 BufferQueueConsumer     com.tacke.music                      D  [VRI[PlaylistDetailActivity]#2(BLAST Consumer)2](id:349e00000002,api:0,p:-1,c:13470) disconnect
2026-03-09 16:05:14.500 13470-13470 View                    com.tacke.music                      D  [Warning] assignParent to null: this = DecorView@1b965b4[PlaylistDetailActivity]
2026-03-09 16:05:15.539 13470-13773 ProfileInstaller        com.tacke.music                      D  Installing profile for com.tacke.music
2026-03-09 16:05:15.630 13470-13503 gralloc4                com.tacke.music                      E  Empty SMPTE 2094-40 data
2026-03-09 16:05:15.636 13470-13503 gralloc4                com.tacke.music                      E  Empty SMPTE 2094-40 data
2026-03-09 16:05:15.645 13470-13503 gralloc4                com.tacke.music                      E  Empty SMPTE 2094-40 data
2026-03-09 16:05:15.653 13470-13503 gralloc4                com.tacke.music                      E  Empty SMPTE 2094-40 data
2026-03-09 16:05:15.656 13470-13470 MiuiMultiWindowAdapter  com.tacke.music                      D  MiuiMultiWindowAdapter::getFreeformVideoWhiteListInSystem::LIST_ABOUT_SUPPORT_LANDSCAPE_VIDEO = [com.hunantv.imgo.activity, com.tencent.qqlive, com.qiyi.video, com.hunantv.imgo.activity.inter, com.tencent.qqlivei18n, com.iqiyi.i18n, tv.danmaku.bili]
2026-03-09 16:05:15.656 13470-13776 libMEOW                 com.tacke.music                      D  meow new tls: 0xb40000737bc83f00
2026-03-09 16:05:15.656 13470-13776 libMEOW                 com.tacke.music                      D  applied 1 plugins for [com.tacke.music]:
2026-03-09 16:05:15.656 13470-13776 libMEOW                 com.tacke.music                      D    plugin 1: [libMEOW_gift.so]:
2026-03-09 16:05:15.656 13470-13776 libMEOW                 com.tacke.music                      D  meow delete tls: 0xb40000737bc83f00
2026-03-09 16:05:15.663 13470-13503 gralloc4                com.tacke.music                      E  Empty SMPTE 2094-40 data
2026-03-09 16:05:15.666 13470-13506 ViewContentFactory      com.tacke.music                      D  initViewContentFetcherClass
2026-03-09 16:05:15.666 13470-13506 ContentCatcher          com.tacke.music                      I  ViewContentFetcher : ViewContentFetcher
2026-03-09 16:05:15.666 13470-13506 ViewContentFactory      com.tacke.music                      D  createInterceptor took 0ms
2026-03-09 16:05:15.673 13470-13503 gralloc4                com.tacke.music                      E  Empty SMPTE 2094-40 data
2026-03-09 16:05:15.684 13470-13503 gralloc4                com.tacke.music                      E  Empty SMPTE 2094-40 data
2026-03-09 16:05:15.689 13470-13470 IS_CTS_MODE             com.tacke.music                      D  false
2026-03-09 16:05:15.689 13470-13470 MULTI_WINDOW_ENABLED    com.tacke.music                      D  false
2026-03-09 16:05:15.690 13470-13503 gralloc4                com.tacke.music                      E  Empty SMPTE 2094-40 data
2026-03-09 16:05:15.692 13470-13470 DecorView[]             com.tacke.music                      D  getWindowModeFromSystem  windowmode is 1
2026-03-09 16:05:15.700 13470-13503 gralloc4                com.tacke.music                      E  Empty SMPTE 2094-40 data
2026-03-09 16:05:15.708 13470-13503 gralloc4                com.tacke.music                      E  Empty SMPTE 2094-40 data
2026-03-09 16:05:15.715 13470-13503 gralloc4                com.tacke.music                      E  Empty SMPTE 2094-40 data
2026-03-09 16:05:15.724 13470-13503 gralloc4                com.tacke.music                      E  Empty SMPTE 2094-40 data
2026-03-09 16:05:15.725 13470-13470 VRI[DownloadActivity]   com.tacke.music                      D  hardware acceleration = true, forceHwAccelerated = false
2026-03-09 16:05:15.726 13470-13470 DecorView[]             com.tacke.music                      D  getWindowModeFromSystem  windowmode is 1
2026-03-09 16:05:15.726 13470-13470 DecorView[]             com.tacke.music                      D  updateDecorCaptionStatus windowMode is 1
2026-03-09 16:05:15.730 13470-13503 gralloc4                com.tacke.music                      E  Empty SMPTE 2094-40 data
2026-03-09 16:05:15.740 13470-13503 gralloc4                com.tacke.music                      E  Empty SMPTE 2094-40 data
2026-03-09 16:05:15.747 13470-13503 gralloc4                com.tacke.music                      E  Empty SMPTE 2094-40 data
2026-03-09 16:05:15.755 13470-13470 BufferQueueConsumer     com.tacke.music                      D  [](id:349e00000004,api:0,p:-1,c:13470) connect: controlledByApp=false
2026-03-09 16:05:15.758 13470-13503 gralloc4                com.tacke.music                      E  Empty SMPTE 2094-40 data
2026-03-09 16:05:15.760  2463-2973  ActivityManagerWrapper  com.miui.home                        E  getRecentTasks: mainTaskId=2861   userId=0   baseIntent=Intent { act=android.intent.action.MAIN flag=270532608 cmp=ComponentInfo{com.tacke.music/com.tacke.music.ui.MainActivity} }
2026-03-09 16:05:15.765 13470-13503 gralloc4                com.tacke.music                      E  Empty SMPTE 2094-40 data
2026-03-09 16:05:15.773  2463-2973  ActivityManagerWrapper  com.miui.home                        E  getRecentTasks: mainTaskId=2861   userId=0   baseIntent=Intent { act=android.intent.action.MAIN flag=270532608 cmp=ComponentInfo{com.tacke.music/com.tacke.music.ui.MainActivity} }
2026-03-09 16:05:15.782 13470-13503 gralloc4                com.tacke.music                      E  Empty SMPTE 2094-40 data
2026-03-09 16:05:15.782 13470-13503 BLASTBufferQueue        com.tacke.music                      D  [VRI[DownloadActivity]#4](f:0,a:1) acquireNextBufferLocked size=1440x3200 mFrameNumber=1 applyTransaction=true mTimestamp=591366874451093(auto) mPendingTransactions.size=0 graphicBufferId=57853209477137 transform=0
2026-03-09 16:05:15.783 13470-13503 Parcel                  com.tacke.music                      W  Expecting binder but got null!
2026-03-09 16:05:15.784 13470-13503 gralloc4                com.tacke.music                      E  Empty SMPTE 2094-40 data
2026-03-09 16:05:15.785 13470-13470 DecorView[]             com.tacke.music                      D  onWindowFocusChanged hasWindowFocus false
2026-03-09 16:05:15.788 13470-13503 gralloc4                com.tacke.music                      E  Empty SMPTE 2094-40 data
2026-03-09 16:05:15.791 13470-13503 gralloc4                com.tacke.music                      E  Empty SMPTE 2094-40 data
2026-03-09 16:05:15.799 13470-13503 gralloc4                com.tacke.music                      E  Empty SMPTE 2094-40 data
2026-03-09 16:05:15.801 13470-13503 gralloc4                com.tacke.music                      E  Empty SMPTE 2094-40 data
2026-03-09 16:05:15.804 13470-13503 gralloc4                com.tacke.music                      E  Empty SMPTE 2094-40 data
2026-03-09 16:05:15.806 13470-13503 gralloc4                com.tacke.music                      E  Empty SMPTE 2094-40 data
2026-03-09 16:05:15.809 13470-13470 DecorView[]             com.tacke.music                      D  onWindowFocusChanged hasWindowFocus true
2026-03-09 16:05:15.810 13470-13470 HandWritingStubImpl     com.tacke.music                      I  refreshLastKeyboardType: 1
2026-03-09 16:05:15.810 13470-13470 HandWritingStubImpl     com.tacke.music                      I  getCurrentKeyboardType: 1
2026-03-09 16:05:15.815 13470-13503 gralloc4                com.tacke.music                      E  Empty SMPTE 2094-40 data
2026-03-09 16:05:15.818 13470-13503 gralloc4                com.tacke.music                      E  Empty SMPTE 2094-40 data
2026-03-09 16:05:15.823 13470-13503 gralloc4                com.tacke.music                      E  Empty SMPTE 2094-40 data
2026-03-09 16:05:15.825 13470-13503 gralloc4                com.tacke.music                      E  Empty SMPTE 2094-40 data
2026-03-09 16:05:15.830 13470-13503 gralloc4                com.tacke.music                      E  Empty SMPTE 2094-40 data
2026-03-09 16:05:15.831 13470-13503 gralloc4                com.tacke.music                      E  Empty SMPTE 2094-40 data
2026-03-09 16:05:15.838 13470-13503 gralloc4                com.tacke.music                      E  Empty SMPTE 2094-40 data
2026-03-09 16:05:15.839 13470-13503 gralloc4                com.tacke.music                      E  Empty SMPTE 2094-40 data
2026-03-09 16:05:15.846 13470-13503 gralloc4                com.tacke.music                      E  Empty SMPTE 2094-40 data
2026-03-09 16:05:15.847 13470-13503 gralloc4                com.tacke.music                      E  Empty SMPTE 2094-40 data
2026-03-09 16:05:15.856 13470-13503 gralloc4                com.tacke.music                      E  Empty SMPTE 2094-40 data
2026-03-09 16:05:15.857 13470-13503 gralloc4                com.tacke.music                      E  Empty SMPTE 2094-40 data
2026-03-09 16:05:15.863 13470-13503 gralloc4                com.tacke.music                      E  Empty SMPTE 2094-40 data
2026-03-09 16:05:15.864 13470-13503 gralloc4                com.tacke.music                      E  Empty SMPTE 2094-40 data
2026-03-09 16:05:15.874 13470-13503 gralloc4                com.tacke.music                      E  Empty SMPTE 2094-40 data
2026-03-09 16:05:15.875 13470-13503 gralloc4                com.tacke.music                      E  Empty SMPTE 2094-40 data
2026-03-09 16:05:15.879 13470-13503 gralloc4                com.tacke.music                      E  Empty SMPTE 2094-40 data
2026-03-09 16:05:15.880 13470-13503 gralloc4                com.tacke.music                      E  Empty SMPTE 2094-40 data
2026-03-09 16:05:15.887 13470-13503 gralloc4                com.tacke.music                      E  Empty SMPTE 2094-40 data
2026-03-09 16:05:15.888 13470-13503 gralloc4                com.tacke.music                      E  Empty SMPTE 2094-40 data
2026-03-09 16:05:15.895 13470-13503 gralloc4                com.tacke.music                      E  Empty SMPTE 2094-40 data
2026-03-09 16:05:15.898 13470-13503 gralloc4                com.tacke.music                      E  Empty SMPTE 2094-40 data
2026-03-09 16:05:15.904 13470-13503 gralloc4                com.tacke.music                      E  Empty SMPTE 2094-40 data
2026-03-09 16:05:15.906 13470-13503 gralloc4                com.tacke.music                      E  Empty SMPTE 2094-40 data
2026-03-09 16:05:15.913 13470-13503 gralloc4                com.tacke.music                      E  Empty SMPTE 2094-40 data
2026-03-09 16:05:15.921 13470-13503 gralloc4                com.tacke.music                      E  Empty SMPTE 2094-40 data
2026-03-09 16:05:15.929 13470-13503 gralloc4                com.tacke.music                      E  Empty SMPTE 2094-40 data
2026-03-09 16:05:15.937 13470-13503 gralloc4                com.tacke.music                      E  Empty SMPTE 2094-40 data
2026-03-09 16:05:15.945 13470-13503 gralloc4                com.tacke.music                      E  Empty SMPTE 2094-40 data
2026-03-09 16:05:15.955 13470-13503 gralloc4                com.tacke.music                      E  Empty SMPTE 2094-40 data
2026-03-09 16:05:15.962 13470-13503 gralloc4                com.tacke.music                      E  Empty SMPTE 2094-40 data
2026-03-09 16:05:15.970 13470-13503 gralloc4                com.tacke.music                      E  Empty SMPTE 2094-40 data
2026-03-09 16:05:15.979 13470-13503 gralloc4                com.tacke.music                      E  Empty SMPTE 2094-40 data
2026-03-09 16:05:15.987 13470-13503 gralloc4                com.tacke.music                      E  Empty SMPTE 2094-40 data
2026-03-09 16:05:15.995 13470-13503 gralloc4                com.tacke.music                      E  Empty SMPTE 2094-40 data
2026-03-09 16:05:16.004 13470-13503 gralloc4                com.tacke.music                      E  Empty SMPTE 2094-40 data
2026-03-09 16:05:16.012 13470-13503 gralloc4                com.tacke.music                      E  Empty SMPTE 2094-40 data
2026-03-09 16:05:16.020 13470-13503 gralloc4                com.tacke.music                      E  Empty SMPTE 2094-40 data
2026-03-09 16:05:16.028 13470-13503 gralloc4                com.tacke.music                      E  Empty SMPTE 2094-40 data
2026-03-09 16:05:16.037 13470-13503 gralloc4                com.tacke.music                      E  Empty SMPTE 2094-40 data
2026-03-09 16:05:16.045 13470-13503 gralloc4                com.tacke.music                      E  Empty SMPTE 2094-40 data
2026-03-09 16:05:16.053 13470-13503 gralloc4                com.tacke.music                      E  Empty SMPTE 2094-40 data
2026-03-09 16:05:16.063 13470-13503 gralloc4                com.tacke.music                      E  Empty SMPTE 2094-40 data
2026-03-09 16:05:16.069 13470-13503 gralloc4                com.tacke.music                      E  Empty SMPTE 2094-40 data
2026-03-09 16:05:16.078 13470-13503 gralloc4                com.tacke.music                      E  Empty SMPTE 2094-40 data
2026-03-09 16:05:16.086 13470-13503 gralloc4                com.tacke.music                      E  Empty SMPTE 2094-40 data
2026-03-09 16:05:16.094 13470-13503 gralloc4                com.tacke.music                      E  Empty SMPTE 2094-40 data
2026-03-09 16:05:16.103 13470-13503 gralloc4                com.tacke.music                      E  Empty SMPTE 2094-40 data
2026-03-09 16:05:16.111 13470-13503 gralloc4                com.tacke.music                      E  Empty SMPTE 2094-40 data
2026-03-09 16:05:16.119 13470-13503 gralloc4                com.tacke.music                      E  Empty SMPTE 2094-40 data
2026-03-09 16:05:16.127 13470-13503 gralloc4                com.tacke.music                      E  Empty SMPTE 2094-40 data
2026-03-09 16:05:16.136 13470-13503 gralloc4                com.tacke.music                      E  Empty SMPTE 2094-40 data
2026-03-09 16:05:16.144 13470-13503 gralloc4                com.tacke.music                      E  Empty SMPTE 2094-40 data
2026-03-09 16:05:16.152 13470-13503 gralloc4                com.tacke.music                      E  Empty SMPTE 2094-40 data
2026-03-09 16:05:16.160 13470-13503 gralloc4                com.tacke.music                      E  Empty SMPTE 2094-40 data
2026-03-09 16:05:16.168 13470-13503 gralloc4                com.tacke.music                      E  Empty SMPTE 2094-40 data
2026-03-09 16:05:16.177 13470-13503 gralloc4                com.tacke.music                      E  Empty SMPTE 2094-40 data
2026-03-09 16:05:16.185 13470-13503 gralloc4                com.tacke.music                      E  Empty SMPTE 2094-40 data
2026-03-09 16:05:16.193 13470-13503 gralloc4                com.tacke.music                      E  Empty SMPTE 2094-40 data
2026-03-09 16:05:16.201 13470-13503 gralloc4                com.tacke.music                      E  Empty SMPTE 2094-40 data
2026-03-09 16:05:16.210 13470-13503 gralloc4                com.tacke.music                      E  Empty SMPTE 2094-40 data
2026-03-09 16:05:16.218 13470-13503 gralloc4                com.tacke.music                      E  Empty SMPTE 2094-40 data
2026-03-09 16:05:16.226 13470-13503 gralloc4                com.tacke.music                      E  Empty SMPTE 2094-40 data
2026-03-09 16:05:16.234 13470-13503 gralloc4                com.tacke.music                      E  Empty SMPTE 2094-40 data
2026-03-09 16:05:16.243 13470-13503 gralloc4                com.tacke.music                      E  Empty SMPTE 2094-40 data
2026-03-09 16:05:16.251 13470-13503 gralloc4                com.tacke.music                      E  Empty SMPTE 2094-40 data
2026-03-09 16:05:16.259 13470-13503 gralloc4                com.tacke.music                      E  Empty SMPTE 2094-40 data
2026-03-09 16:05:16.267 13470-13503 gralloc4                com.tacke.music                      E  Empty SMPTE 2094-40 data
2026-03-09 16:05:16.276 13470-13503 gralloc4                com.tacke.music                      E  Empty SMPTE 2094-40 data
2026-03-09 16:05:16.284 13470-13503 gralloc4                com.tacke.music                      E  Empty SMPTE 2094-40 data
2026-03-09 16:05:16.292 13470-13503 gralloc4                com.tacke.music                      E  Empty SMPTE 2094-40 data
2026-03-09 16:05:16.308 13470-13503 OpenGLRenderer          com.tacke.music                      D  endAllActiveAnimators on 0xb40000737b92dc00 (LinearLayout) with handle 0xb400007402b4a300
2026-03-09 16:05:16.316 13470-13470 BLASTBufferQueue        com.tacke.music                      D  [VRI[ProfileActivity]#3](f:0,a:1) destructor()
2026-03-09 16:05:16.317 13470-13470 BufferQueueConsumer     com.tacke.music                      D  [VRI[ProfileActivity]#3(BLAST Consumer)3](id:349e00000003,api:0,p:-1,c:13470) disconnect
2026-03-09 16:05:16.425 13470-13503 gralloc4                com.tacke.music                      E  Empty SMPTE 2094-40 data
2026-03-09 16:05:16.432 13470-13503 gralloc4                com.tacke.music                      E  Empty SMPTE 2094-40 data
2026-03-09 16:05:16.440 13470-13503 gralloc4                com.tacke.music                      E  Empty SMPTE 2094-40 data
2026-03-09 16:05:16.447 13470-13503 gralloc4                com.tacke.music                      E  Empty SMPTE 2094-40 data
2026-03-09 16:05:16.456 13470-13503 gralloc4                com.tacke.music                      E  Empty SMPTE 2094-40 data
2026-03-09 16:05:16.475 13470-13503 gralloc4                com.tacke.music                      E  Empty SMPTE 2094-40 data
2026-03-09 16:05:16.482 13470-13503 gralloc4                com.tacke.music                      E  Empty SMPTE 2094-40 data
2026-03-09 16:05:16.491 13470-13503 gralloc4                com.tacke.music                      E  Empty SMPTE 2094-40 data
2026-03-09 16:05:16.499 13470-13503 gralloc4                com.tacke.music                      E  Empty SMPTE 2094-40 data
2026-03-09 16:05:16.510 13470-13503 gralloc4                com.tacke.music                      E  Empty SMPTE 2094-40 data
2026-03-09 16:05:16.516 13470-13503 gralloc4                com.tacke.music                      E  Empty SMPTE 2094-40 data
2026-03-09 16:05:16.525 13470-13503 gralloc4                com.tacke.music                      E  Empty SMPTE 2094-40 data
2026-03-09 16:05:16.531 13470-13503 gralloc4                com.tacke.music                      E  Empty SMPTE 2094-40 data
2026-03-09 16:05:16.540 13470-13503 gralloc4                com.tacke.music                      E  Empty SMPTE 2094-40 data
2026-03-09 16:05:16.550 13470-13503 gralloc4                com.tacke.music                      E  Empty SMPTE 2094-40 data
2026-03-09 16:05:16.557 13470-13503 gralloc4                com.tacke.music                      E  Empty SMPTE 2094-40 data
2026-03-09 16:05:16.566 13470-13503 gralloc4                com.tacke.music                      E  Empty SMPTE 2094-40 data
2026-03-09 16:05:16.574 13470-13503 gralloc4                com.tacke.music                      E  Empty SMPTE 2094-40 data
2026-03-09 16:05:16.582 13470-13503 gralloc4                com.tacke.music                      E  Empty SMPTE 2094-40 data
2026-03-09 16:05:16.591 13470-13503 gralloc4                com.tacke.music                      E  Empty SMPTE 2094-40 data
2026-03-09 16:05:16.597 13470-13503 gralloc4                com.tacke.music                      E  Empty SMPTE 2094-40 data
2026-03-09 16:05:16.606 13470-13503 gralloc4                com.tacke.music                      E  Empty SMPTE 2094-40 data
2026-03-09 16:05:16.615 13470-13503 gralloc4                com.tacke.music                      E  Empty SMPTE 2094-40 data
2026-03-09 16:05:16.622 13470-13503 gralloc4                com.tacke.music                      E  Empty SMPTE 2094-40 data
2026-03-09 16:05:16.630 13470-13503 gralloc4                com.tacke.music                      E  Empty SMPTE 2094-40 data
2026-03-09 16:05:16.640 13470-13503 gralloc4                com.tacke.music                      E  Empty SMPTE 2094-40 data
2026-03-09 16:05:16.647 13470-13503 gralloc4                com.tacke.music                      E  Empty SMPTE 2094-40 data
2026-03-09 16:05:16.656 13470-13503 gralloc4                com.tacke.music                      E  Empty SMPTE 2094-40 data
2026-03-09 16:05:16.664 13470-13503 gralloc4                com.tacke.music                      E  Empty SMPTE 2094-40 data
2026-03-09 16:05:16.672 13470-13503 gralloc4                com.tacke.music                      E  Empty SMPTE 2094-40 data
2026-03-09 16:05:16.680 13470-13503 gralloc4                com.tacke.music                      E  Empty SMPTE 2094-40 data
2026-03-09 16:05:16.689 13470-13503 gralloc4                com.tacke.music                      E  Empty SMPTE 2094-40 data
2026-03-09 16:05:16.697 13470-13503 gralloc4                com.tacke.music                      E  Empty SMPTE 2094-40 data
2026-03-09 16:05:16.705 13470-13503 gralloc4                com.tacke.music                      E  Empty SMPTE 2094-40 data
2026-03-09 16:05:16.713 13470-13503 gralloc4                com.tacke.music                      E  Empty SMPTE 2094-40 data
2026-03-09 16:05:16.721 13470-13503 gralloc4                com.tacke.music                      E  Empty SMPTE 2094-40 data
2026-03-09 16:05:16.730 13470-13503 gralloc4                com.tacke.music                      E  Empty SMPTE 2094-40 data
2026-03-09 16:05:16.738 13470-13503 gralloc4                com.tacke.music                      E  Empty SMPTE 2094-40 data
2026-03-09 16:05:16.747 13470-13503 gralloc4                com.tacke.music                      E  Empty SMPTE 2094-40 data
2026-03-09 16:05:16.755 13470-13503 gralloc4                com.tacke.music                      E  Empty SMPTE 2094-40 data
2026-03-09 16:05:16.763 13470-13503 gralloc4                com.tacke.music                      E  Empty SMPTE 2094-40 data
2026-03-09 16:05:16.772 13470-13503 gralloc4                com.tacke.music                      E  Empty SMPTE 2094-40 data
2026-03-09 16:05:16.779 13470-13503 gralloc4                com.tacke.music                      E  Empty SMPTE 2094-40 data
2026-03-09 16:05:16.788 13470-13503 gralloc4                com.tacke.music                      E  Empty SMPTE 2094-40 data
2026-03-09 16:05:16.796 13470-13503 gralloc4                com.tacke.music                      E  Empty SMPTE 2094-40 data
2026-03-09 16:05:16.805 13470-13503 gralloc4                com.tacke.music                      E  Empty SMPTE 2094-40 data
2026-03-09 16:05:16.813 13470-13503 gralloc4                com.tacke.music                      E  Empty SMPTE 2094-40 data
2026-03-09 16:05:16.821 13470-13503 gralloc4                com.tacke.music                      E  Empty SMPTE 2094-40 data
2026-03-09 16:05:16.829 13470-13503 gralloc4                com.tacke.music                      E  Empty SMPTE 2094-40 data
2026-03-09 16:05:16.837 13470-13503 gralloc4                com.tacke.music                      E  Empty SMPTE 2094-40 data
2026-03-09 16:05:16.846 13470-13503 gralloc4                com.tacke.music                      E  Empty SMPTE 2094-40 data
2026-03-09 16:05:16.854 13470-13503 gralloc4                com.tacke.music                      E  Empty SMPTE 2094-40 data
2026-03-09 16:05:16.862 13470-13503 gralloc4                com.tacke.music                      E  Empty SMPTE 2094-40 data
2026-03-09 16:05:16.871 13470-13503 gralloc4                com.tacke.music                      E  Empty SMPTE 2094-40 data
2026-03-09 16:05:16.879 13470-13503 gralloc4                com.tacke.music                      E  Empty SMPTE 2094-40 data
2026-03-09 16:05:16.886 13470-13503 gralloc4                com.tacke.music                      E  Empty SMPTE 2094-40 data
2026-03-09 16:05:16.895 13470-13503 gralloc4                com.tacke.music                      E  Empty SMPTE 2094-40 data
2026-03-09 16:05:16.903 13470-13503 gralloc4                com.tacke.music                      E  Empty SMPTE 2094-40 data
2026-03-09 16:05:16.912 13470-13503 gralloc4                com.tacke.music                      E  Empty SMPTE 2094-40 data
2026-03-09 16:05:16.920 13470-13503 gralloc4                com.tacke.music                      E  Empty SMPTE 2094-40 data
2026-03-09 16:05:16.928 13470-13503 gralloc4                com.tacke.music                      E  Empty SMPTE 2094-40 data
2026-03-09 16:05:16.936 13470-13503 gralloc4                com.tacke.music                      E  Empty SMPTE 2094-40 data
2026-03-09 16:05:16.945 13470-13503 gralloc4                com.tacke.music                      E  Empty SMPTE 2094-40 data
2026-03-09 16:05:16.952 13470-13503 gralloc4                com.tacke.music                      E  Empty SMPTE 2094-40 data
2026-03-09 16:05:16.961 13470-13503 gralloc4                com.tacke.music                      E  Empty SMPTE 2094-40 data
2026-03-09 16:05:16.969 13470-13503 gralloc4                com.tacke.music                      E  Empty SMPTE 2094-40 data
2026-03-09 16:05:16.977 13470-13503 gralloc4                com.tacke.music                      E  Empty SMPTE 2094-40 data
2026-03-09 16:05:16.986 13470-13503 gralloc4                com.tacke.music                      E  Empty SMPTE 2094-40 data
2026-03-09 16:05:16.993 13470-13503 gralloc4                com.tacke.music                      E  Empty SMPTE 2094-40 data
2026-03-09 16:05:17.002 13470-13503 gralloc4                com.tacke.music                      E  Empty SMPTE 2094-40 data
2026-03-09 16:05:17.010 13470-13503 gralloc4                com.tacke.music                      E  Empty SMPTE 2094-40 data
2026-03-09 16:05:17.019 13470-13503 gralloc4                com.tacke.music                      E  Empty SMPTE 2094-40 data
2026-03-09 16:05:17.028 13470-13503 gralloc4                com.tacke.music                      E  Empty SMPTE 2094-40 data
2026-03-09 16:05:17.034 13470-13503 gralloc4                com.tacke.music                      E  Empty SMPTE 2094-40 data
2026-03-09 16:05:17.044 13470-13503 gralloc4                com.tacke.music                      E  Empty SMPTE 2094-40 data
2026-03-09 16:05:17.051 13470-13503 gralloc4                com.tacke.music                      E  Empty SMPTE 2094-40 data
2026-03-09 16:05:17.060 13470-13503 gralloc4                com.tacke.music                      E  Empty SMPTE 2094-40 data
2026-03-09 16:05:17.067 13470-13503 gralloc4                com.tacke.music                      E  Empty SMPTE 2094-40 data
2026-03-09 16:05:17.076 13470-13503 gralloc4                com.tacke.music                      E  Empty SMPTE 2094-40 data
2026-03-09 16:05:17.083 13470-13503 gralloc4                com.tacke.music                      E  Empty SMPTE 2094-40 data
2026-03-09 16:05:17.092 13470-13503 gralloc4                com.tacke.music                      E  Empty SMPTE 2094-40 data
2026-03-09 16:05:17.107 13470-13470 skia                    com.tacke.music                      D  SkJpegCodec::onGetPixels +
